2026-10-01T10:54:48.619052+00:00 up -d backend worker
 Network matrix-scenario-2_default Creating 
 Network matrix-scenario-2_default Creating 
 Network matrix-scenario-2_default Created 
 Network matrix-scenario-2_default Created 
 Container matrix-scenario-2-postgres-1 Creating 
 Container matrix-scenario-2-redis-1 Creating 
 Container matrix-scenario-2-storage-1 Creating 
 Container matrix-scenario-2-storage-1 Created 
 Container matrix-scenario-2-storage-init-1 Creating 
 Container matrix-scenario-2-redis-1 Created 
 Container matrix-scenario-2-postgres-1 Created 
 Container matrix-scenario-2-migrate-1 Creating 
 Container matrix-scenario-2-storage-init-1 Created 
 Container matrix-scenario-2-migrate-1 Created 
 Container matrix-scenario-2-worker-1 Creating 
 Container matrix-scenario-2-backend-1 Creating 
 Container matrix-scenario-2-backend-1 Created 
 Container matrix-scenario-2-worker-1 Created 
 Container matrix-scenario-2-redis-1 Starting 
 Container matrix-scenario-2-postgres-1 Starting 
 Container matrix-scenario-2-storage-1 Starting 
 Container matrix-scenario-2-redis-1 Started 
 Container matrix-scenario-2-postgres-1 Started 
 Container matrix-scenario-2-postgres-1 Waiting 
 Container matrix-scenario-2-storage-1 Started 
 Container matrix-scenario-2-storage-1 Waiting 
 Container matrix-scenario-2-postgres-1 Healthy 
 Container matrix-scenario-2-migrate-1 Starting 
 Container matrix-scenario-2-migrate-1 Started 
 Container matrix-scenario-2-storage-1 Healthy 
 Container matrix-scenario-2-storage-init-1 Starting 
 Container matrix-scenario-2-storage-init-1 Started 
 Container matrix-scenario-2-migrate-1 Waiting 
 Container matrix-scenario-2-storage-init-1 Waiting 
 Container matrix-scenario-2-redis-1 Waiting 
 Container matrix-scenario-2-storage-init-1 Waiting 
 Container matrix-scenario-2-redis-1 Waiting 
 Container matrix-scenario-2-migrate-1 Waiting 
 Container matrix-scenario-2-redis-1 Healthy 
 Container matrix-scenario-2-redis-1 Healthy 
 Container matrix-scenario-2-storage-init-1 Exited 
 Container matrix-scenario-2-storage-init-1 Exited 
 Container matrix-scenario-2-migrate-1 Exited 
 Container matrix-scenario-2-migrate-1 Exited 
 Container matrix-scenario-2-worker-1 Starting 
 Container matrix-scenario-2-backend-1 Starting 
 Container matrix-scenario-2-worker-1 Started 
 Container matrix-scenario-2-backend-1 Started 

2026-10-01T10:54:48.764321+00:00 ps -a -q worker
c231ce7002cab8ea2edb2681851005def4c59ce2e2847d9badb09796ec5da8d2

2026-10-01T10:54:48.945558+00:00 ps -a -q backend
94056a9cc32d16e806b77e2183192075f205ae48ca223ef09fc9c653c388e394

2026-10-01T10:54:49.138515+00:00 ps -a -q redis
736a46dca6514e31d7f1d1978f5ec6ac411fe4a4123749ca0a10741bf71ee000

2026-10-01T10:54:49.332191+00:00 ps -a -q storage-init
e181445deba58d4081f6df85eb8cc8e394ae5688fd27997924e34705cf50fb2f

2026-10-01T10:54:49.626755+00:00 exec -T backend python -c import pathlib,hashlib,json; print(json.dumps({str(p):hashlib.sha256(p.read_bytes()).hexdigest() for p in pathlib.Path('app').rglob('*.py')}))
{"app/rate_limit.py": "959ebabf7baa6d66e826c5602a37eded27f834cccbaf0eaedfcb3bf87a4b02cd", "app/story_service.py": "9f376c2d701ce52ba62851deeb6ca3087e8fcfdf279069c9a472038d6d9decff", "app/story_audit.py": "43477a2b1a8a13d621db7cd3a4985138c9274b6d69ad4f5d58d0620df12f9afa", "app/health.py": "a0f9d81bbcdc598e204c2b2f04a61b1f1ea315af909dfb05d1cd1528564052d9", "app/jobs.py": "99cd008f5067c35ca8719dea2a66162b734d13f9b4c73b85fc207ead5fa518d7", "app/db.py": "88797de3460950455517124071777d27bf263714def1bb51002af398610ff495", "app/projects.py": "57a803479051e01cad474e1d51aa5a6a8cb0e86ea353a9db2465a8ade20272bc", "app/analysis_providers.py": "a7cf82584aa7500c8bac657a4ae9c4395dbe827e85dabd0378bfd832309fafef", "app/story_resolution.py": "0a0428238186f33578793496d7a31d60c16b28027354e88aaf273d7706984a18", "app/story_context.py": "54a34a57ba2af7052022f7216db59965feef6cd722d2f6d0e3942aa1ec813836", "app/auth.py": "4fc85db3900e62688a8b259b7b092070ec3de7994b46ba008583263ecbf0c7ab", "app/errors.py": "942ac1f2c03a934633d844d77f3773e56dbca7cf547f17539c60fd9d5c14dc88", "app/__init__.py": "e3b0c44298fc1c149afbf4c8996fb92427ae41e4649b934ca495991b7852b855", "app/models.py": "eeae37960d688f6e25542a21ff048c61350e298c0214f8d84d048fd55a940f2f", "app/ingestion.py": "06c7770eada6746f9c81221f0668b9297a7fbcc4ebff1ee5c394cb0db50e1607", "app/logging_config.py": "2d6ada5e1754015810c77cec26469aff314df473dd40cdf1929b90267c38c860", "app/story_providers.py": "7b715a670e46cc92866aad577cb60fcf15d725d339af5675426b2d4f31a7c694", "app/story.py": "211bf8bde8ed5a5960164d55cd6cec301954f4071918dafe5f7d107e550dba7e", "app/config.py": "590ee293b3dfcf71f7f99d03a1a0a929b42f96656f4a30ec67d1ff4556f11a1f", "app/security.py": "8c2cd86dfac59da0407c9009f00128a20d332f6bb97144ac31e55619ba3215e0", "app/story_review.py": "ec6e2d3fe7cd8faa1559e2996078f1d329704ecead8ab2d979a53c56534017bb", "app/ingestion_service.py": "311eed67b0b59bd364f4b7df4aa40ac6b8e80af3f4d0ad9f73e5a6189429e730", "app/extraction.py": "c7a41ba92d087d759fb3d74ca999fbaedf269644eb9346614be701c4a6006ede", "app/main.py": "b437beadb9569bff9e59c4427b9836ec527d98b132e5ed30c5b39e724eb80351", "app/worker.py": "86ac88bf4119b014fea75e570b3715e899a1c08cc7bb2f4c74b93c8d3c6432de", "app/storage.py": "2811618099ddf4dffd0bf27a4f1bade425688a49dcf8ac3093218ef7ce214db0", "app/story_schemas.py": "fd7c9d4a0718f9e436cf93dfac0becf7f4fa08a774fa3f9de5a849ee42e5fb0a", "app/analysis.py": "ce139d84c557481469db34e3bf01cdb5bef2aae89553403006932774362a5239", "app/analysis_service.py": "9376a265f9f94337d965536a1f0aa079dc89613536d3ea530a94c0d389b3c18d", "app/story_validation.py": "fe47d7c3e673fc9cb66ffdb71e3e1ac201c227286b02d14666233ead91a2517d"}

2026-10-01T10:54:49.908753+00:00 exec -T worker python -c import pathlib,hashlib,json; print(json.dumps({str(p):hashlib.sha256(p.read_bytes()).hexdigest() for p in pathlib.Path('app').rglob('*.py')}))
{"app/rate_limit.py": "959ebabf7baa6d66e826c5602a37eded27f834cccbaf0eaedfcb3bf87a4b02cd", "app/story_service.py": "9f376c2d701ce52ba62851deeb6ca3087e8fcfdf279069c9a472038d6d9decff", "app/story_audit.py": "43477a2b1a8a13d621db7cd3a4985138c9274b6d69ad4f5d58d0620df12f9afa", "app/health.py": "a0f9d81bbcdc598e204c2b2f04a61b1f1ea315af909dfb05d1cd1528564052d9", "app/jobs.py": "99cd008f5067c35ca8719dea2a66162b734d13f9b4c73b85fc207ead5fa518d7", "app/db.py": "88797de3460950455517124071777d27bf263714def1bb51002af398610ff495", "app/projects.py": "57a803479051e01cad474e1d51aa5a6a8cb0e86ea353a9db2465a8ade20272bc", "app/analysis_providers.py": "a7cf82584aa7500c8bac657a4ae9c4395dbe827e85dabd0378bfd832309fafef", "app/story_resolution.py": "0a0428238186f33578793496d7a31d60c16b28027354e88aaf273d7706984a18", "app/story_context.py": "54a34a57ba2af7052022f7216db59965feef6cd722d2f6d0e3942aa1ec813836", "app/auth.py": "4fc85db3900e62688a8b259b7b092070ec3de7994b46ba008583263ecbf0c7ab", "app/errors.py": "942ac1f2c03a934633d844d77f3773e56dbca7cf547f17539c60fd9d5c14dc88", "app/__init__.py": "e3b0c44298fc1c149afbf4c8996fb92427ae41e4649b934ca495991b7852b855", "app/models.py": "eeae37960d688f6e25542a21ff048c61350e298c0214f8d84d048fd55a940f2f", "app/ingestion.py": "06c7770eada6746f9c81221f0668b9297a7fbcc4ebff1ee5c394cb0db50e1607", "app/logging_config.py": "2d6ada5e1754015810c77cec26469aff314df473dd40cdf1929b90267c38c860", "app/story_providers.py": "7b715a670e46cc92866aad577cb60fcf15d725d339af5675426b2d4f31a7c694", "app/story.py": "211bf8bde8ed5a5960164d55cd6cec301954f4071918dafe5f7d107e550dba7e", "app/config.py": "590ee293b3dfcf71f7f99d03a1a0a929b42f96656f4a30ec67d1ff4556f11a1f", "app/security.py": "8c2cd86dfac59da0407c9009f00128a20d332f6bb97144ac31e55619ba3215e0", "app/story_review.py": "ec6e2d3fe7cd8faa1559e2996078f1d329704ecead8ab2d979a53c56534017bb", "app/ingestion_service.py": "311eed67b0b59bd364f4b7df4aa40ac6b8e80af3f4d0ad9f73e5a6189429e730", "app/extraction.py": "c7a41ba92d087d759fb3d74ca999fbaedf269644eb9346614be701c4a6006ede", "app/main.py": "b437beadb9569bff9e59c4427b9836ec527d98b132e5ed30c5b39e724eb80351", "app/worker.py": "86ac88bf4119b014fea75e570b3715e899a1c08cc7bb2f4c74b93c8d3c6432de", "app/storage.py": "2811618099ddf4dffd0bf27a4f1bade425688a49dcf8ac3093218ef7ce214db0", "app/story_schemas.py": "fd7c9d4a0718f9e436cf93dfac0becf7f4fa08a774fa3f9de5a849ee42e5fb0a", "app/analysis.py": "ce139d84c557481469db34e3bf01cdb5bef2aae89553403006932774362a5239", "app/analysis_service.py": "9376a265f9f94337d965536a1f0aa079dc89613536d3ea530a94c0d389b3c18d", "app/story_validation.py": "fe47d7c3e673fc9cb66ffdb71e3e1ac201c227286b02d14666233ead91a2517d"}

2026-10-01T10:54:50.617289+00:00 exec -T worker python -c import json; from app.worker import celery_app as c; print(json.dumps(dict(acks_late=c.conf.task_acks_late,prefetch=c.conf.worker_prefetch_multiplier,queue=c.conf.task_default_queue)))
{"acks_late": false, "prefetch": 1, "queue": "system"}

2026-10-01T10:55:02.996531+00:00 ps -a -q worker
c231ce7002cab8ea2edb2681851005def4c59ce2e2847d9badb09796ec5da8d2

2026-10-01T10:55:03.178379+00:00 ps -a -q backend
94056a9cc32d16e806b77e2183192075f205ae48ca223ef09fc9c653c388e394

2026-10-01T10:55:03.352832+00:00 ps -a -q redis
736a46dca6514e31d7f1d1978f5ec6ac411fe4a4123749ca0a10741bf71ee000

2026-10-01T10:55:03.521699+00:00 ps -a -q storage-init
e181445deba58d4081f6df85eb8cc8e394ae5688fd27997924e34705cf50fb2f

2026-10-01T10:55:04.452583+00:00 ps -a -q worker
c231ce7002cab8ea2edb2681851005def4c59ce2e2847d9badb09796ec5da8d2

2026-10-01T10:55:04.640215+00:00 ps -a -q backend
94056a9cc32d16e806b77e2183192075f205ae48ca223ef09fc9c653c388e394

2026-10-01T10:55:04.825667+00:00 ps -a -q redis
736a46dca6514e31d7f1d1978f5ec6ac411fe4a4123749ca0a10741bf71ee000

2026-10-01T10:55:05.007992+00:00 ps -a -q storage-init
e181445deba58d4081f6df85eb8cc8e394ae5688fd27997924e34705cf50fb2f

2026-10-01T10:55:16.454518+00:00 logs --no-color --timestamps worker backend redis
backend-1  | 2026-10-01T10:54:50.153066644Z INFO:     Started server process [1]
backend-1  | 2026-10-01T10:54:50.153099934Z INFO:     Waiting for application startup.
backend-1  | 2026-10-01T10:54:50.156550784Z INFO:     Application startup complete.
backend-1  | 2026-10-01T10:54:50.156918184Z INFO:     Uvicorn running on http://0.0.0.0:8000 (Press CTRL+C to quit)
backend-1  | 2026-10-01T10:54:52.184043793Z {"timestamp": "2026-10-01T10:54:52.183856+00:00", "level": "INFO", "logger": "app.main", "event": "request_completed", "request_id": "358a5a69-3405-46ec-800f-7fdb5cd8627b", "job_id": null, "user_id": null, "project_id": null, "stage": null, "status": 200, "error": null, "duration_ms": 24}
backend-1  | 2026-10-01T10:54:52.184071393Z INFO:     172.19.0.7:43384 - "GET /health/live HTTP/1.1" 200 OK
backend-1  | 2026-10-01T10:55:01.376410906Z {"timestamp": "2026-10-01T10:55:01.376209+00:00", "level": "INFO", "logger": "app.main", "event": "request_completed", "request_id": "7c72c99e-aebe-4606-9040-e97463eafe83", "job_id": null, "user_id": null, "project_id": null, "stage": null, "status": 201, "error": null, "duration_ms": 97}
backend-1  | 2026-10-01T10:55:01.376450881Z INFO:     172.19.0.7:60402 - "POST /api/v1/auth/register HTTP/1.1" 201 Created
backend-1  | 2026-10-01T10:55:01.388528630Z {"timestamp": "2026-10-01T10:55:01.388332+00:00", "level": "INFO", "logger": "app.main", "event": "request_completed", "request_id": "3be43f46-9df8-4ecd-b34d-4e1a09ab9ba4", "job_id": null, "user_id": null, "project_id": null, "stage": null, "status": 201, "error": null, "duration_ms": 10}
backend-1  | 2026-10-01T10:55:01.388579202Z INFO:     172.19.0.7:60402 - "POST /api/v1/projects HTTP/1.1" 201 Created
redis-1    | 2026-10-01T10:54:43.985082828Z 1:C 01 Oct 2026 10:54:43.984 * oO0OoO0OoO0Oo Redis is starting oO0OoO0OoO0Oo
backend-1  | 2026-10-01T10:55:01.398378812Z {"timestamp": "2026-10-01T10:55:01.398192+00:00", "level": "INFO", "logger": "app.main", "event": "request_completed", "request_id": "abf1ff97-e3b4-43c4-b659-a25446f9130b", "job_id": null, "user_id": null, "project_id": null, "stage": null, "status": 201, "error": null, "duration_ms": 8}
redis-1    | 2026-10-01T10:54:43.985125688Z 1:C 01 Oct 2026 10:54:43.984 * Redis version=7.4.5, bits=64, commit=00000000, modified=0, pid=1, just started
redis-1    | 2026-10-01T10:54:43.985129071Z 1:C 01 Oct 2026 10:54:43.984 # Warning: no config file specified, using the default config. In order to specify a config file use redis-server /path/to/redis.conf
redis-1    | 2026-10-01T10:54:43.985327793Z 1:M 01 Oct 2026 10:54:43.985 * monotonic clock: POSIX clock_gettime
backend-1  | 2026-10-01T10:55:01.398412858Z INFO:     172.19.0.7:60402 - "POST /api/v1/projects/77dbce39-0161-438c-bfd7-0cd0874e2210/chapters HTTP/1.1" 201 Created
redis-1    | 2026-10-01T10:54:43.986306373Z 1:M 01 Oct 2026 10:54:43.986 * Running mode=standalone, port=6379.
redis-1    | 2026-10-01T10:54:43.986767686Z 1:M 01 Oct 2026 10:54:43.986 * Server initialized
redis-1    | 2026-10-01T10:54:43.986792410Z 1:M 01 Oct 2026 10:54:43.986 * Ready to accept connections tcp
backend-1  | 2026-10-01T10:55:01.735475260Z {"timestamp": "2026-10-01T10:55:01.735333+00:00", "level": "INFO", "logger": "app.main", "event": "request_completed", "request_id": "d06a07da-6c91-436f-a59e-6ac882d959be", "job_id": null, "user_id": null, "project_id": null, "stage": null, "status": 200, "error": null, "duration_ms": 233}
backend-1  | 2026-10-01T10:55:01.735544153Z INFO:     172.19.0.7:60402 - "POST /api/v1/chapters/9a3b54ac-19c8-48b5-8961-354453845ed9/upload HTTP/1.1" 200 OK
backend-1  | 2026-10-01T10:55:03.627696231Z INFO:     Shutting down
backend-1  | 2026-10-01T10:55:03.728274456Z INFO:     Waiting for application shutdown.
backend-1  | 2026-10-01T10:55:03.728785271Z INFO:     Application shutdown complete.
backend-1  | 2026-10-01T10:55:03.729051026Z INFO:     Finished server process [1]
backend-1  | 2026-10-01T10:55:05.781358663Z INFO:     Started server process [1]
backend-1  | 2026-10-01T10:55:05.781382227Z INFO:     Waiting for application startup.
backend-1  | 2026-10-01T10:55:05.784561733Z INFO:     Application startup complete.
backend-1  | 2026-10-01T10:55:05.784737137Z INFO:     Uvicorn running on http://0.0.0.0:8000 (Press CTRL+C to quit)
backend-1  | 2026-10-01T10:55:06.254023455Z {"timestamp": "2026-10-01T10:55:06.253811+00:00", "level": "INFO", "logger": "app.main", "event": "request_completed", "request_id": "45193d4d-4d25-4560-9d0a-55ad3a67a8be", "job_id": null, "user_id": null, "project_id": null, "stage": null, "status": 200, "error": null, "duration_ms": 26}
backend-1  | 2026-10-01T10:55:06.254056139Z INFO:     172.19.0.7:60416 - "GET /health/live HTTP/1.1" 200 OK
worker-1   | 2026-10-01T10:54:49.297444497Z  
worker-1   | 2026-10-01T10:54:49.297475361Z  -------------- celery@c231ce7002ca v5.6.3 (recovery)
worker-1   | 2026-10-01T10:54:49.297477619Z --- ***** ----- 
worker-1   | 2026-10-01T10:54:49.297478793Z -- ******* ---- Linux-6.18.40.1-microsoft-standard-WSL2-x86_64-with-glibc2.36 2026-10-01 10:54:49
worker-1   | 2026-10-01T10:54:49.297479863Z - *** --- * --- 
worker-1   | 2026-10-01T10:54:49.297480782Z - ** ---------- [config]
worker-1   | 2026-10-01T10:54:49.297481719Z - ** ---------- .> app:         recap:0x7734ff509010
worker-1   | 2026-10-01T10:54:49.297483121Z - ** ---------- .> transport:   redis://redis:6379/0
worker-1   | 2026-10-01T10:54:49.297483991Z - ** ---------- .> results:     disabled://
worker-1   | 2026-10-01T10:54:49.297484879Z - *** --- * --- .> concurrency: 2 (prefork)
worker-1   | 2026-10-01T10:54:49.297485724Z -- ******* ---- .> task events: OFF (enable -E to monitor tasks in this worker)
worker-1   | 2026-10-01T10:54:49.297486670Z --- ***** ----- 
worker-1   | 2026-10-01T10:54:49.297487569Z  -------------- [queues]
worker-1   | 2026-10-01T10:54:49.297488408Z                 .> system           exchange=system(direct) key=system
worker-1   | 2026-10-01T10:54:49.297489305Z                 
worker-1   | 2026-10-01T10:54:49.297490101Z 
worker-1   | 2026-10-01T10:54:49.297490909Z [tasks]
worker-1   | 2026-10-01T10:54:49.297491725Z   . ingestion.process
worker-1   | 2026-10-01T10:54:49.297492559Z   . system.heartbeat
worker-1   | 2026-10-01T10:54:49.297493360Z 
worker-1   | 2026-10-01T10:54:49.383367390Z {"timestamp": "2026-10-01T10:54:49.383081+00:00", "level": "INFO", "logger": "celery.worker.consumer.connection", "event": "Connected to redis://redis:6379/0", "request_id": null, "job_id": null, "user_id": null, "project_id": null, "stage": null, "status": null, "error": null, "duration_ms": null}
worker-1   | 2026-10-01T10:54:49.385139313Z {"timestamp": "2026-10-01T10:54:49.384956+00:00", "level": "INFO", "logger": "celery.worker.consumer.mingle", "event": "mingle: searching for neighbors", "request_id": null, "job_id": null, "user_id": null, "project_id": null, "stage": null, "status": null, "error": null, "duration_ms": null}
worker-1   | 2026-10-01T10:54:50.393559444Z {"timestamp": "2026-10-01T10:54:50.393322+00:00", "level": "INFO", "logger": "celery.worker.consumer.mingle", "event": "mingle: all alone", "request_id": null, "job_id": null, "user_id": null, "project_id": null, "stage": null, "status": null, "error": null, "duration_ms": null}
worker-1   | 2026-10-01T10:54:50.400810368Z {"timestamp": "2026-10-01T10:54:50.400681+00:00", "level": "INFO", "logger": "celery.apps.worker", "event": "celery@c231ce7002ca ready.", "request_id": null, "job_id": null, "user_id": null, "project_id": null, "stage": null, "status": null, "error": null, "duration_ms": null}
worker-1   | 2026-10-01T10:55:01.733485908Z {"timestamp": "2026-10-01T10:55:01.733311+00:00", "level": "INFO", "logger": "celery.worker.strategy", "event": "Task ingestion.process[8a20b799-61f3-4065-bdbf-0348179eeba0] received", "request_id": null, "job_id": null, "user_id": null, "project_id": null, "stage": null, "status": null, "error": null, "duration_ms": null}
worker-1   | 2026-10-01T10:55:09.767641733Z {"timestamp": "2026-10-01T10:55:09.767405+00:00", "level": "INFO", "logger": "celery.app.trace", "event": "Task ingestion.process[8a20b799-61f3-4065-bdbf-0348179eeba0] succeeded in 8.033098981000876s: None", "request_id": null, "job_id": null, "user_id": null, "project_id": null, "stage": null, "status": null, "error": null, "duration_ms": null}

2026-10-01T10:55:16.608435+00:00 logs --no-color --timestamps worker backend redis
redis-1   | 2026-10-01T10:54:43.985082828Z 1:C 01 Oct 2026 10:54:43.984 * oO0OoO0OoO0Oo Redis is starting oO0OoO0OoO0Oo
worker-1  | 2026-10-01T10:54:49.297444497Z  
redis-1   | 2026-10-01T10:54:43.985125688Z 1:C 01 Oct 2026 10:54:43.984 * Redis version=7.4.5, bits=64, commit=00000000, modified=0, pid=1, just started
redis-1   | 2026-10-01T10:54:43.985129071Z 1:C 01 Oct 2026 10:54:43.984 # Warning: no config file specified, using the default config. In order to specify a config file use redis-server /path/to/redis.conf
worker-1  | 2026-10-01T10:54:49.297475361Z  -------------- celery@c231ce7002ca v5.6.3 (recovery)
worker-1  | 2026-10-01T10:54:49.297477619Z --- ***** ----- 
redis-1   | 2026-10-01T10:54:43.985327793Z 1:M 01 Oct 2026 10:54:43.985 * monotonic clock: POSIX clock_gettime
worker-1  | 2026-10-01T10:54:49.297478793Z -- ******* ---- Linux-6.18.40.1-microsoft-standard-WSL2-x86_64-with-glibc2.36 2026-10-01 10:54:49
redis-1   | 2026-10-01T10:54:43.986306373Z 1:M 01 Oct 2026 10:54:43.986 * Running mode=standalone, port=6379.
worker-1  | 2026-10-01T10:54:49.297479863Z - *** --- * --- 
redis-1   | 2026-10-01T10:54:43.986767686Z 1:M 01 Oct 2026 10:54:43.986 * Server initialized
redis-1   | 2026-10-01T10:54:43.986792410Z 1:M 01 Oct 2026 10:54:43.986 * Ready to accept connections tcp
worker-1  | 2026-10-01T10:54:49.297480782Z - ** ---------- [config]
worker-1  | 2026-10-01T10:54:49.297481719Z - ** ---------- .> app:         recap:0x7734ff509010
worker-1  | 2026-10-01T10:54:49.297483121Z - ** ---------- .> transport:   redis://redis:6379/0
worker-1  | 2026-10-01T10:54:49.297483991Z - ** ---------- .> results:     disabled://
worker-1  | 2026-10-01T10:54:49.297484879Z - *** --- * --- .> concurrency: 2 (prefork)
worker-1  | 2026-10-01T10:54:49.297485724Z -- ******* ---- .> task events: OFF (enable -E to monitor tasks in this worker)
worker-1  | 2026-10-01T10:54:49.297486670Z --- ***** ----- 
worker-1  | 2026-10-01T10:54:49.297487569Z  -------------- [queues]
worker-1  | 2026-10-01T10:54:49.297488408Z                 .> system           exchange=system(direct) key=system
worker-1  | 2026-10-01T10:54:49.297489305Z                 
worker-1  | 2026-10-01T10:54:49.297490101Z 
worker-1  | 2026-10-01T10:54:49.297490909Z [tasks]
worker-1  | 2026-10-01T10:54:49.297491725Z   . ingestion.process
worker-1  | 2026-10-01T10:54:49.297492559Z   . system.heartbeat
worker-1  | 2026-10-01T10:54:49.297493360Z 
worker-1  | 2026-10-01T10:54:49.383367390Z {"timestamp": "2026-10-01T10:54:49.383081+00:00", "level": "INFO", "logger": "celery.worker.consumer.connection", "event": "Connected to redis://redis:6379/0", "request_id": null, "job_id": null, "user_id": null, "project_id": null, "stage": null, "status": null, "error": null, "duration_ms": null}
worker-1  | 2026-10-01T10:54:49.385139313Z {"timestamp": "2026-10-01T10:54:49.384956+00:00", "level": "INFO", "logger": "celery.worker.consumer.mingle", "event": "mingle: searching for neighbors", "request_id": null, "job_id": null, "user_id": null, "project_id": null, "stage": null, "status": null, "error": null, "duration_ms": null}
worker-1  | 2026-10-01T10:54:50.393559444Z {"timestamp": "2026-10-01T10:54:50.393322+00:00", "level": "INFO", "logger": "celery.worker.consumer.mingle", "event": "mingle: all alone", "request_id": null, "job_id": null, "user_id": null, "project_id": null, "stage": null, "status": null, "error": null, "duration_ms": null}
worker-1  | 2026-10-01T10:54:50.400810368Z {"timestamp": "2026-10-01T10:54:50.400681+00:00", "level": "INFO", "logger": "celery.apps.worker", "event": "celery@c231ce7002ca ready.", "request_id": null, "job_id": null, "user_id": null, "project_id": null, "stage": null, "status": null, "error": null, "duration_ms": null}
worker-1  | 2026-10-01T10:55:01.733485908Z {"timestamp": "2026-10-01T10:55:01.733311+00:00", "level": "INFO", "logger": "celery.worker.strategy", "event": "Task ingestion.process[8a20b799-61f3-4065-bdbf-0348179eeba0] received", "request_id": null, "job_id": null, "user_id": null, "project_id": null, "stage": null, "status": null, "error": null, "duration_ms": null}
worker-1  | 2026-10-01T10:55:09.767641733Z {"timestamp": "2026-10-01T10:55:09.767405+00:00", "level": "INFO", "logger": "celery.app.trace", "event": "Task ingestion.process[8a20b799-61f3-4065-bdbf-0348179eeba0] succeeded in 8.033098981000876s: None", "request_id": null, "job_id": null, "user_id": null, "project_id": null, "stage": null, "status": null, "error": null, "duration_ms": null}
backend-1  | 2026-10-01T10:54:50.153066644Z INFO:     Started server process [1]
backend-1  | 2026-10-01T10:54:50.153099934Z INFO:     Waiting for application startup.
backend-1  | 2026-10-01T10:54:50.156550784Z INFO:     Application startup complete.
backend-1  | 2026-10-01T10:54:50.156918184Z INFO:     Uvicorn running on http://0.0.0.0:8000 (Press CTRL+C to quit)
backend-1  | 2026-10-01T10:54:52.184043793Z {"timestamp": "2026-10-01T10:54:52.183856+00:00", "level": "INFO", "logger": "app.main", "event": "request_completed", "request_id": "358a5a69-3405-46ec-800f-7fdb5cd8627b", "job_id": null, "user_id": null, "project_id": null, "stage": null, "status": 200, "error": null, "duration_ms": 24}
backend-1  | 2026-10-01T10:54:52.184071393Z INFO:     172.19.0.7:43384 - "GET /health/live HTTP/1.1" 200 OK
backend-1  | 2026-10-01T10:55:01.376410906Z {"timestamp": "2026-10-01T10:55:01.376209+00:00", "level": "INFO", "logger": "app.main", "event": "request_completed", "request_id": "7c72c99e-aebe-4606-9040-e97463eafe83", "job_id": null, "user_id": null, "project_id": null, "stage": null, "status": 201, "error": null, "duration_ms": 97}
backend-1  | 2026-10-01T10:55:01.376450881Z INFO:     172.19.0.7:60402 - "POST /api/v1/auth/register HTTP/1.1" 201 Created
backend-1  | 2026-10-01T10:55:01.388528630Z {"timestamp": "2026-10-01T10:55:01.388332+00:00", "level": "INFO", "logger": "app.main", "event": "request_completed", "request_id": "3be43f46-9df8-4ecd-b34d-4e1a09ab9ba4", "job_id": null, "user_id": null, "project_id": null, "stage": null, "status": 201, "error": null, "duration_ms": 10}
backend-1  | 2026-10-01T10:55:01.388579202Z INFO:     172.19.0.7:60402 - "POST /api/v1/projects HTTP/1.1" 201 Created
backend-1  | 2026-10-01T10:55:01.398378812Z {"timestamp": "2026-10-01T10:55:01.398192+00:00", "level": "INFO", "logger": "app.main", "event": "request_completed", "request_id": "abf1ff97-e3b4-43c4-b659-a25446f9130b", "job_id": null, "user_id": null, "project_id": null, "stage": null, "status": 201, "error": null, "duration_ms": 8}
backend-1  | 2026-10-01T10:55:01.398412858Z INFO:     172.19.0.7:60402 - "POST /api/v1/projects/77dbce39-0161-438c-bfd7-0cd0874e2210/chapters HTTP/1.1" 201 Created
backend-1  | 2026-10-01T10:55:01.735475260Z {"timestamp": "2026-10-01T10:55:01.735333+00:00", "level": "INFO", "logger": "app.main", "event": "request_completed", "request_id": "d06a07da-6c91-436f-a59e-6ac882d959be", "job_id": null, "user_id": null, "project_id": null, "stage": null, "status": 200, "error": null, "duration_ms": 233}
backend-1  | 2026-10-01T10:55:01.735544153Z INFO:     172.19.0.7:60402 - "POST /api/v1/chapters/9a3b54ac-19c8-48b5-8961-354453845ed9/upload HTTP/1.1" 200 OK
backend-1  | 2026-10-01T10:55:03.627696231Z INFO:     Shutting down
backend-1  | 2026-10-01T10:55:03.728274456Z INFO:     Waiting for application shutdown.
backend-1  | 2026-10-01T10:55:03.728785271Z INFO:     Application shutdown complete.
backend-1  | 2026-10-01T10:55:03.729051026Z INFO:     Finished server process [1]
backend-1  | 2026-10-01T10:55:05.781358663Z INFO:     Started server process [1]
backend-1  | 2026-10-01T10:55:05.781382227Z INFO:     Waiting for application startup.
backend-1  | 2026-10-01T10:55:05.784561733Z INFO:     Application startup complete.
backend-1  | 2026-10-01T10:55:05.784737137Z INFO:     Uvicorn running on http://0.0.0.0:8000 (Press CTRL+C to quit)
backend-1  | 2026-10-01T10:55:06.254023455Z {"timestamp": "2026-10-01T10:55:06.253811+00:00", "level": "INFO", "logger": "app.main", "event": "request_completed", "request_id": "45193d4d-4d25-4560-9d0a-55ad3a67a8be", "job_id": null, "user_id": null, "project_id": null, "stage": null, "status": 200, "error": null, "duration_ms": 26}
backend-1  | 2026-10-01T10:55:06.254056139Z INFO:     172.19.0.7:60416 - "GET /health/live HTTP/1.1" 200 OK

2026-10-01T10:55:19.836610+00:00 down --volumes --remove-orphans
 Container matrix-scenario-2-probe Stopping 
 Container matrix-scenario-2-probe Stopped 
 Container matrix-scenario-2-probe Removing 
 Container matrix-scenario-2-probe Removed 
 Container matrix-scenario-2-backend-1 Stopping 
 Container matrix-scenario-2-worker-1 Stopping 
 Container matrix-scenario-2-backend-1 Stopped 
 Container matrix-scenario-2-backend-1 Removing 
 Container matrix-scenario-2-backend-1 Removed 
 Container matrix-scenario-2-worker-1 Stopped 
 Container matrix-scenario-2-worker-1 Removing 
 Container matrix-scenario-2-worker-1 Removed 
 Container matrix-scenario-2-redis-1 Stopping 
 Container matrix-scenario-2-migrate-1 Stopping 
 Container matrix-scenario-2-storage-init-1 Stopping 
 Container matrix-scenario-2-storage-init-1 Stopped 
 Container matrix-scenario-2-storage-init-1 Removing 
 Container matrix-scenario-2-migrate-1 Stopped 
 Container matrix-scenario-2-migrate-1 Removing 
 Container matrix-scenario-2-migrate-1 Removed 
 Container matrix-scenario-2-postgres-1 Stopping 
 Container matrix-scenario-2-storage-init-1 Removed 
 Container matrix-scenario-2-storage-1 Stopping 
 Container matrix-scenario-2-redis-1 Stopped 
 Container matrix-scenario-2-redis-1 Removing 
 Container matrix-scenario-2-redis-1 Removed 
 Container matrix-scenario-2-storage-1 Stopped 
 Container matrix-scenario-2-storage-1 Removing 
 Container matrix-scenario-2-storage-1 Removed 
 Container matrix-scenario-2-postgres-1 Stopped 
 Container matrix-scenario-2-postgres-1 Removing 
 Container matrix-scenario-2-postgres-1 Removed 
 Container matrix-scenario-2-probe Stopping 
 Container matrix-scenario-2-probe Error Error while Stopping
 Container matrix-scenario-2-probe Removed 
 Network matrix-scenario-2_default Removing 
 Network matrix-scenario-2_default Removed 
