============================= test session starts =============================
platform win32 -- Python 3.13.14, pytest-9.1.1, pluggy-1.6.0 -- D:\projects\manhua review\.venv\Scripts\python.exe
cachedir: .pytest_cache
rootdir: D:\projects\manhua review\backend
configfile: pyproject.toml
testpaths: tests
plugins: anyio-4.15.1
collecting ... collected 517 items

tests/test_analysis_api.py::test_analysis_persistence_idempotency_reanalysis_ownership[0.9] PASSED [  0%]
tests/test_analysis_api.py::test_analysis_persistence_idempotency_reanalysis_ownership[0.3] PASSED [  0%]
tests/test_analysis_api.py::test_analysis_persistence_idempotency_reanalysis_ownership[None] PASSED [  0%]
tests/test_analysis_api.py::test_stage_failure_retains_other_results PASSED [  0%]
tests/test_analysis_providers.py::test_fallback_covers_entire_page PASSED [  0%]
tests/test_analysis_providers.py::test_reading_order_ltr_and_rtl PASSED  [  1%]
tests/test_analysis_providers.py::test_ocr_regions_are_grouped_into_bubbles PASSED [  1%]
tests/test_analysis_providers.py::test_visual_analysis_is_explicitly_heuristic PASSED [  1%]
tests/test_auth.py::test_session_lifecycle PASSED                        [  1%]
tests/test_auth.py::test_login_and_duplicates PASSED                     [  1%]
tests/test_auth.py::test_origin_and_session_bound_csrf PASSED            [  2%]
tests/test_auth.py::test_expired_and_disabled_sessions PASSED            [  2%]
tests/test_auth.py::test_migration_roundtrip PASSED                      [  2%]
tests/test_errors.py::test_unknown_api_route_is_json PASSED              [  2%]
tests/test_extraction.py::test_image_validation_and_thumbnail PASSED     [  2%]
tests/test_extraction.py::test_natural_page_order_and_zip_safety PASSED  [  3%]
tests/test_extraction.py::test_corrupt_and_mismatched_files_are_rejected PASSED [  3%]
tests/test_health.py::test_liveness_and_request_headers PASSED           [  3%]
tests/test_health.py::test_all_dependencies_ready PASSED                 [  3%]
tests/test_health.py::test_failure_is_visible_but_secrets_are_not PASSED [  3%]
tests/test_health.py::test_probes_are_cached PASSED                      [  4%]
tests/test_health.py::test_timeout_is_a_dependency_failure PASSED        [  4%]
tests/test_health.py::test_storage_probe_closes_client_without_context_manager[False] PASSED [  4%]
tests/test_health.py::test_storage_probe_closes_client_without_context_manager[True] PASSED [  4%]
tests/test_health.py::test_log_schema PASSED                             [  4%]
tests/test_ingestion_legacy_migration.py::test_populated_legacy_ingestion_migration_preserves_history PASSED [  5%]
tests/test_ingestion_local.py::test_real_upload_reorder_delete_and_persistence[jpg] PASSED [  5%]
tests/test_ingestion_local.py::test_real_upload_reorder_delete_and_persistence[jpeg] PASSED [  5%]
tests/test_ingestion_local.py::test_real_upload_reorder_delete_and_persistence[pdf] PASSED [  5%]
tests/test_ingestion_local.py::test_real_upload_reorder_delete_and_persistence[zip] PASSED [  5%]
tests/test_ingestion_local.py::test_corruption_fails_without_partial_pages[bad.pdf-application/pdf-%PDF-1.7 broken] PASSED [  5%]
tests/test_ingestion_local.py::test_corruption_fails_without_partial_pages[bad.zip-application/zip-PK\x03\x04broken] PASSED [  6%]
tests/test_ingestion_local.py::test_corruption_fails_without_partial_pages[bad.png-image/png-\x89PNG\r\n\x1a\nbroken] PASSED [  6%]
tests/test_ingestion_local.py::test_size_mime_csrf_and_foreign_page_protection PASSED [  6%]
tests/test_ingestion_local.py::test_local_storage_refuses_unsafe_keys[../escape] PASSED [  6%]
tests/test_ingestion_local.py::test_local_storage_refuses_unsafe_keys[/absolute] PASSED [  6%]
tests/test_ingestion_local.py::test_local_storage_refuses_unsafe_keys[C:/windows] PASSED [  7%]
tests/test_ingestion_local.py::test_local_storage_refuses_unsafe_keys[a/../b] PASSED [  7%]
tests/test_ingestion_local.py::test_local_storage_refuses_unsafe_keys[a\\b] PASSED [  7%]
tests/test_ingestion_local.py::test_local_png_upload_creates_page_and_thumbnail PASSED [  7%]
tests/test_ingestion_recovery_acceptance.py::test_stale_attempt_owned_boundary_and_cleanup PASSED [  7%]
tests/test_ingestion_recovery_acceptance.py::test_interrupted_cleanup_is_resumable_and_exactly_scoped PASSED [  8%]
tests/test_ingestion_recovery_acceptance.py::test_concurrent_recovery_has_one_database_winner PASSED [  8%]
tests/test_ingestion_recovery_acceptance.py::test_broker_submission_failure_leaves_truthful_recoverable_db PASSED [  8%]
tests/test_ingestion_recovery_acceptance.py::test_manual_retry_races[manual] PASSED [  8%]
tests/test_ingestion_recovery_acceptance.py::test_manual_retry_races[recovery] PASSED [  8%]
tests/test_ingestion_recovery_v1.py::test_attempt_has_lease_and_pages_are_attempt_scoped PASSED [  9%]
tests/test_ingestion_recovery_v1.py::test_expired_attempt_recovery_is_fenced_and_cleanup_isolated PASSED [  9%]
tests/test_ingestion_recovery_v1.py::test_retry_endpoint_does_not_create_second_active_attempt PASSED [  9%]
tests/test_phase4a_acceptance.py::test_phase4a_full_synthetic_lifecycle PASSED [  9%]
tests/test_phase4a_api_acceptance.py::test_registered_inventory PASSED   [  9%]
tests/test_phase4a_api_acceptance.py::test_route_success_and_replay[DELETE-/api/v1/events/{event_id}] PASSED [ 10%]
tests/test_phase4a_api_acceptance.py::test_route_success_and_replay[GET-/api/v1/chapters/{chapter_id}/characters] PASSED [ 10%]
tests/test_phase4a_api_acceptance.py::test_route_success_and_replay[GET-/api/v1/chapters/{chapter_id}/relationships] PASSED [ 10%]
tests/test_phase4a_api_acceptance.py::test_route_success_and_replay[GET-/api/v1/chapters/{chapter_id}/scenes] PASSED [ 10%]
tests/test_phase4a_api_acceptance.py::test_route_success_and_replay[GET-/api/v1/chapters/{chapter_id}/story/status] PASSED [ 10%]
tests/test_phase4a_api_acceptance.py::test_route_success_and_replay[GET-/api/v1/chapters/{chapter_id}/story/summary] PASSED [ 11%]
tests/test_phase4a_api_acceptance.py::test_route_success_and_replay[GET-/api/v1/chapters/{chapter_id}/story/versions] PASSED [ 11%]
tests/test_phase4a_api_acceptance.py::test_route_success_and_replay[GET-/api/v1/scenes/{scene_id}] PASSED [ 11%]
tests/test_phase4a_api_acceptance.py::test_route_success_and_replay[GET-/api/v1/scenes/{scene_id}/events] PASSED [ 11%]
tests/test_phase4a_api_acceptance.py::test_route_success_and_replay[PATCH-/api/v1/characters/{character_id}] PASSED [ 11%]
tests/test_phase4a_api_acceptance.py::test_route_success_and_replay[PATCH-/api/v1/events/{event_id}] PASSED [ 11%]
tests/test_phase4a_api_acceptance.py::test_route_success_and_replay[PATCH-/api/v1/scenes/{scene_id}] PASSED [ 12%]
tests/test_phase4a_api_acceptance.py::test_route_success_and_replay[POST-/api/v1/chapters/{chapter_id}/story/analyze] PASSED [ 12%]
tests/test_phase4a_api_acceptance.py::test_route_success_and_replay[POST-/api/v1/characters/{character_id}/merge] PASSED [ 12%]
tests/test_phase4a_api_acceptance.py::test_route_success_and_replay[POST-/api/v1/characters/{character_id}/split] PASSED [ 12%]
tests/test_phase4a_api_acceptance.py::test_route_security_and_missing_ids[DELETE-/api/v1/events/{event_id}] PASSED [ 12%]
tests/test_phase4a_api_acceptance.py::test_route_security_and_missing_ids[GET-/api/v1/chapters/{chapter_id}/characters] PASSED [ 13%]
tests/test_phase4a_api_acceptance.py::test_route_security_and_missing_ids[GET-/api/v1/chapters/{chapter_id}/relationships] PASSED [ 13%]
tests/test_phase4a_api_acceptance.py::test_route_security_and_missing_ids[GET-/api/v1/chapters/{chapter_id}/scenes] PASSED [ 13%]
tests/test_phase4a_api_acceptance.py::test_route_security_and_missing_ids[GET-/api/v1/chapters/{chapter_id}/story/status] PASSED [ 13%]
tests/test_phase4a_api_acceptance.py::test_route_security_and_missing_ids[GET-/api/v1/chapters/{chapter_id}/story/summary] PASSED [ 13%]
tests/test_phase4a_api_acceptance.py::test_route_security_and_missing_ids[GET-/api/v1/chapters/{chapter_id}/story/versions] PASSED [ 14%]
tests/test_phase4a_api_acceptance.py::test_route_security_and_missing_ids[GET-/api/v1/scenes/{scene_id}] PASSED [ 14%]
tests/test_phase4a_api_acceptance.py::test_route_security_and_missing_ids[GET-/api/v1/scenes/{scene_id}/events] PASSED [ 14%]
tests/test_phase4a_api_acceptance.py::test_route_security_and_missing_ids[PATCH-/api/v1/characters/{character_id}] PASSED [ 14%]
tests/test_phase4a_api_acceptance.py::test_route_security_and_missing_ids[PATCH-/api/v1/events/{event_id}] PASSED [ 14%]
tests/test_phase4a_api_acceptance.py::test_route_security_and_missing_ids[PATCH-/api/v1/scenes/{scene_id}] PASSED [ 15%]
tests/test_phase4a_api_acceptance.py::test_route_security_and_missing_ids[POST-/api/v1/chapters/{chapter_id}/story/analyze] PASSED [ 15%]
tests/test_phase4a_api_acceptance.py::test_route_security_and_missing_ids[POST-/api/v1/characters/{character_id}/merge] PASSED [ 15%]
tests/test_phase4a_api_acceptance.py::test_route_security_and_missing_ids[POST-/api/v1/characters/{character_id}/split] PASSED [ 15%]
tests/test_phase4a_api_acceptance.py::test_route_body_contract[DELETE-/api/v1/events/{event_id}] PASSED [ 15%]
tests/test_phase4a_api_acceptance.py::test_route_body_contract[GET-/api/v1/chapters/{chapter_id}/characters] PASSED [ 16%]
tests/test_phase4a_api_acceptance.py::test_route_body_contract[GET-/api/v1/chapters/{chapter_id}/relationships] PASSED [ 16%]
tests/test_phase4a_api_acceptance.py::test_route_body_contract[GET-/api/v1/chapters/{chapter_id}/scenes] PASSED [ 16%]
tests/test_phase4a_api_acceptance.py::test_route_body_contract[GET-/api/v1/chapters/{chapter_id}/story/status] PASSED [ 16%]
tests/test_phase4a_api_acceptance.py::test_route_body_contract[GET-/api/v1/chapters/{chapter_id}/story/summary] PASSED [ 16%]
tests/test_phase4a_api_acceptance.py::test_route_body_contract[GET-/api/v1/chapters/{chapter_id}/story/versions] PASSED [ 17%]
tests/test_phase4a_api_acceptance.py::test_route_body_contract[GET-/api/v1/scenes/{scene_id}] PASSED [ 17%]
tests/test_phase4a_api_acceptance.py::test_route_body_contract[GET-/api/v1/scenes/{scene_id}/events] PASSED [ 17%]
tests/test_phase4a_api_acceptance.py::test_route_body_contract[PATCH-/api/v1/characters/{character_id}] PASSED [ 17%]
tests/test_phase4a_api_acceptance.py::test_route_body_contract[PATCH-/api/v1/events/{event_id}] PASSED [ 17%]
tests/test_phase4a_api_acceptance.py::test_route_body_contract[PATCH-/api/v1/scenes/{scene_id}] PASSED [ 17%]
tests/test_phase4a_api_acceptance.py::test_route_body_contract[POST-/api/v1/chapters/{chapter_id}/story/analyze] PASSED [ 18%]
tests/test_phase4a_api_acceptance.py::test_route_body_contract[POST-/api/v1/characters/{character_id}/merge] PASSED [ 18%]
tests/test_phase4a_api_acceptance.py::test_route_body_contract[POST-/api/v1/characters/{character_id}/split] PASSED [ 18%]
tests/test_phase4a_api_acceptance.py::test_prohibited_null_patch_fields[characters-fields0] PASSED [ 18%]
tests/test_phase4a_api_acceptance.py::test_prohibited_null_patch_fields[scenes-fields1] PASSED [ 18%]
tests/test_phase4a_api_acceptance.py::test_prohibited_null_patch_fields[events-fields2] PASSED [ 19%]
tests/test_phase4a_api_acceptance.py::test_same_owner_global_ids[DELETE-/api/v1/events/{event_id}] PASSED [ 19%]
tests/test_phase4a_api_acceptance.py::test_same_owner_global_ids[GET-/api/v1/chapters/{chapter_id}/characters] PASSED [ 19%]
tests/test_phase4a_api_acceptance.py::test_same_owner_global_ids[GET-/api/v1/chapters/{chapter_id}/relationships] PASSED [ 19%]
tests/test_phase4a_api_acceptance.py::test_same_owner_global_ids[GET-/api/v1/chapters/{chapter_id}/scenes] PASSED [ 19%]
tests/test_phase4a_api_acceptance.py::test_same_owner_global_ids[GET-/api/v1/chapters/{chapter_id}/story/status] PASSED [ 20%]
tests/test_phase4a_api_acceptance.py::test_same_owner_global_ids[GET-/api/v1/chapters/{chapter_id}/story/summary] PASSED [ 20%]
tests/test_phase4a_api_acceptance.py::test_same_owner_global_ids[GET-/api/v1/chapters/{chapter_id}/story/versions] PASSED [ 20%]
tests/test_phase4a_api_acceptance.py::test_same_owner_global_ids[GET-/api/v1/scenes/{scene_id}] PASSED [ 20%]
tests/test_phase4a_api_acceptance.py::test_same_owner_global_ids[GET-/api/v1/scenes/{scene_id}/events] PASSED [ 20%]
tests/test_phase4a_api_acceptance.py::test_same_owner_global_ids[PATCH-/api/v1/characters/{character_id}] PASSED [ 21%]
tests/test_phase4a_api_acceptance.py::test_same_owner_global_ids[PATCH-/api/v1/events/{event_id}] PASSED [ 21%]
tests/test_phase4a_api_acceptance.py::test_same_owner_global_ids[PATCH-/api/v1/scenes/{scene_id}] PASSED [ 21%]
tests/test_phase4a_api_acceptance.py::test_same_owner_global_ids[POST-/api/v1/chapters/{chapter_id}/story/analyze] PASSED [ 21%]
tests/test_phase4a_api_acceptance.py::test_same_owner_global_ids[POST-/api/v1/characters/{character_id}/merge] PASSED [ 21%]
tests/test_phase4a_api_acceptance.py::test_same_owner_global_ids[POST-/api/v1/characters/{character_id}/split] PASSED [ 22%]
tests/test_phase4a_api_acceptance.py::test_mutation_transaction_rollback[DELETE-/api/v1/events/{event_id}] PASSED [ 22%]
tests/test_phase4a_api_acceptance.py::test_mutation_transaction_rollback[PATCH-/api/v1/characters/{character_id}] PASSED [ 22%]
tests/test_phase4a_api_acceptance.py::test_mutation_transaction_rollback[PATCH-/api/v1/events/{event_id}] PASSED [ 22%]
tests/test_phase4a_api_acceptance.py::test_mutation_transaction_rollback[PATCH-/api/v1/scenes/{scene_id}] PASSED [ 22%]
tests/test_phase4a_api_acceptance.py::test_mutation_transaction_rollback[POST-/api/v1/characters/{character_id}/merge] PASSED [ 23%]
tests/test_phase4a_api_acceptance.py::test_mutation_transaction_rollback[POST-/api/v1/characters/{character_id}/split] PASSED [ 23%]
tests/test_phase4a_api_acceptance.py::test_empty_chapter_and_empty_scene PASSED [ 23%]
tests/test_phase4a_api_acceptance.py::test_cross_chapter_merge_split_references[False] PASSED [ 23%]
tests/test_phase4a_api_acceptance.py::test_cross_chapter_merge_split_references[True] PASSED [ 23%]
tests/test_phase4a_api_acceptance.py::test_review_filter_contract[characters] PASSED [ 23%]
tests/test_phase4a_api_acceptance.py::test_review_filter_contract[scenes] PASSED [ 24%]
tests/test_phase4a_api_acceptance.py::test_review_filter_contract[relationships] PASSED [ 24%]
tests/test_phase4a_api_acceptance.py::test_review_filter_contract[events] PASSED [ 24%]
tests/test_phase4a_api_acceptance.py::test_analysis_retry_versions_and_submission_failure PASSED [ 24%]
tests/test_phase4a_audit.py::test_character_edit_scene_edit_and_event_edit_audits_are_reconstructable PASSED [ 24%]
tests/test_phase4a_audit.py::test_event_delete_merge_and_split_capture_graph_snapshots PASSED [ 25%]
tests/test_phase4a_audit.py::test_reconciliation_audit_has_system_version_context_and_is_idempotent PASSED [ 25%]
tests/test_phase4a_audit.py::test_split_persists_context_and_final_snapshot PASSED [ 25%]
tests/test_phase4a_audit.py::test_split_repeated_delivery_does_not_duplicate_audits[False] PASSED [ 25%]
tests/test_phase4a_audit.py::test_split_repeated_delivery_does_not_duplicate_audits[True] PASSED [ 25%]
tests/test_phase4a_audit.py::test_split_concurrent_duplicate_delivery[False] PASSED [ 26%]
tests/test_phase4a_audit.py::test_split_concurrent_duplicate_delivery[True] PASSED [ 26%]
tests/test_phase4a_audit.py::test_different_split_request_is_processed[retained_name] PASSED [ 26%]
tests/test_phase4a_audit.py::test_different_split_request_is_processed[new_name] PASSED [ 26%]
tests/test_phase4a_audit.py::test_different_split_request_is_processed[reason] PASSED [ 26%]
tests/test_phase4a_audit.py::test_different_split_request_is_processed[scene_ids] PASSED [ 27%]
tests/test_phase4a_audit.py::test_different_split_request_is_processed[event_ids] PASSED [ 27%]
tests/test_phase4a_audit.py::test_merge_split_retry_rejects_cross_user_access PASSED [ 27%]
tests/test_phase4a_audit.py::test_merge_repeated_delivery_and_event_delete_are_idempotent PASSED [ 27%]
tests/test_phase4a_audit_context.py::test_user_story_audit_is_reconstructible_and_has_no_secret_fields PASSED [ 27%]
tests/test_phase4a_concurrency.py::test_simultaneous_initial_analysis PASSED [ 28%]
tests/test_phase4a_concurrency.py::test_simultaneous_reanalysis PASSED   [ 28%]
tests/test_phase4a_concurrency.py::test_analyze_while_previous_job_is_completing PASSED [ 28%]
tests/test_phase4a_concurrency.py::test_reanalyze_while_analysis_is_active PASSED [ 28%]
tests/test_phase4a_concurrency.py::test_retry_after_failed_job PASSED    [ 28%]
tests/test_phase4a_concurrency.py::test_duplicate_worker_delivery PASSED [ 29%]
tests/test_phase4a_final_acceptance.py::test_seeded_graph_integrity_and_character_audit_contract PASSED [ 29%]
tests/test_phase4a_merge_matrix.py::test_a4_merge_graph_matrix[confidence0-a-A_to_B] PASSED [ 29%]
tests/test_phase4a_merge_matrix.py::test_a4_merge_graph_matrix[confidence0-a-B_to_A] PASSED [ 29%]
tests/test_phase4a_merge_matrix.py::test_a4_merge_graph_matrix[confidence0-a-bidirectional] PASSED [ 29%]
tests/test_phase4a_merge_matrix.py::test_a4_merge_graph_matrix[confidence0-a-outgoing_duplicates] PASSED [ 29%]
tests/test_phase4a_merge_matrix.py::test_a4_merge_graph_matrix[confidence0-a-incoming_duplicates] PASSED [ 30%]
tests/test_phase4a_merge_matrix.py::test_a4_merge_graph_matrix[confidence0-a-different_types] PASSED [ 30%]
tests/test_phase4a_merge_matrix.py::test_a4_merge_graph_matrix[confidence0-b-A_to_B] PASSED [ 30%]
tests/test_phase4a_merge_matrix.py::test_a4_merge_graph_matrix[confidence0-b-B_to_A] PASSED [ 30%]
tests/test_phase4a_merge_matrix.py::test_a4_merge_graph_matrix[confidence0-b-bidirectional] PASSED [ 30%]
tests/test_phase4a_merge_matrix.py::test_a4_merge_graph_matrix[confidence0-b-outgoing_duplicates] PASSED [ 31%]
tests/test_phase4a_merge_matrix.py::test_a4_merge_graph_matrix[confidence0-b-incoming_duplicates] PASSED [ 31%]
tests/test_phase4a_merge_matrix.py::test_a4_merge_graph_matrix[confidence0-b-different_types] PASSED [ 31%]
tests/test_phase4a_merge_matrix.py::test_a4_merge_graph_matrix[confidence0-both-A_to_B] PASSED [ 31%]
tests/test_phase4a_merge_matrix.py::test_a4_merge_graph_matrix[confidence0-both-B_to_A] PASSED [ 31%]
tests/test_phase4a_merge_matrix.py::test_a4_merge_graph_matrix[confidence0-both-bidirectional] PASSED [ 32%]
tests/test_phase4a_merge_matrix.py::test_a4_merge_graph_matrix[confidence0-both-outgoing_duplicates] PASSED [ 32%]
tests/test_phase4a_merge_matrix.py::test_a4_merge_graph_matrix[confidence0-both-incoming_duplicates] PASSED [ 32%]
tests/test_phase4a_merge_matrix.py::test_a4_merge_graph_matrix[confidence0-both-different_types] PASSED [ 32%]
tests/test_phase4a_merge_matrix.py::test_a4_merge_graph_matrix[confidence1-a-A_to_B] PASSED [ 32%]
tests/test_phase4a_merge_matrix.py::test_a4_merge_graph_matrix[confidence1-a-B_to_A] PASSED [ 33%]
tests/test_phase4a_merge_matrix.py::test_a4_merge_graph_matrix[confidence1-a-bidirectional] PASSED [ 33%]
tests/test_phase4a_merge_matrix.py::test_a4_merge_graph_matrix[confidence1-a-outgoing_duplicates] PASSED [ 33%]
tests/test_phase4a_merge_matrix.py::test_a4_merge_graph_matrix[confidence1-a-incoming_duplicates] PASSED [ 33%]
tests/test_phase4a_merge_matrix.py::test_a4_merge_graph_matrix[confidence1-a-different_types] PASSED [ 33%]
tests/test_phase4a_merge_matrix.py::test_a4_merge_graph_matrix[confidence1-b-A_to_B] PASSED [ 34%]
tests/test_phase4a_merge_matrix.py::test_a4_merge_graph_matrix[confidence1-b-B_to_A] PASSED [ 34%]
tests/test_phase4a_merge_matrix.py::test_a4_merge_graph_matrix[confidence1-b-bidirectional] PASSED [ 34%]
tests/test_phase4a_merge_matrix.py::test_a4_merge_graph_matrix[confidence1-b-outgoing_duplicates] PASSED [ 34%]
tests/test_phase4a_merge_matrix.py::test_a4_merge_graph_matrix[confidence1-b-incoming_duplicates] PASSED [ 34%]
tests/test_phase4a_merge_matrix.py::test_a4_merge_graph_matrix[confidence1-b-different_types] PASSED [ 35%]
tests/test_phase4a_merge_matrix.py::test_a4_merge_graph_matrix[confidence1-both-A_to_B] PASSED [ 35%]
tests/test_phase4a_merge_matrix.py::test_a4_merge_graph_matrix[confidence1-both-B_to_A] PASSED [ 35%]
tests/test_phase4a_merge_matrix.py::test_a4_merge_graph_matrix[confidence1-both-bidirectional] PASSED [ 35%]
tests/test_phase4a_merge_matrix.py::test_a4_merge_graph_matrix[confidence1-both-outgoing_duplicates] PASSED [ 35%]
tests/test_phase4a_merge_matrix.py::test_a4_merge_graph_matrix[confidence1-both-incoming_duplicates] PASSED [ 35%]
tests/test_phase4a_merge_matrix.py::test_a4_merge_graph_matrix[confidence1-both-different_types] PASSED [ 36%]
tests/test_phase4a_merge_matrix.py::test_a4_merge_graph_matrix[confidence2-a-A_to_B] PASSED [ 36%]
tests/test_phase4a_merge_matrix.py::test_a4_merge_graph_matrix[confidence2-a-B_to_A] PASSED [ 36%]
tests/test_phase4a_merge_matrix.py::test_a4_merge_graph_matrix[confidence2-a-bidirectional] PASSED [ 36%]
tests/test_phase4a_merge_matrix.py::test_a4_merge_graph_matrix[confidence2-a-outgoing_duplicates] PASSED [ 36%]
tests/test_phase4a_merge_matrix.py::test_a4_merge_graph_matrix[confidence2-a-incoming_duplicates] PASSED [ 37%]
tests/test_phase4a_merge_matrix.py::test_a4_merge_graph_matrix[confidence2-a-different_types] PASSED [ 37%]
tests/test_phase4a_merge_matrix.py::test_a4_merge_graph_matrix[confidence2-b-A_to_B] PASSED [ 37%]
tests/test_phase4a_merge_matrix.py::test_a4_merge_graph_matrix[confidence2-b-B_to_A] PASSED [ 37%]
tests/test_phase4a_merge_matrix.py::test_a4_merge_graph_matrix[confidence2-b-bidirectional] PASSED [ 37%]
tests/test_phase4a_merge_matrix.py::test_a4_merge_graph_matrix[confidence2-b-outgoing_duplicates] PASSED [ 38%]
tests/test_phase4a_merge_matrix.py::test_a4_merge_graph_matrix[confidence2-b-incoming_duplicates] PASSED [ 38%]
tests/test_phase4a_merge_matrix.py::test_a4_merge_graph_matrix[confidence2-b-different_types] PASSED [ 38%]
tests/test_phase4a_merge_matrix.py::test_a4_merge_graph_matrix[confidence2-both-A_to_B] PASSED [ 38%]
tests/test_phase4a_merge_matrix.py::test_a4_merge_graph_matrix[confidence2-both-B_to_A] PASSED [ 38%]
tests/test_phase4a_merge_matrix.py::test_a4_merge_graph_matrix[confidence2-both-bidirectional] PASSED [ 39%]
tests/test_phase4a_merge_matrix.py::test_a4_merge_graph_matrix[confidence2-both-outgoing_duplicates] PASSED [ 39%]
tests/test_phase4a_merge_matrix.py::test_a4_merge_graph_matrix[confidence2-both-incoming_duplicates] PASSED [ 39%]
tests/test_phase4a_merge_matrix.py::test_a4_merge_graph_matrix[confidence2-both-different_types] PASSED [ 39%]
tests/test_phase4a_merge_matrix.py::test_a4_merge_graph_matrix[confidence3-a-A_to_B] PASSED [ 39%]
tests/test_phase4a_merge_matrix.py::test_a4_merge_graph_matrix[confidence3-a-B_to_A] PASSED [ 40%]
tests/test_phase4a_merge_matrix.py::test_a4_merge_graph_matrix[confidence3-a-bidirectional] PASSED [ 40%]
tests/test_phase4a_merge_matrix.py::test_a4_merge_graph_matrix[confidence3-a-outgoing_duplicates] PASSED [ 40%]
tests/test_phase4a_merge_matrix.py::test_a4_merge_graph_matrix[confidence3-a-incoming_duplicates] PASSED [ 40%]
tests/test_phase4a_merge_matrix.py::test_a4_merge_graph_matrix[confidence3-a-different_types] PASSED [ 40%]
tests/test_phase4a_merge_matrix.py::test_a4_merge_graph_matrix[confidence3-b-A_to_B] PASSED [ 41%]
tests/test_phase4a_merge_matrix.py::test_a4_merge_graph_matrix[confidence3-b-B_to_A] PASSED [ 41%]
tests/test_phase4a_merge_matrix.py::test_a4_merge_graph_matrix[confidence3-b-bidirectional] PASSED [ 41%]
tests/test_phase4a_merge_matrix.py::test_a4_merge_graph_matrix[confidence3-b-outgoing_duplicates] PASSED [ 41%]
tests/test_phase4a_merge_matrix.py::test_a4_merge_graph_matrix[confidence3-b-incoming_duplicates] PASSED [ 41%]
tests/test_phase4a_merge_matrix.py::test_a4_merge_graph_matrix[confidence3-b-different_types] PASSED [ 41%]
tests/test_phase4a_merge_matrix.py::test_a4_merge_graph_matrix[confidence3-both-A_to_B] PASSED [ 42%]
tests/test_phase4a_merge_matrix.py::test_a4_merge_graph_matrix[confidence3-both-B_to_A] PASSED [ 42%]
tests/test_phase4a_merge_matrix.py::test_a4_merge_graph_matrix[confidence3-both-bidirectional] PASSED [ 42%]
tests/test_phase4a_merge_matrix.py::test_a4_merge_graph_matrix[confidence3-both-outgoing_duplicates] PASSED [ 42%]
tests/test_phase4a_merge_matrix.py::test_a4_merge_graph_matrix[confidence3-both-incoming_duplicates] PASSED [ 42%]
tests/test_phase4a_merge_matrix.py::test_a4_merge_graph_matrix[confidence3-both-different_types] PASSED [ 43%]
tests/test_phase4a_reconciliation_edges.py::test_a3_eight_case_matrix[new_character] PASSED [ 43%]
tests/test_phase4a_reconciliation_edges.py::test_a3_eight_case_matrix[omitted_character] PASSED [ 43%]
tests/test_phase4a_reconciliation_edges.py::test_a3_eight_case_matrix[new_participation] PASSED [ 43%]
tests/test_phase4a_reconciliation_edges.py::test_a3_eight_case_matrix[omitted_participation] PASSED [ 43%]
tests/test_phase4a_reconciliation_edges.py::test_a3_eight_case_matrix[relationship_type] PASSED [ 44%]
tests/test_phase4a_reconciliation_edges.py::test_a3_eight_case_matrix[new_edge] PASSED [ 44%]
tests/test_phase4a_reconciliation_edges.py::test_a3_eight_case_matrix[claim_change] PASSED [ 44%]
tests/test_phase4a_reconciliation_edges.py::test_a3_eight_case_matrix[reviewed_disappearance] PASSED [ 44%]
tests/test_phase4a_reconciliation_edges.py::test_a3_combined_synthetic_lifecycle PASSED [ 44%]
tests/test_phase4a_reconciliation_edges.py::test_a3_unreviewed_graph_is_additive_without_identity_rebuild PASSED [ 45%]
tests/test_phase4a_review_states.py::test_all_entity_migration_backfills_and_enforces_constraints[None-characters] PASSED [ 45%]
tests/test_phase4a_review_states.py::test_all_entity_migration_backfills_and_enforces_constraints[None-scenes] PASSED [ 45%]
tests/test_phase4a_review_states.py::test_all_entity_migration_backfills_and_enforces_constraints[None-events] PASSED [ 45%]
tests/test_phase4a_review_states.py::test_all_entity_migration_backfills_and_enforces_constraints[None-story_relationships] PASSED [ 45%]
tests/test_phase4a_review_states.py::test_all_entity_migration_backfills_and_enforces_constraints[None-chapter_understandings] PASSED [ 46%]
tests/test_phase4a_review_states.py::test_all_entity_migration_backfills_and_enforces_constraints[None-story_versions] PASSED [ 46%]
tests/test_phase4a_review_states.py::test_all_entity_migration_backfills_and_enforces_constraints[legacy-characters] PASSED [ 46%]
tests/test_phase4a_review_states.py::test_all_entity_migration_backfills_and_enforces_constraints[legacy-scenes] PASSED [ 46%]
tests/test_phase4a_review_states.py::test_all_entity_migration_backfills_and_enforces_constraints[legacy-events] PASSED [ 46%]
tests/test_phase4a_review_states.py::test_all_entity_migration_backfills_and_enforces_constraints[legacy-story_relationships] PASSED [ 47%]
tests/test_phase4a_review_states.py::test_all_entity_migration_backfills_and_enforces_constraints[legacy-chapter_understandings] PASSED [ 47%]
tests/test_phase4a_review_states.py::test_all_entity_migration_backfills_and_enforces_constraints[legacy-story_versions] PASSED [ 47%]
tests/test_phase4a_review_states.py::test_all_entity_migration_backfills_and_enforces_constraints[unknown-characters] PASSED [ 47%]
tests/test_phase4a_review_states.py::test_all_entity_migration_backfills_and_enforces_constraints[unknown-scenes] PASSED [ 47%]
tests/test_phase4a_review_states.py::test_all_entity_migration_backfills_and_enforces_constraints[unknown-events] PASSED [ 47%]
tests/test_phase4a_review_states.py::test_all_entity_migration_backfills_and_enforces_constraints[unknown-story_relationships] PASSED [ 48%]
tests/test_phase4a_review_states.py::test_all_entity_migration_backfills_and_enforces_constraints[unknown-chapter_understandings] PASSED [ 48%]
tests/test_phase4a_review_states.py::test_all_entity_migration_backfills_and_enforces_constraints[unknown-story_versions] PASSED [ 48%]
tests/test_phase4a_review_states.py::test_all_entity_migration_backfills_and_enforces_constraints[needs_review-characters] PASSED [ 48%]
tests/test_phase4a_review_states.py::test_all_entity_migration_backfills_and_enforces_constraints[needs_review-scenes] PASSED [ 48%]
tests/test_phase4a_review_states.py::test_all_entity_migration_backfills_and_enforces_constraints[needs_review-events] PASSED [ 49%]
tests/test_phase4a_review_states.py::test_all_entity_migration_backfills_and_enforces_constraints[needs_review-story_relationships] PASSED [ 49%]
tests/test_phase4a_review_states.py::test_all_entity_migration_backfills_and_enforces_constraints[needs_review-chapter_understandings] PASSED [ 49%]
tests/test_phase4a_review_states.py::test_all_entity_migration_backfills_and_enforces_constraints[needs_review-story_versions] PASSED [ 49%]
tests/test_phase4a_review_states.py::test_all_entity_migration_backfills_and_enforces_constraints[confirmed-characters] PASSED [ 49%]
tests/test_phase4a_review_states.py::test_all_entity_migration_backfills_and_enforces_constraints[confirmed-scenes] PASSED [ 50%]
tests/test_phase4a_review_states.py::test_all_entity_migration_backfills_and_enforces_constraints[confirmed-events] PASSED [ 50%]
tests/test_phase4a_review_states.py::test_all_entity_migration_backfills_and_enforces_constraints[confirmed-story_relationships] PASSED [ 50%]
tests/test_phase4a_review_states.py::test_all_entity_migration_backfills_and_enforces_constraints[confirmed-chapter_understandings] PASSED [ 50%]
tests/test_phase4a_review_states.py::test_all_entity_migration_backfills_and_enforces_constraints[confirmed-story_versions] PASSED [ 50%]
tests/test_phase4a_review_states.py::test_all_entity_migration_backfills_and_enforces_constraints[rejected-characters] PASSED [ 51%]
tests/test_phase4a_review_states.py::test_all_entity_migration_backfills_and_enforces_constraints[rejected-scenes] PASSED [ 51%]
tests/test_phase4a_review_states.py::test_all_entity_migration_backfills_and_enforces_constraints[rejected-events] PASSED [ 51%]
tests/test_phase4a_review_states.py::test_all_entity_migration_backfills_and_enforces_constraints[rejected-story_relationships] PASSED [ 51%]
tests/test_phase4a_review_states.py::test_all_entity_migration_backfills_and_enforces_constraints[rejected-chapter_understandings] PASSED [ 51%]
tests/test_phase4a_review_states.py::test_all_entity_migration_backfills_and_enforces_constraints[rejected-story_versions] PASSED [ 52%]
tests/test_phase4a_review_states.py::test_persisted_json_claim_migration_backfill[None] PASSED [ 52%]
tests/test_phase4a_review_states.py::test_persisted_json_claim_migration_backfill[legacy] PASSED [ 52%]
tests/test_phase4a_review_states.py::test_persisted_json_claim_migration_backfill[unknown] PASSED [ 52%]
tests/test_phase4a_review_states.py::test_persisted_json_claim_migration_backfill[needs_review] PASSED [ 52%]
tests/test_phase4a_review_states.py::test_persisted_json_claim_migration_backfill[confirmed] PASSED [ 52%]
tests/test_phase4a_review_states.py::test_persisted_json_claim_migration_backfill[rejected] PASSED [ 53%]
tests/test_phase4a_review_states.py::test_relationship_and_participation_use_reconciliation_contract PASSED [ 53%]
tests/test_phase4a_review_states.py::test_canonical_enum PASSED          [ 53%]
tests/test_phase4a_review_states.py::test_review_patch_rejection_preserves_database[invalid-characters-2-Character] PASSED [ 53%]
tests/test_phase4a_review_states.py::test_review_patch_rejection_preserves_database[invalid-scenes-4-Scene] PASSED [ 53%]
tests/test_phase4a_review_states.py::test_review_patch_rejection_preserves_database[invalid-events-5-Event] PASSED [ 54%]
tests/test_phase4a_review_states.py::test_review_patch_rejection_preserves_database[null-characters-2-Character] PASSED [ 54%]
tests/test_phase4a_review_states.py::test_review_patch_rejection_preserves_database[null-scenes-4-Scene] PASSED [ 54%]
tests/test_phase4a_review_states.py::test_review_patch_rejection_preserves_database[null-events-5-Event] PASSED [ 54%]
tests/test_phase4a_review_states.py::test_review_patch_rejection_preserves_database[object-characters-2-Character] PASSED [ 54%]
tests/test_phase4a_review_states.py::test_review_patch_rejection_preserves_database[object-scenes-4-Scene] PASSED [ 55%]
tests/test_phase4a_review_states.py::test_review_patch_rejection_preserves_database[object-events-5-Event] PASSED [ 55%]
tests/test_phase4a_review_states.py::test_review_patch_rejection_preserves_database[unauthenticated-characters-2-Character] PASSED [ 55%]
tests/test_phase4a_review_states.py::test_review_patch_rejection_preserves_database[unauthenticated-scenes-4-Scene] PASSED [ 55%]
tests/test_phase4a_review_states.py::test_review_patch_rejection_preserves_database[unauthenticated-events-5-Event] PASSED [ 55%]
tests/test_phase4a_review_states.py::test_review_patch_rejection_preserves_database[wrong_user-characters-2-Character] PASSED [ 56%]
tests/test_phase4a_review_states.py::test_review_patch_rejection_preserves_database[wrong_user-scenes-4-Scene] PASSED [ 56%]
tests/test_phase4a_review_states.py::test_review_patch_rejection_preserves_database[wrong_user-events-5-Event] PASSED [ 56%]
tests/test_phase4a_review_states.py::test_review_patch_rejection_preserves_database[nonexistent-characters-2-Character] PASSED [ 56%]
tests/test_phase4a_review_states.py::test_review_patch_rejection_preserves_database[nonexistent-scenes-4-Scene] PASSED [ 56%]
tests/test_phase4a_review_states.py::test_review_patch_rejection_preserves_database[nonexistent-events-5-Event] PASSED [ 57%]
tests/test_phase4a_review_states.py::test_review_patch_rejection_preserves_database[identifier-characters-2-Character] PASSED [ 57%]
tests/test_phase4a_review_states.py::test_review_patch_rejection_preserves_database[identifier-scenes-4-Scene] PASSED [ 57%]
tests/test_phase4a_review_states.py::test_review_patch_rejection_preserves_database[identifier-events-5-Event] PASSED [ 57%]
tests/test_phase4a_review_states.py::test_review_patch_rejection_preserves_database[payload-characters-2-Character] PASSED [ 57%]
tests/test_phase4a_review_states.py::test_review_patch_rejection_preserves_database[payload-scenes-4-Scene] PASSED [ 58%]
tests/test_phase4a_review_states.py::test_review_patch_rejection_preserves_database[payload-events-5-Event] PASSED [ 58%]
tests/test_phase4a_review_states.py::test_reviewed_reanalysis_preserves_values[False-confirmed-Character-description] PASSED [ 58%]
tests/test_phase4a_review_states.py::test_reviewed_reanalysis_preserves_values[False-confirmed-Scene-summary] PASSED [ 58%]
tests/test_phase4a_review_states.py::test_reviewed_reanalysis_preserves_values[False-confirmed-Event-description] PASSED [ 58%]
tests/test_phase4a_review_states.py::test_reviewed_reanalysis_preserves_values[False-confirmed-StoryRelationship-description] PASSED [ 58%]
tests/test_phase4a_review_states.py::test_reviewed_reanalysis_preserves_values[False-confirmed-ChapterUnderstanding-summary] PASSED [ 59%]
tests/test_phase4a_review_states.py::test_reviewed_reanalysis_preserves_values[False-rejected-Character-description] PASSED [ 59%]
tests/test_phase4a_review_states.py::test_reviewed_reanalysis_preserves_values[False-rejected-Scene-summary] PASSED [ 59%]
tests/test_phase4a_review_states.py::test_reviewed_reanalysis_preserves_values[False-rejected-Event-description] PASSED [ 59%]
tests/test_phase4a_review_states.py::test_reviewed_reanalysis_preserves_values[False-rejected-StoryRelationship-description] PASSED [ 59%]
tests/test_phase4a_review_states.py::test_reviewed_reanalysis_preserves_values[False-rejected-ChapterUnderstanding-summary] PASSED [ 60%]
tests/test_phase4a_review_states.py::test_reviewed_reanalysis_preserves_values[True-confirmed-Character-description] PASSED [ 60%]
tests/test_phase4a_review_states.py::test_reviewed_reanalysis_preserves_values[True-confirmed-Scene-summary] PASSED [ 60%]
tests/test_phase4a_review_states.py::test_reviewed_reanalysis_preserves_values[True-confirmed-Event-description] PASSED [ 60%]
tests/test_phase4a_review_states.py::test_reviewed_reanalysis_preserves_values[True-confirmed-StoryRelationship-description] PASSED [ 60%]
tests/test_phase4a_review_states.py::test_reviewed_reanalysis_preserves_values[True-confirmed-ChapterUnderstanding-summary] PASSED [ 61%]
tests/test_phase4a_review_states.py::test_reviewed_reanalysis_preserves_values[True-rejected-Character-description] PASSED [ 61%]
tests/test_phase4a_review_states.py::test_reviewed_reanalysis_preserves_values[True-rejected-Scene-summary] PASSED [ 61%]
tests/test_phase4a_review_states.py::test_reviewed_reanalysis_preserves_values[True-rejected-Event-description] PASSED [ 61%]
tests/test_phase4a_review_states.py::test_reviewed_reanalysis_preserves_values[True-rejected-StoryRelationship-description] PASSED [ 61%]
tests/test_phase4a_review_states.py::test_reviewed_reanalysis_preserves_values[True-rejected-ChapterUnderstanding-summary] PASSED [ 62%]
tests/test_phase4a_review_states.py::test_parent_protected_claim_survives_conflicting_analysis[provenance-confirmed] PASSED [ 62%]
tests/test_phase4a_review_states.py::test_parent_protected_claim_survives_conflicting_analysis[provenance-rejected] PASSED [ 62%]
tests/test_phase4a_review_states.py::test_parent_protected_claim_survives_conflicting_analysis[edited_fields-confirmed] PASSED [ 62%]
tests/test_phase4a_review_states.py::test_parent_protected_claim_survives_conflicting_analysis[edited_fields-rejected] PASSED [ 62%]
tests/test_phase4a_review_states.py::test_embedded_claim_reconciliation_normalizes_persisted_states[False-None] PASSED [ 63%]
tests/test_phase4a_review_states.py::test_embedded_claim_reconciliation_normalizes_persisted_states[False-legacy] PASSED [ 63%]
tests/test_phase4a_review_states.py::test_embedded_claim_reconciliation_normalizes_persisted_states[False-unknown] PASSED [ 63%]
tests/test_phase4a_review_states.py::test_embedded_claim_reconciliation_normalizes_persisted_states[False-needs_review] PASSED [ 63%]
tests/test_phase4a_review_states.py::test_embedded_claim_reconciliation_normalizes_persisted_states[False-confirmed] PASSED [ 63%]
tests/test_phase4a_review_states.py::test_embedded_claim_reconciliation_normalizes_persisted_states[False-rejected] PASSED [ 64%]
tests/test_phase4a_review_states.py::test_embedded_claim_reconciliation_normalizes_persisted_states[True-None] PASSED [ 64%]
tests/test_phase4a_review_states.py::test_embedded_claim_reconciliation_normalizes_persisted_states[True-legacy] PASSED [ 64%]
tests/test_phase4a_review_states.py::test_embedded_claim_reconciliation_normalizes_persisted_states[True-unknown] PASSED [ 64%]
tests/test_phase4a_review_states.py::test_embedded_claim_reconciliation_normalizes_persisted_states[True-needs_review] PASSED [ 64%]
tests/test_phase4a_review_states.py::test_embedded_claim_reconciliation_normalizes_persisted_states[True-confirmed] PASSED [ 64%]
tests/test_phase4a_review_states.py::test_embedded_claim_reconciliation_normalizes_persisted_states[True-rejected] PASSED [ 65%]
tests/test_phase4a_review_states.py::test_deleted_event_is_not_resurrected PASSED [ 65%]
tests/test_phase4a_review_states.py::test_transition_contract[needs_review-needs_review] PASSED [ 65%]
tests/test_phase4a_review_states.py::test_transition_contract[needs_review-confirmed] PASSED [ 65%]
tests/test_phase4a_review_states.py::test_transition_contract[needs_review-rejected] PASSED [ 65%]
tests/test_phase4a_review_states.py::test_transition_contract[confirmed-needs_review] PASSED [ 66%]
tests/test_phase4a_review_states.py::test_transition_contract[confirmed-confirmed] PASSED [ 66%]
tests/test_phase4a_review_states.py::test_transition_contract[confirmed-rejected] PASSED [ 66%]
tests/test_phase4a_review_states.py::test_transition_contract[rejected-needs_review] PASSED [ 66%]
tests/test_phase4a_review_states.py::test_transition_contract[rejected-confirmed] PASSED [ 66%]
tests/test_phase4a_review_states.py::test_transition_contract[rejected-rejected] PASSED [ 67%]
tests/test_phase4a_review_states.py::test_invalid_transition[None] PASSED [ 67%]
tests/test_phase4a_review_states.py::test_invalid_transition[] PASSED    [ 67%]
tests/test_phase4a_review_states.py::test_invalid_transition[unknown] PASSED [ 67%]
tests/test_phase4a_review_states.py::test_invalid_transition[approved] PASSED [ 67%]
tests/test_phase4a_review_states.py::test_invalid_transition[1] PASSED   [ 68%]
tests/test_phase4a_review_states.py::test_invalid_transition[invalid5] PASSED [ 68%]
tests/test_phase4a_review_states.py::test_invalid_transition[invalid6] PASSED [ 68%]
tests/test_phase4a_review_states.py::test_api_transition_matrix[characters-2-Character] PASSED [ 68%]
tests/test_phase4a_review_states.py::test_api_transition_matrix[scenes-4-Scene] PASSED [ 68%]
tests/test_phase4a_review_states.py::test_api_transition_matrix[events-5-Event] PASSED [ 69%]
tests/test_phase4a_review_states.py::test_database_rejects_invalid_state[None-characters-2] PASSED [ 69%]
tests/test_phase4a_review_states.py::test_database_rejects_invalid_state[None-scenes-4] PASSED [ 69%]
tests/test_phase4a_review_states.py::test_database_rejects_invalid_state[None-events-5] PASSED [ 69%]
tests/test_phase4a_review_states.py::test_database_rejects_invalid_state[unknown-characters-2] PASSED [ 69%]
tests/test_phase4a_review_states.py::test_database_rejects_invalid_state[unknown-scenes-4] PASSED [ 70%]
tests/test_phase4a_review_states.py::test_database_rejects_invalid_state[unknown-events-5] PASSED [ 70%]
tests/test_phase4a_review_states.py::test_real_cross_scope_review_patch_uses_persisted_ownership[wrong_project-characters-2-Character] PASSED [ 70%]
tests/test_phase4a_review_states.py::test_real_cross_scope_review_patch_uses_persisted_ownership[wrong_project-scenes-4-Scene] PASSED [ 70%]
tests/test_phase4a_review_states.py::test_real_cross_scope_review_patch_uses_persisted_ownership[wrong_project-events-5-Event] PASSED [ 70%]
tests/test_phase4a_review_states.py::test_real_cross_scope_review_patch_uses_persisted_ownership[wrong_chapter-characters-2-Character] PASSED [ 70%]
tests/test_phase4a_review_states.py::test_real_cross_scope_review_patch_uses_persisted_ownership[wrong_chapter-scenes-4-Scene] PASSED [ 71%]
tests/test_phase4a_review_states.py::test_real_cross_scope_review_patch_uses_persisted_ownership[wrong_chapter-events-5-Event] PASSED [ 71%]
tests/test_phase4a_review_states.py::test_real_cross_scope_review_patch_uses_persisted_ownership[different_user-characters-2-Character] PASSED [ 71%]
tests/test_phase4a_review_states.py::test_real_cross_scope_review_patch_uses_persisted_ownership[different_user-scenes-4-Scene] PASSED [ 71%]
tests/test_phase4a_review_states.py::test_real_cross_scope_review_patch_uses_persisted_ownership[different_user-events-5-Event] PASSED [ 71%]
tests/test_phase4a_review_states.py::test_migration_backfills_deterministically_and_preserves_decisions PASSED [ 72%]
tests/test_phase4a_route_boundaries.py::test_every_story_route_rejects_invalid_missing_and_foreign_resources[DELETE-/api/v1/events/{event_id}] PASSED [ 72%]
tests/test_phase4a_route_boundaries.py::test_every_story_route_rejects_invalid_missing_and_foreign_resources[GET-/api/v1/chapters/{chapter_id}/characters] PASSED [ 72%]
tests/test_phase4a_route_boundaries.py::test_every_story_route_rejects_invalid_missing_and_foreign_resources[GET-/api/v1/chapters/{chapter_id}/relationships] PASSED [ 72%]
tests/test_phase4a_route_boundaries.py::test_every_story_route_rejects_invalid_missing_and_foreign_resources[GET-/api/v1/chapters/{chapter_id}/scenes] PASSED [ 72%]
tests/test_phase4a_route_boundaries.py::test_every_story_route_rejects_invalid_missing_and_foreign_resources[GET-/api/v1/chapters/{chapter_id}/story/status] PASSED [ 73%]
tests/test_phase4a_route_boundaries.py::test_every_story_route_rejects_invalid_missing_and_foreign_resources[GET-/api/v1/chapters/{chapter_id}/story/summary] PASSED [ 73%]
tests/test_phase4a_route_boundaries.py::test_every_story_route_rejects_invalid_missing_and_foreign_resources[GET-/api/v1/chapters/{chapter_id}/story/versions] PASSED [ 73%]
tests/test_phase4a_route_boundaries.py::test_every_story_route_rejects_invalid_missing_and_foreign_resources[GET-/api/v1/scenes/{scene_id}] PASSED [ 73%]
tests/test_phase4a_route_boundaries.py::test_every_story_route_rejects_invalid_missing_and_foreign_resources[GET-/api/v1/scenes/{scene_id}/events] PASSED [ 73%]
tests/test_phase4a_route_boundaries.py::test_every_story_route_rejects_invalid_missing_and_foreign_resources[PATCH-/api/v1/characters/{character_id}] PASSED [ 74%]
tests/test_phase4a_route_boundaries.py::test_every_story_route_rejects_invalid_missing_and_foreign_resources[PATCH-/api/v1/events/{event_id}] PASSED [ 74%]
tests/test_phase4a_route_boundaries.py::test_every_story_route_rejects_invalid_missing_and_foreign_resources[PATCH-/api/v1/scenes/{scene_id}] PASSED [ 74%]
tests/test_phase4a_route_boundaries.py::test_every_story_route_rejects_invalid_missing_and_foreign_resources[POST-/api/v1/chapters/{chapter_id}/story/analyze] PASSED [ 74%]
tests/test_phase4a_route_boundaries.py::test_every_story_route_rejects_invalid_missing_and_foreign_resources[POST-/api/v1/characters/{character_id}/merge] PASSED [ 74%]
tests/test_phase4a_route_boundaries.py::test_every_story_route_rejects_invalid_missing_and_foreign_resources[POST-/api/v1/characters/{character_id}/split] PASSED [ 75%]
tests/test_phase4a_route_boundaries.py::test_explicit_human_review_transitions[characters-2-Character-confirmed-confirmed] PASSED [ 75%]
tests/test_phase4a_route_boundaries.py::test_explicit_human_review_transitions[characters-2-Character-confirmed-needs_review] PASSED [ 75%]
tests/test_phase4a_route_boundaries.py::test_explicit_human_review_transitions[characters-2-Character-confirmed-rejected] PASSED [ 75%]
tests/test_phase4a_route_boundaries.py::test_explicit_human_review_transitions[characters-2-Character-needs_review-confirmed] PASSED [ 75%]
tests/test_phase4a_route_boundaries.py::test_explicit_human_review_transitions[characters-2-Character-needs_review-needs_review] PASSED [ 76%]
tests/test_phase4a_route_boundaries.py::test_explicit_human_review_transitions[characters-2-Character-needs_review-rejected] PASSED [ 76%]
tests/test_phase4a_route_boundaries.py::test_explicit_human_review_transitions[characters-2-Character-rejected-confirmed] PASSED [ 76%]
tests/test_phase4a_route_boundaries.py::test_explicit_human_review_transitions[characters-2-Character-rejected-needs_review] PASSED [ 76%]
tests/test_phase4a_route_boundaries.py::test_explicit_human_review_transitions[characters-2-Character-rejected-rejected] PASSED [ 76%]
tests/test_phase4a_route_boundaries.py::test_explicit_human_review_transitions[scenes-4-Scene-confirmed-confirmed] PASSED [ 76%]
tests/test_phase4a_route_boundaries.py::test_explicit_human_review_transitions[scenes-4-Scene-confirmed-needs_review] PASSED [ 77%]
tests/test_phase4a_route_boundaries.py::test_explicit_human_review_transitions[scenes-4-Scene-confirmed-rejected] PASSED [ 77%]
tests/test_phase4a_route_boundaries.py::test_explicit_human_review_transitions[scenes-4-Scene-needs_review-confirmed] PASSED [ 77%]
tests/test_phase4a_route_boundaries.py::test_explicit_human_review_transitions[scenes-4-Scene-needs_review-needs_review] PASSED [ 77%]
tests/test_phase4a_route_boundaries.py::test_explicit_human_review_transitions[scenes-4-Scene-needs_review-rejected] PASSED [ 77%]
tests/test_phase4a_route_boundaries.py::test_explicit_human_review_transitions[scenes-4-Scene-rejected-confirmed] PASSED [ 78%]
tests/test_phase4a_route_boundaries.py::test_explicit_human_review_transitions[scenes-4-Scene-rejected-needs_review] PASSED [ 78%]
tests/test_phase4a_route_boundaries.py::test_explicit_human_review_transitions[scenes-4-Scene-rejected-rejected] PASSED [ 78%]
tests/test_phase4a_route_boundaries.py::test_explicit_human_review_transitions[events-5-Event-confirmed-confirmed] PASSED [ 78%]
tests/test_phase4a_route_boundaries.py::test_explicit_human_review_transitions[events-5-Event-confirmed-needs_review] PASSED [ 78%]
tests/test_phase4a_route_boundaries.py::test_explicit_human_review_transitions[events-5-Event-confirmed-rejected] PASSED [ 79%]
tests/test_phase4a_route_boundaries.py::test_explicit_human_review_transitions[events-5-Event-needs_review-confirmed] PASSED [ 79%]
tests/test_phase4a_route_boundaries.py::test_explicit_human_review_transitions[events-5-Event-needs_review-needs_review] PASSED [ 79%]
tests/test_phase4a_route_boundaries.py::test_explicit_human_review_transitions[events-5-Event-needs_review-rejected] PASSED [ 79%]
tests/test_phase4a_route_boundaries.py::test_explicit_human_review_transitions[events-5-Event-rejected-confirmed] PASSED [ 79%]
tests/test_phase4a_route_boundaries.py::test_explicit_human_review_transitions[events-5-Event-rejected-needs_review] PASSED [ 80%]
tests/test_phase4a_route_boundaries.py::test_explicit_human_review_transitions[events-5-Event-rejected-rejected] PASSED [ 80%]
tests/test_phase4a_route_boundaries.py::test_state_machine_rejects_unknown_source_and_destination[confirmed-None] PASSED [ 80%]
tests/test_phase4a_route_boundaries.py::test_state_machine_rejects_unknown_source_and_destination[confirmed-deleted] PASSED [ 80%]
tests/test_phase4a_route_boundaries.py::test_state_machine_rejects_unknown_source_and_destination[confirmed-approved] PASSED [ 80%]
tests/test_phase4a_route_boundaries.py::test_state_machine_rejects_unknown_source_and_destination[confirmed-] PASSED [ 81%]
tests/test_phase4a_route_boundaries.py::test_state_machine_rejects_unknown_source_and_destination[confirmed-1] PASSED [ 81%]
tests/test_phase4a_route_boundaries.py::test_state_machine_rejects_unknown_source_and_destination[needs_review-None] PASSED [ 81%]
tests/test_phase4a_route_boundaries.py::test_state_machine_rejects_unknown_source_and_destination[needs_review-deleted] PASSED [ 81%]
tests/test_phase4a_route_boundaries.py::test_state_machine_rejects_unknown_source_and_destination[needs_review-approved] PASSED [ 81%]
tests/test_phase4a_route_boundaries.py::test_state_machine_rejects_unknown_source_and_destination[needs_review-] PASSED [ 82%]
tests/test_phase4a_route_boundaries.py::test_state_machine_rejects_unknown_source_and_destination[needs_review-1] PASSED [ 82%]
tests/test_phase4a_route_boundaries.py::test_state_machine_rejects_unknown_source_and_destination[rejected-None] PASSED [ 82%]
tests/test_phase4a_route_boundaries.py::test_state_machine_rejects_unknown_source_and_destination[rejected-deleted] PASSED [ 82%]
tests/test_phase4a_route_boundaries.py::test_state_machine_rejects_unknown_source_and_destination[rejected-approved] PASSED [ 82%]
tests/test_phase4a_route_boundaries.py::test_state_machine_rejects_unknown_source_and_destination[rejected-] PASSED [ 82%]
tests/test_phase4a_route_boundaries.py::test_state_machine_rejects_unknown_source_and_destination[rejected-1] PASSED [ 83%]
tests/test_phase4a_route_boundaries.py::test_review_patch_rejects_invalid_status_without_mutation[None-characters-2-Character] PASSED [ 83%]
tests/test_phase4a_route_boundaries.py::test_review_patch_rejects_invalid_status_without_mutation[None-scenes-4-Scene] PASSED [ 83%]
tests/test_phase4a_route_boundaries.py::test_review_patch_rejects_invalid_status_without_mutation[None-events-5-Event] PASSED [ 83%]
tests/test_phase4a_route_boundaries.py::test_review_patch_rejects_invalid_status_without_mutation[deleted-characters-2-Character] PASSED [ 83%]
tests/test_phase4a_route_boundaries.py::test_review_patch_rejects_invalid_status_without_mutation[deleted-scenes-4-Scene] PASSED [ 84%]
tests/test_phase4a_route_boundaries.py::test_review_patch_rejects_invalid_status_without_mutation[deleted-events-5-Event] PASSED [ 84%]
tests/test_phase4a_route_boundaries.py::test_review_patch_rejects_invalid_status_without_mutation[approved-characters-2-Character] PASSED [ 84%]
tests/test_phase4a_route_boundaries.py::test_review_patch_rejects_invalid_status_without_mutation[approved-scenes-4-Scene] PASSED [ 84%]
tests/test_phase4a_route_boundaries.py::test_review_patch_rejects_invalid_status_without_mutation[approved-events-5-Event] PASSED [ 84%]
tests/test_phase4a_route_boundaries.py::test_review_patch_rejects_invalid_status_without_mutation[-characters-2-Character] PASSED [ 85%]
tests/test_phase4a_route_boundaries.py::test_review_patch_rejects_invalid_status_without_mutation[-scenes-4-Scene] PASSED [ 85%]
tests/test_phase4a_route_boundaries.py::test_review_patch_rejects_invalid_status_without_mutation[-events-5-Event] PASSED [ 85%]
tests/test_phase4a_route_boundaries.py::test_review_patch_rejects_invalid_status_without_mutation[1-characters-2-Character] PASSED [ 85%]
tests/test_phase4a_route_boundaries.py::test_review_patch_rejects_invalid_status_without_mutation[1-scenes-4-Scene] PASSED [ 85%]
tests/test_phase4a_route_boundaries.py::test_review_patch_rejects_invalid_status_without_mutation[1-events-5-Event] PASSED [ 86%]
tests/test_phase4a_route_inventory.py::test_story_route_inventory PASSED [ 86%]
tests/test_projects.py::test_project_and_chapter_crud_with_ownership PASSED [ 86%]
tests/test_projects.py::test_project_isolation PASSED                    [ 86%]
tests/test_projects.py::test_chapter_isolation PASSED                    [ 86%]
tests/test_rate_limit.py::test_limiter[login-result0-401] PASSED         [ 87%]
tests/test_rate_limit.py::test_limiter[login-result1-429] PASSED         [ 87%]
tests/test_rate_limit.py::test_limiter[login-result2-503] PASSED         [ 87%]
tests/test_rate_limit.py::test_limiter[register-result0-401] PASSED      [ 87%]
tests/test_rate_limit.py::test_limiter[register-result1-429] PASSED      [ 87%]
tests/test_rate_limit.py::test_limiter[register-result2-503] PASSED      [ 88%]
tests/test_script.py::test_script_grounding_and_snapshot_preservation PASSED [ 88%]
tests/test_script.py::test_script_rejects_invalid_sources[page] PASSED   [ 88%]
tests/test_script.py::test_script_rejects_invalid_sources[confirmed] PASSED [ 88%]
tests/test_script.py::test_script_rejects_invalid_sources[confidence] PASSED [ 88%]
tests/test_script.py::test_script_rejects_invalid_sources[rejected] PASSED [ 88%]
tests/test_script.py::test_script_api_create_review_and_ownership PASSED [ 89%]
tests/test_story.py::test_missing_provider PASSED                        [ 89%]
tests/test_story.py::test_provider_failure[TimeoutError] PASSED          [ 89%]
tests/test_story.py::test_provider_failure[RuntimeError] PASSED          [ 89%]
tests/test_story.py::test_chunking_page_overlap PASSED                   [ 89%]
tests/test_story.py::test_invalid_structured_json PASSED                 [ 90%]
tests/test_story_closure.py::test_factual_schema_requires_evidence[None-CharacterData-fields0] PASSED [ 90%]
tests/test_story_closure.py::test_factual_schema_requires_evidence[None-AliasData-fields1] PASSED [ 90%]
tests/test_story_closure.py::test_factual_schema_requires_evidence[None-EventData-fields2] PASSED [ 90%]
tests/test_story_closure.py::test_factual_schema_requires_evidence[None-SceneData-fields3] PASSED [ 90%]
tests/test_story_closure.py::test_factual_schema_requires_evidence[None-RelationshipData-fields4] PASSED [ 91%]
tests/test_story_closure.py::test_factual_schema_requires_evidence[None-SummaryClaim-fields5] PASSED [ 91%]
tests/test_story_closure.py::test_factual_schema_requires_evidence[evidence1-CharacterData-fields0] PASSED [ 91%]
tests/test_story_closure.py::test_factual_schema_requires_evidence[evidence1-AliasData-fields1] PASSED [ 91%]
tests/test_story_closure.py::test_factual_schema_requires_evidence[evidence1-EventData-fields2] PASSED [ 91%]
tests/test_story_closure.py::test_factual_schema_requires_evidence[evidence1-SceneData-fields3] PASSED [ 92%]
tests/test_story_closure.py::test_factual_schema_requires_evidence[evidence1-RelationshipData-fields4] PASSED [ 92%]
tests/test_story_closure.py::test_factual_schema_requires_evidence[evidence1-SummaryClaim-fields5] PASSED [ 92%]
tests/test_story_closure.py::test_streaming_hash_bounds_reads PASSED     [ 92%]
tests/test_story_closure.py::test_alias_unicode_case_whitespace_deduplication PASSED [ 92%]
tests/test_story_closure.py::test_in_place_page_bytes_create_new_story_version PASSED [ 93%]
tests/test_story_integrity.py::test_concurrent_analyze_requests PASSED   [ 93%]
tests/test_story_integrity.py::test_manual_edit_preserved_and_proposal_conflict PASSED [ 93%]
tests/test_story_integrity.py::test_merge_split_preserve_references_and_audit PASSED [ 93%]
tests/test_story_integrity.py::test_story_user_isolation PASSED          [ 93%]
tests/test_story_integrity.py::test_fingerprint_configuration_and_migration_roundtrip PASSED [ 94%]
tests/test_story_integrity.py::test_cross_chapter_relationship_is_rejected_by_database PASSED [ 94%]
tests/test_story_resolution.py::test_empty_story_entities_are_rejected PASSED [ 94%]
tests/test_story_resolution.py::test_supported_alias_and_ambiguous_identity PASSED [ 94%]
tests/test_story_resolution.py::test_relationship_requires_resolved_character PASSED [ 94%]
tests/test_story_resolution.py::test_missing_scene_evidence_is_rejected PASSED [ 94%]
tests/test_story_resolution.py::test_exact_character_across_chunks_merges_with_reason PASSED [ 95%]
tests/test_story_resolution.py::test_similar_names_different_contexts_do_not_merge PASSED [ 95%]
tests/test_story_resolution.py::test_scene_boundary_merges_only_matching_evidence_and_context PASSED [ 95%]
tests/test_story_resolution.py::test_adjacent_scenes_and_invalid_range_are_not_silently_merged PASSED [ 95%]
tests/test_story_resolution.py::test_events_are_ordered_by_source_page_and_panel_not_input_order PASSED [ 95%]
tests/test_story_validation.py::test_valid_evidence PASSED               [ 96%]
tests/test_story_validation.py::test_reject_hallucinated_evidence[page_id-value0] PASSED [ 96%]
tests/test_story_validation.py::test_reject_hallucinated_evidence[panel_id-value1] PASSED [ 96%]
tests/test_story_validation.py::test_reject_hallucinated_evidence[ocr_result_id-value2] PASSED [ 96%]
tests/test_story_validation.py::test_reject_hallucinated_evidence[page_number-2] PASSED [ 96%]
tests/test_story_validation.py::test_reject_hallucinated_evidence[quote-invented dialogue] PASSED [ 97%]
tests/test_story_validation.py::test_cross_chapter_evidence PASSED       [ 97%]
tests/test_story_validation.py::test_empty_evidence_is_rejected PASSED   [ 97%]
tests/test_story_validation.py::test_malformed_evidence[evidence0] PASSED [ 97%]
tests/test_story_validation.py::test_malformed_evidence[evidence1] PASSED [ 97%]
tests/test_story_validation.py::test_malformed_evidence[evidence2] PASSED [ 98%]
tests/test_story_validation.py::test_invalid_relationship_character PASSED [ 98%]
tests/test_story_validation.py::test_invalid_scene_range[2-1] PASSED     [ 98%]
tests/test_story_validation.py::test_invalid_scene_range[1-2] PASSED     [ 98%]
tests/test_story_validation.py::test_empty_chunk_context PASSED          [ 98%]
tests/test_story_validation.py::test_large_chapter_chunk_bounds PASSED   [ 99%]
tests/test_story_validation.py::test_zero_overlap PASSED                 [ 99%]
tests/test_story_validation.py::test_oversized_page_fails_closed PASSED  [ 99%]
tests/test_story_validation.py::test_story_queue_cancellation PASSED     [ 99%]
tests/test_story_validation.py::test_story_migration_roundtrip PASSED    [ 99%]
tests/test_story_validation.py::test_successful_extraction_persists_evidence PASSED [100%]

============================== warnings summary ===============================
..\.venv\Lib\site-packages\fastapi\testclient.py:1
  D:\projects\manhua review\.venv\Lib\site-packages\fastapi\testclient.py:1: StarletteDeprecationWarning: Using `httpx` with `starlette.testclient` is deprecated; install `httpx2` instead.
    from starlette.testclient import TestClient as TestClient  # noqa

tests/test_auth.py::test_migration_roundtrip
  D:\projects\manhua review\backend\migrations\env.py:16: SAWarning: Cannot correctly sort tables; there are unresolvable cycles between tables "ingestion_attempts, jobs", which is usually caused by mutually dependent foreign key constraints.  Foreign key constraints involving these tables will not be considered; this warning may raise an error in a future release.
    context.run_migrations()

tests/test_phase4a_acceptance.py::test_phase4a_full_synthetic_lifecycle
  D:\projects\manhua review\.venv\Lib\site-packages\pydantic\main.py:475: UserWarning: Pydantic serializer warnings:
    PydanticSerializationUnexpectedValue(Expected `enum` - serialized value may not be as expected [field_name='status', input_value='needs_review', input_type=str])
    PydanticSerializationUnexpectedValue(Expected `enum` - serialized value may not be as expected [field_name='status', input_value='needs_review', input_type=str])
    PydanticSerializationUnexpectedValue(Expected `enum` - serialized value may not be as expected [field_name='status', input_value='needs_review', input_type=str])
    PydanticSerializationUnexpectedValue(Expected `enum` - serialized value may not be as expected [field_name='status', input_value='needs_review', input_type=str])
    return self.__pydantic_serializer__.to_python(

tests/test_phase4a_concurrency.py::test_simultaneous_initial_analysis
tests/test_phase4a_concurrency.py::test_simultaneous_reanalysis
tests/test_phase4a_concurrency.py::test_analyze_while_previous_job_is_completing
tests/test_phase4a_concurrency.py::test_reanalyze_while_analysis_is_active
tests/test_phase4a_concurrency.py::test_retry_after_failed_job
tests/test_phase4a_concurrency.py::test_duplicate_worker_delivery
  D:\projects\manhua review\.venv\Lib\site-packages\pydantic\main.py:475: UserWarning: Pydantic serializer warnings:
    PydanticSerializationUnexpectedValue(Expected `enum` - serialized value may not be as expected [field_name='status', input_value='needs_review', input_type=str])
    PydanticSerializationUnexpectedValue(Expected `enum` - serialized value may not be as expected [field_name='status', input_value='needs_review', input_type=str])
    return self.__pydantic_serializer__.to_python(

tests/test_story_integrity.py::test_manual_edit_preserved_and_proposal_conflict
tests/test_story_validation.py::test_successful_extraction_persists_evidence
  D:\projects\manhua review\.venv\Lib\site-packages\pydantic\main.py:475: UserWarning: Pydantic serializer warnings:
    PydanticSerializationUnexpectedValue(Expected `enum` - serialized value may not be as expected [field_name='status', input_value='needs_review', input_type=str])
    return self.__pydantic_serializer__.to_python(

-- Docs: https://docs.pytest.org/en/stable/how-to/capture-warnings.html
============================ slowest 30 durations =============================
9.85s call     tests/test_phase4a_review_states.py::test_migration_backfills_deterministically_and_preserves_decisions
3.51s call     tests/test_phase4a_review_states.py::test_all_entity_migration_backfills_and_enforces_constraints[rejected-scenes]
3.42s call     tests/test_phase4a_review_states.py::test_all_entity_migration_backfills_and_enforces_constraints[rejected-events]
3.41s call     tests/test_phase4a_review_states.py::test_all_entity_migration_backfills_and_enforces_constraints[rejected-story_relationships]
3.33s call     tests/test_phase4a_review_states.py::test_all_entity_migration_backfills_and_enforces_constraints[rejected-story_versions]
3.33s call     tests/test_phase4a_review_states.py::test_all_entity_migration_backfills_and_enforces_constraints[rejected-chapter_understandings]
3.21s call     tests/test_phase4a_review_states.py::test_all_entity_migration_backfills_and_enforces_constraints[unknown-scenes]
3.19s call     tests/test_phase4a_review_states.py::test_all_entity_migration_backfills_and_enforces_constraints[rejected-characters]
3.18s call     tests/test_phase4a_review_states.py::test_all_entity_migration_backfills_and_enforces_constraints[legacy-story_versions]
3.14s call     tests/test_phase4a_review_states.py::test_all_entity_migration_backfills_and_enforces_constraints[needs_review-story_versions]
3.14s call     tests/test_phase4a_review_states.py::test_all_entity_migration_backfills_and_enforces_constraints[confirmed-story_versions]
3.13s call     tests/test_phase4a_review_states.py::test_all_entity_migration_backfills_and_enforces_constraints[needs_review-events]
3.13s call     tests/test_phase4a_review_states.py::test_all_entity_migration_backfills_and_enforces_constraints[needs_review-story_relationships]
3.12s call     tests/test_phase4a_review_states.py::test_all_entity_migration_backfills_and_enforces_constraints[legacy-chapter_understandings]
3.11s call     tests/test_phase4a_review_states.py::test_all_entity_migration_backfills_and_enforces_constraints[None-characters]
3.11s call     tests/test_phase4a_review_states.py::test_all_entity_migration_backfills_and_enforces_constraints[unknown-characters]
3.09s call     tests/test_phase4a_review_states.py::test_all_entity_migration_backfills_and_enforces_constraints[confirmed-chapter_understandings]
3.08s call     tests/test_phase4a_review_states.py::test_all_entity_migration_backfills_and_enforces_constraints[None-events]
3.07s call     tests/test_phase4a_review_states.py::test_all_entity_migration_backfills_and_enforces_constraints[confirmed-characters]
3.07s call     tests/test_phase4a_review_states.py::test_all_entity_migration_backfills_and_enforces_constraints[needs_review-characters]
3.06s call     tests/test_phase4a_review_states.py::test_all_entity_migration_backfills_and_enforces_constraints[None-chapter_understandings]
3.05s call     tests/test_phase4a_review_states.py::test_all_entity_migration_backfills_and_enforces_constraints[needs_review-chapter_understandings]
3.04s call     tests/test_phase4a_review_states.py::test_all_entity_migration_backfills_and_enforces_constraints[unknown-story_relationships]
3.02s call     tests/test_phase4a_review_states.py::test_all_entity_migration_backfills_and_enforces_constraints[None-story_versions]
2.99s call     tests/test_phase4a_review_states.py::test_all_entity_migration_backfills_and_enforces_constraints[needs_review-scenes]
2.99s call     tests/test_phase4a_review_states.py::test_all_entity_migration_backfills_and_enforces_constraints[None-scenes]
2.98s call     tests/test_phase4a_review_states.py::test_all_entity_migration_backfills_and_enforces_constraints[unknown-events]
2.98s call     tests/test_phase4a_review_states.py::test_all_entity_migration_backfills_and_enforces_constraints[legacy-scenes]
2.98s call     tests/test_phase4a_review_states.py::test_all_entity_migration_backfills_and_enforces_constraints[legacy-story_relationships]
2.96s call     tests/test_phase4a_review_states.py::test_all_entity_migration_backfills_and_enforces_constraints[confirmed-scenes]
================ 517 passed, 11 warnings in 667.59s (0:11:07) =================
