2026-10-01T11:29:08.437664+00:00 up -d backend worker
 Network matrix-scenario-7_default Creating 
 Network matrix-scenario-7_default Creating 
 Network matrix-scenario-7_default Created 
 Network matrix-scenario-7_default Created 
 Container matrix-scenario-7-postgres-1 Creating 
 Container matrix-scenario-7-storage-1 Creating 
 Container matrix-scenario-7-redis-1 Creating 
 Container matrix-scenario-7-storage-1 Created 
 Container matrix-scenario-7-storage-init-1 Creating 
 Container matrix-scenario-7-redis-1 Created 
 Container matrix-scenario-7-postgres-1 Created 
 Container matrix-scenario-7-migrate-1 Creating 
 Container matrix-scenario-7-storage-init-1 Created 
 Container matrix-scenario-7-migrate-1 Created 
 Container matrix-scenario-7-backend-1 Creating 
 Container matrix-scenario-7-worker-1 Creating 
 Container matrix-scenario-7-worker-1 Created 
 Container matrix-scenario-7-backend-1 Created 
 Container matrix-scenario-7-redis-1 Starting 
 Container matrix-scenario-7-postgres-1 Starting 
 Container matrix-scenario-7-storage-1 Starting 
 Container matrix-scenario-7-redis-1 Started 
 Container matrix-scenario-7-postgres-1 Started 
 Container matrix-scenario-7-postgres-1 Waiting 
 Container matrix-scenario-7-storage-1 Started 
 Container matrix-scenario-7-storage-1 Waiting 
 Container matrix-scenario-7-postgres-1 Healthy 
 Container matrix-scenario-7-migrate-1 Starting 
 Container matrix-scenario-7-migrate-1 Started 
 Container matrix-scenario-7-storage-1 Healthy 
 Container matrix-scenario-7-storage-init-1 Starting 
 Container matrix-scenario-7-storage-init-1 Started 
 Container matrix-scenario-7-redis-1 Waiting 
 Container matrix-scenario-7-migrate-1 Waiting 
 Container matrix-scenario-7-migrate-1 Waiting 
 Container matrix-scenario-7-storage-init-1 Waiting 
 Container matrix-scenario-7-storage-init-1 Waiting 
 Container matrix-scenario-7-redis-1 Waiting 
 Container matrix-scenario-7-redis-1 Healthy 
 Container matrix-scenario-7-redis-1 Healthy 
 Container matrix-scenario-7-storage-init-1 Exited 
 Container matrix-scenario-7-storage-init-1 Exited 
 Container matrix-scenario-7-migrate-1 Exited 
 Container matrix-scenario-7-migrate-1 Exited 
 Container matrix-scenario-7-worker-1 Starting 
 Container matrix-scenario-7-backend-1 Starting 
 Container matrix-scenario-7-worker-1 Started 
 Container matrix-scenario-7-backend-1 Started 

2026-10-01T11:29:08.588773+00:00 ps -a -q worker
250e7c06e920f88b1f698e30151172d4e0b2150271329a455c0fbcefaec1d997

2026-10-01T11:29:08.776061+00:00 ps -a -q backend
a3e7c54cb9513c5127e0bb4d6f95530e4d35e9337cbd5eaf8fe9aaab5f58f785

2026-10-01T11:29:08.971143+00:00 ps -a -q redis
51ba211ac35fa4e7bc62378416a0ae96aa95b2b17d3e61763844b5abc67bdd84

2026-10-01T11:29:09.159214+00:00 ps -a -q storage-init
cec48cda7e864e8981d337599be61c3a5c090e19c3fcc74a8d923f7cb2a5987a

2026-10-01T11:29:09.456607+00:00 exec -T backend python -c import pathlib,hashlib,json; print(json.dumps({str(p):hashlib.sha256(p.read_bytes()).hexdigest() for p in pathlib.Path('app').rglob('*.py')}))
{"app/rate_limit.py": "959ebabf7baa6d66e826c5602a37eded27f834cccbaf0eaedfcb3bf87a4b02cd", "app/story_service.py": "9f376c2d701ce52ba62851deeb6ca3087e8fcfdf279069c9a472038d6d9decff", "app/story_audit.py": "43477a2b1a8a13d621db7cd3a4985138c9274b6d69ad4f5d58d0620df12f9afa", "app/health.py": "a0f9d81bbcdc598e204c2b2f04a61b1f1ea315af909dfb05d1cd1528564052d9", "app/jobs.py": "99cd008f5067c35ca8719dea2a66162b734d13f9b4c73b85fc207ead5fa518d7", "app/db.py": "88797de3460950455517124071777d27bf263714def1bb51002af398610ff495", "app/projects.py": "57a803479051e01cad474e1d51aa5a6a8cb0e86ea353a9db2465a8ade20272bc", "app/analysis_providers.py": "a7cf82584aa7500c8bac657a4ae9c4395dbe827e85dabd0378bfd832309fafef", "app/story_resolution.py": "0a0428238186f33578793496d7a31d60c16b28027354e88aaf273d7706984a18", "app/story_context.py": "54a34a57ba2af7052022f7216db59965feef6cd722d2f6d0e3942aa1ec813836", "app/auth.py": "4fc85db3900e62688a8b259b7b092070ec3de7994b46ba008583263ecbf0c7ab", "app/errors.py": "942ac1f2c03a934633d844d77f3773e56dbca7cf547f17539c60fd9d5c14dc88", "app/__init__.py": "e3b0c44298fc1c149afbf4c8996fb92427ae41e4649b934ca495991b7852b855", "app/models.py": "eeae37960d688f6e25542a21ff048c61350e298c0214f8d84d048fd55a940f2f", "app/ingestion.py": "06c7770eada6746f9c81221f0668b9297a7fbcc4ebff1ee5c394cb0db50e1607", "app/logging_config.py": "2d6ada5e1754015810c77cec26469aff314df473dd40cdf1929b90267c38c860", "app/story_providers.py": "7b715a670e46cc92866aad577cb60fcf15d725d339af5675426b2d4f31a7c694", "app/story.py": "211bf8bde8ed5a5960164d55cd6cec301954f4071918dafe5f7d107e550dba7e", "app/config.py": "590ee293b3dfcf71f7f99d03a1a0a929b42f96656f4a30ec67d1ff4556f11a1f", "app/security.py": "8c2cd86dfac59da0407c9009f00128a20d332f6bb97144ac31e55619ba3215e0", "app/story_review.py": "ec6e2d3fe7cd8faa1559e2996078f1d329704ecead8ab2d979a53c56534017bb", "app/ingestion_service.py": "311eed67b0b59bd364f4b7df4aa40ac6b8e80af3f4d0ad9f73e5a6189429e730", "app/extraction.py": "c7a41ba92d087d759fb3d74ca999fbaedf269644eb9346614be701c4a6006ede", "app/main.py": "b437beadb9569bff9e59c4427b9836ec527d98b132e5ed30c5b39e724eb80351", "app/worker.py": "86ac88bf4119b014fea75e570b3715e899a1c08cc7bb2f4c74b93c8d3c6432de", "app/storage.py": "2811618099ddf4dffd0bf27a4f1bade425688a49dcf8ac3093218ef7ce214db0", "app/story_schemas.py": "fd7c9d4a0718f9e436cf93dfac0becf7f4fa08a774fa3f9de5a849ee42e5fb0a", "app/analysis.py": "ce139d84c557481469db34e3bf01cdb5bef2aae89553403006932774362a5239", "app/analysis_service.py": "9376a265f9f94337d965536a1f0aa079dc89613536d3ea530a94c0d389b3c18d", "app/story_validation.py": "fe47d7c3e673fc9cb66ffdb71e3e1ac201c227286b02d14666233ead91a2517d"}

2026-10-01T11:29:09.761671+00:00 exec -T worker python -c import pathlib,hashlib,json; print(json.dumps({str(p):hashlib.sha256(p.read_bytes()).hexdigest() for p in pathlib.Path('app').rglob('*.py')}))
{"app/rate_limit.py": "959ebabf7baa6d66e826c5602a37eded27f834cccbaf0eaedfcb3bf87a4b02cd", "app/story_service.py": "9f376c2d701ce52ba62851deeb6ca3087e8fcfdf279069c9a472038d6d9decff", "app/story_audit.py": "43477a2b1a8a13d621db7cd3a4985138c9274b6d69ad4f5d58d0620df12f9afa", "app/health.py": "a0f9d81bbcdc598e204c2b2f04a61b1f1ea315af909dfb05d1cd1528564052d9", "app/jobs.py": "99cd008f5067c35ca8719dea2a66162b734d13f9b4c73b85fc207ead5fa518d7", "app/db.py": "88797de3460950455517124071777d27bf263714def1bb51002af398610ff495", "app/projects.py": "57a803479051e01cad474e1d51aa5a6a8cb0e86ea353a9db2465a8ade20272bc", "app/analysis_providers.py": "a7cf82584aa7500c8bac657a4ae9c4395dbe827e85dabd0378bfd832309fafef", "app/story_resolution.py": "0a0428238186f33578793496d7a31d60c16b28027354e88aaf273d7706984a18", "app/story_context.py": "54a34a57ba2af7052022f7216db59965feef6cd722d2f6d0e3942aa1ec813836", "app/auth.py": "4fc85db3900e62688a8b259b7b092070ec3de7994b46ba008583263ecbf0c7ab", "app/errors.py": "942ac1f2c03a934633d844d77f3773e56dbca7cf547f17539c60fd9d5c14dc88", "app/__init__.py": "e3b0c44298fc1c149afbf4c8996fb92427ae41e4649b934ca495991b7852b855", "app/models.py": "eeae37960d688f6e25542a21ff048c61350e298c0214f8d84d048fd55a940f2f", "app/ingestion.py": "06c7770eada6746f9c81221f0668b9297a7fbcc4ebff1ee5c394cb0db50e1607", "app/logging_config.py": "2d6ada5e1754015810c77cec26469aff314df473dd40cdf1929b90267c38c860", "app/story_providers.py": "7b715a670e46cc92866aad577cb60fcf15d725d339af5675426b2d4f31a7c694", "app/story.py": "211bf8bde8ed5a5960164d55cd6cec301954f4071918dafe5f7d107e550dba7e", "app/config.py": "590ee293b3dfcf71f7f99d03a1a0a929b42f96656f4a30ec67d1ff4556f11a1f", "app/security.py": "8c2cd86dfac59da0407c9009f00128a20d332f6bb97144ac31e55619ba3215e0", "app/story_review.py": "ec6e2d3fe7cd8faa1559e2996078f1d329704ecead8ab2d979a53c56534017bb", "app/ingestion_service.py": "311eed67b0b59bd364f4b7df4aa40ac6b8e80af3f4d0ad9f73e5a6189429e730", "app/extraction.py": "c7a41ba92d087d759fb3d74ca999fbaedf269644eb9346614be701c4a6006ede", "app/main.py": "b437beadb9569bff9e59c4427b9836ec527d98b132e5ed30c5b39e724eb80351", "app/worker.py": "86ac88bf4119b014fea75e570b3715e899a1c08cc7bb2f4c74b93c8d3c6432de", "app/storage.py": "2811618099ddf4dffd0bf27a4f1bade425688a49dcf8ac3093218ef7ce214db0", "app/story_schemas.py": "fd7c9d4a0718f9e436cf93dfac0becf7f4fa08a774fa3f9de5a849ee42e5fb0a", "app/analysis.py": "ce139d84c557481469db34e3bf01cdb5bef2aae89553403006932774362a5239", "app/analysis_service.py": "9376a265f9f94337d965536a1f0aa079dc89613536d3ea530a94c0d389b3c18d", "app/story_validation.py": "fe47d7c3e673fc9cb66ffdb71e3e1ac201c227286b02d14666233ead91a2517d"}

2026-10-01T11:29:10.463382+00:00 exec -T worker python -c import json; from app.worker import celery_app as c; print(json.dumps(dict(acks_late=c.conf.task_acks_late,prefetch=c.conf.worker_prefetch_multiplier,queue=c.conf.task_default_queue)))
{"acks_late": false, "prefetch": 1, "queue": "system"}

2026-10-01T11:29:30.677115+00:00 ps -a -q worker
250e7c06e920f88b1f698e30151172d4e0b2150271329a455c0fbcefaec1d997

2026-10-01T11:29:30.847074+00:00 ps -a -q backend
a3e7c54cb9513c5127e0bb4d6f95530e4d35e9337cbd5eaf8fe9aaab5f58f785

2026-10-01T11:29:31.010929+00:00 ps -a -q redis
51ba211ac35fa4e7bc62378416a0ae96aa95b2b17d3e61763844b5abc67bdd84

2026-10-01T11:29:31.172209+00:00 ps -a -q storage-init
cec48cda7e864e8981d337599be61c3a5c090e19c3fcc74a8d923f7cb2a5987a

2026-10-01T11:29:34.337830+00:00 ps -a -q worker
250e7c06e920f88b1f698e30151172d4e0b2150271329a455c0fbcefaec1d997

2026-10-01T11:29:34.503095+00:00 ps -a -q backend
a3e7c54cb9513c5127e0bb4d6f95530e4d35e9337cbd5eaf8fe9aaab5f58f785

2026-10-01T11:29:34.688386+00:00 ps -a -q redis
51ba211ac35fa4e7bc62378416a0ae96aa95b2b17d3e61763844b5abc67bdd84

2026-10-01T11:29:34.866821+00:00 ps -a -q storage-init
cec48cda7e864e8981d337599be61c3a5c090e19c3fcc74a8d923f7cb2a5987a

2026-10-01T11:29:54.925094+00:00 ps -a -q worker
250e7c06e920f88b1f698e30151172d4e0b2150271329a455c0fbcefaec1d997

2026-10-01T11:29:55.090619+00:00 ps -a -q backend
a3e7c54cb9513c5127e0bb4d6f95530e4d35e9337cbd5eaf8fe9aaab5f58f785

2026-10-01T11:29:55.257448+00:00 ps -a -q redis
51ba211ac35fa4e7bc62378416a0ae96aa95b2b17d3e61763844b5abc67bdd84

2026-10-01T11:29:55.423152+00:00 ps -a -q storage-init
cec48cda7e864e8981d337599be61c3a5c090e19c3fcc74a8d923f7cb2a5987a

2026-10-01T11:29:56.336713+00:00 ps -a -q worker
250e7c06e920f88b1f698e30151172d4e0b2150271329a455c0fbcefaec1d997

2026-10-01T11:29:56.509626+00:00 ps -a -q backend
a3e7c54cb9513c5127e0bb4d6f95530e4d35e9337cbd5eaf8fe9aaab5f58f785

2026-10-01T11:29:56.685608+00:00 ps -a -q redis
51ba211ac35fa4e7bc62378416a0ae96aa95b2b17d3e61763844b5abc67bdd84

2026-10-01T11:29:56.860421+00:00 ps -a -q storage-init
cec48cda7e864e8981d337599be61c3a5c090e19c3fcc74a8d923f7cb2a5987a

2026-10-01T11:30:07.879797+00:00 ps -a -q worker
250e7c06e920f88b1f698e30151172d4e0b2150271329a455c0fbcefaec1d997

2026-10-01T11:30:08.040517+00:00 ps -a -q backend
a3e7c54cb9513c5127e0bb4d6f95530e4d35e9337cbd5eaf8fe9aaab5f58f785

2026-10-01T11:30:08.210823+00:00 ps -a -q redis
51ba211ac35fa4e7bc62378416a0ae96aa95b2b17d3e61763844b5abc67bdd84

2026-10-01T11:30:08.378132+00:00 ps -a -q storage-init
cec48cda7e864e8981d337599be61c3a5c090e19c3fcc74a8d923f7cb2a5987a

2026-10-01T11:30:08.899672+00:00 ps -a -q worker
250e7c06e920f88b1f698e30151172d4e0b2150271329a455c0fbcefaec1d997

2026-10-01T11:30:09.070616+00:00 ps -a -q backend
a3e7c54cb9513c5127e0bb4d6f95530e4d35e9337cbd5eaf8fe9aaab5f58f785

2026-10-01T11:30:09.240575+00:00 ps -a -q redis
51ba211ac35fa4e7bc62378416a0ae96aa95b2b17d3e61763844b5abc67bdd84

2026-10-01T11:30:09.403256+00:00 ps -a -q storage-init
cec48cda7e864e8981d337599be61c3a5c090e19c3fcc74a8d923f7cb2a5987a

2026-10-01T11:30:31.308640+00:00 logs --no-color --timestamps worker backend redis
redis-1   | 2026-10-01T11:29:03.850666391Z 1:C 01 Oct 2026 11:29:03.850 * oO0OoO0OoO0Oo Redis is starting oO0OoO0OoO0Oo
redis-1   | 2026-10-01T11:29:03.850701921Z 1:C 01 Oct 2026 11:29:03.850 * Redis version=7.4.5, bits=64, commit=00000000, modified=0, pid=1, just started
redis-1   | 2026-10-01T11:29:03.850704767Z 1:C 01 Oct 2026 11:29:03.850 # Warning: no config file specified, using the default config. In order to specify a config file use redis-server /path/to/redis.conf
redis-1   | 2026-10-01T11:29:03.851017523Z 1:M 01 Oct 2026 11:29:03.850 * monotonic clock: POSIX clock_gettime
redis-1   | 2026-10-01T11:29:03.851857150Z 1:M 01 Oct 2026 11:29:03.851 * Running mode=standalone, port=6379.
redis-1   | 2026-10-01T11:29:03.852204702Z 1:M 01 Oct 2026 11:29:03.852 * Server initialized
worker-1  | 2026-10-01T11:29:09.123792495Z  
redis-1   | 2026-10-01T11:29:03.852212525Z 1:M 01 Oct 2026 11:29:03.852 * Ready to accept connections tcp
redis-1   | 2026-10-01T11:30:08.466366466Z 1:signal-handler (1790854208) Received SIGTERM scheduling shutdown...
redis-1   | 2026-10-01T11:30:08.477586199Z 1:M 01 Oct 2026 11:30:08.477 * User requested shutdown...
redis-1   | 2026-10-01T11:30:08.477604546Z 1:M 01 Oct 2026 11:30:08.477 * Saving the final RDB snapshot before exiting.
redis-1   | 2026-10-01T11:30:08.481815174Z 1:M 01 Oct 2026 11:30:08.481 * DB saved on disk
worker-1  | 2026-10-01T11:29:09.123830107Z  -------------- celery@250e7c06e920 v5.6.3 (recovery)
worker-1  | 2026-10-01T11:29:09.123832930Z --- ***** ----- 
worker-1  | 2026-10-01T11:29:09.123834616Z -- ******* ---- Linux-6.18.40.1-microsoft-standard-WSL2-x86_64-with-glibc2.36 2026-10-01 11:29:09
worker-1  | 2026-10-01T11:29:09.123835937Z - *** --- * --- 
redis-1   | 2026-10-01T11:30:08.481829548Z 1:M 01 Oct 2026 11:30:08.481 # Redis is now ready to exit, bye bye...
redis-1   | 2026-10-01T11:30:08.762054071Z 1:C 01 Oct 2026 11:30:08.761 * oO0OoO0OoO0Oo Redis is starting oO0OoO0OoO0Oo
redis-1   | 2026-10-01T11:30:08.762083258Z 1:C 01 Oct 2026 11:30:08.761 * Redis version=7.4.5, bits=64, commit=00000000, modified=0, pid=1, just started
worker-1  | 2026-10-01T11:29:09.123837232Z - ** ---------- [config]
worker-1  | 2026-10-01T11:29:09.123838488Z - ** ---------- .> app:         recap:0x731bb746e6f0
redis-1   | 2026-10-01T11:30:08.762086399Z 1:C 01 Oct 2026 11:30:08.761 # Warning: no config file specified, using the default config. In order to specify a config file use redis-server /path/to/redis.conf
worker-1  | 2026-10-01T11:29:09.123839857Z - ** ---------- .> transport:   redis://redis:6379/0
worker-1  | 2026-10-01T11:29:09.123841619Z - ** ---------- .> results:     disabled://
redis-1   | 2026-10-01T11:30:08.762335809Z 1:M 01 Oct 2026 11:30:08.762 * monotonic clock: POSIX clock_gettime
worker-1  | 2026-10-01T11:29:09.123843029Z - *** --- * --- .> concurrency: 2 (prefork)
redis-1   | 2026-10-01T11:30:08.763120276Z 1:M 01 Oct 2026 11:30:08.762 * Running mode=standalone, port=6379.
redis-1   | 2026-10-01T11:30:08.763496063Z 1:M 01 Oct 2026 11:30:08.763 * Server initialized
redis-1   | 2026-10-01T11:30:08.763507335Z 1:M 01 Oct 2026 11:30:08.763 * Loading RDB produced by version 7.4.5
redis-1   | 2026-10-01T11:30:08.763509899Z 1:M 01 Oct 2026 11:30:08.763 * RDB age 0 seconds
redis-1   | 2026-10-01T11:30:08.763511842Z 1:M 01 Oct 2026 11:30:08.763 * RDB memory usage when created 1.68 Mb
redis-1   | 2026-10-01T11:30:08.763517559Z 1:M 01 Oct 2026 11:30:08.763 * Done loading RDB, keys loaded: 4, keys expired: 0.
redis-1   | 2026-10-01T11:30:08.763588929Z 1:M 01 Oct 2026 11:30:08.763 * DB loaded from disk: 0.000 seconds
worker-1  | 2026-10-01T11:29:09.123844192Z -- ******* ---- .> task events: OFF (enable -E to monitor tasks in this worker)
redis-1   | 2026-10-01T11:30:08.763599994Z 1:M 01 Oct 2026 11:30:08.763 * Ready to accept connections tcp
worker-1  | 2026-10-01T11:29:09.123845475Z --- ***** ----- 
worker-1  | 2026-10-01T11:29:09.123846621Z  -------------- [queues]
worker-1  | 2026-10-01T11:29:09.123847861Z                 .> system           exchange=system(direct) key=system
worker-1  | 2026-10-01T11:29:09.123849079Z                 
worker-1  | 2026-10-01T11:29:09.123850268Z 
worker-1  | 2026-10-01T11:29:09.123851500Z [tasks]
worker-1  | 2026-10-01T11:29:09.123852529Z   . ingestion.process
worker-1  | 2026-10-01T11:29:09.123853744Z   . system.heartbeat
worker-1  | 2026-10-01T11:29:09.123854815Z 
worker-1  | 2026-10-01T11:29:09.206973438Z {"timestamp": "2026-10-01T11:29:09.206645+00:00", "level": "INFO", "logger": "celery.worker.consumer.connection", "event": "Connected to redis://redis:6379/0", "request_id": null, "job_id": null, "user_id": null, "project_id": null, "stage": null, "status": null, "error": null, "duration_ms": null}
worker-1  | 2026-10-01T11:29:09.210671714Z {"timestamp": "2026-10-01T11:29:09.210533+00:00", "level": "INFO", "logger": "celery.worker.consumer.mingle", "event": "mingle: searching for neighbors", "request_id": null, "job_id": null, "user_id": null, "project_id": null, "stage": null, "status": null, "error": null, "duration_ms": null}
worker-1  | 2026-10-01T11:29:10.217755402Z {"timestamp": "2026-10-01T11:29:10.217503+00:00", "level": "INFO", "logger": "celery.worker.consumer.mingle", "event": "mingle: all alone", "request_id": null, "job_id": null, "user_id": null, "project_id": null, "stage": null, "status": null, "error": null, "duration_ms": null}
worker-1  | 2026-10-01T11:29:10.224610496Z {"timestamp": "2026-10-01T11:29:10.224439+00:00", "level": "INFO", "logger": "celery.apps.worker", "event": "celery@250e7c06e920 ready.", "request_id": null, "job_id": null, "user_id": null, "project_id": null, "stage": null, "status": null, "error": null, "duration_ms": null}
worker-1  | 2026-10-01T11:29:21.799338263Z {"timestamp": "2026-10-01T11:29:21.799108+00:00", "level": "INFO", "logger": "celery.worker.strategy", "event": "Task ingestion.process[b8e548cb-3ca8-4fe7-b611-5aba9b3fe32c] received", "request_id": null, "job_id": null, "user_id": null, "project_id": null, "stage": null, "status": null, "error": null, "duration_ms": null}
worker-1  | 2026-10-01T11:29:29.335575890Z {"timestamp": "2026-10-01T11:29:29.335305+00:00", "level": "INFO", "logger": "celery.app.trace", "event": "Task ingestion.process[b8e548cb-3ca8-4fe7-b611-5aba9b3fe32c] succeeded in 7.536522239999613s: None", "request_id": null, "job_id": null, "user_id": null, "project_id": null, "stage": null, "status": null, "error": null, "duration_ms": null}
worker-1  | 2026-10-01T11:29:31.258190086Z 
worker-1  | 2026-10-01T11:29:31.258205573Z worker: Warm shutdown (MainProcess)
worker-1  | 2026-10-01T11:29:34.938776165Z  
worker-1  | 2026-10-01T11:29:34.938800906Z  -------------- celery@250e7c06e920 v5.6.3 (recovery)
worker-1  | 2026-10-01T11:29:34.938802344Z --- ***** ----- 
worker-1  | 2026-10-01T11:29:34.938803311Z -- ******* ---- Linux-6.18.40.1-microsoft-standard-WSL2-x86_64-with-glibc2.36 2026-10-01 11:29:34
worker-1  | 2026-10-01T11:29:34.938804297Z - *** --- * --- 
worker-1  | 2026-10-01T11:29:34.938805141Z - ** ---------- [config]
worker-1  | 2026-10-01T11:29:34.938806017Z - ** ---------- .> app:         recap:0x764471c9c080
worker-1  | 2026-10-01T11:29:34.938807177Z - ** ---------- .> transport:   redis://redis:6379/0
worker-1  | 2026-10-01T11:29:34.938808068Z - ** ---------- .> results:     disabled://
worker-1  | 2026-10-01T11:29:34.938808903Z - *** --- * --- .> concurrency: 2 (prefork)
worker-1  | 2026-10-01T11:29:34.938809772Z -- ******* ---- .> task events: OFF (enable -E to monitor tasks in this worker)
worker-1  | 2026-10-01T11:29:34.938810655Z --- ***** ----- 
worker-1  | 2026-10-01T11:29:34.938811441Z  -------------- [queues]
worker-1  | 2026-10-01T11:29:34.938812273Z                 .> system           exchange=system(direct) key=system
worker-1  | 2026-10-01T11:29:34.938813165Z                 
worker-1  | 2026-10-01T11:29:34.938813955Z 
worker-1  | 2026-10-01T11:29:34.938814753Z [tasks]
worker-1  | 2026-10-01T11:29:34.938815587Z   . ingestion.process
worker-1  | 2026-10-01T11:29:34.938816445Z   . system.heartbeat
worker-1  | 2026-10-01T11:29:34.938817232Z 
worker-1  | 2026-10-01T11:29:35.008802771Z {"timestamp": "2026-10-01T11:29:35.008555+00:00", "level": "INFO", "logger": "celery.worker.consumer.connection", "event": "Connected to redis://redis:6379/0", "request_id": null, "job_id": null, "user_id": null, "project_id": null, "stage": null, "status": null, "error": null, "duration_ms": null}
worker-1  | 2026-10-01T11:29:35.010409155Z {"timestamp": "2026-10-01T11:29:35.010252+00:00", "level": "INFO", "logger": "celery.worker.consumer.mingle", "event": "mingle: searching for neighbors", "request_id": null, "job_id": null, "user_id": null, "project_id": null, "stage": null, "status": null, "error": null, "duration_ms": null}
worker-1  | 2026-10-01T11:29:36.017814789Z {"timestamp": "2026-10-01T11:29:36.017367+00:00", "level": "INFO", "logger": "celery.worker.consumer.mingle", "event": "mingle: all alone", "request_id": null, "job_id": null, "user_id": null, "project_id": null, "stage": null, "status": null, "error": null, "duration_ms": null}
worker-1  | 2026-10-01T11:29:36.024367295Z {"timestamp": "2026-10-01T11:29:36.024208+00:00", "level": "INFO", "logger": "celery.apps.worker", "event": "celery@250e7c06e920 ready.", "request_id": null, "job_id": null, "user_id": null, "project_id": null, "stage": null, "status": null, "error": null, "duration_ms": null}
worker-1  | 2026-10-01T11:30:08.483739262Z {"timestamp": "2026-10-01T11:30:08.483570+00:00", "level": "WARNING", "logger": "celery.worker.consumer.consumer", "event": "consumer: Connection to broker lost. Trying to re-establish the connection...", "request_id": null, "job_id": null, "user_id": null, "project_id": null, "stage": null, "status": null, "error": null, "duration_ms": null}
worker-1  | 2026-10-01T11:30:08.484613883Z {"timestamp": "2026-10-01T11:30:08.484492+00:00", "level": "WARNING", "logger": "py.warnings", "event": "/usr/local/lib/python3.12/site-packages/celery/worker/consumer/consumer.py:397: CPendingDeprecationWarning: \nIn Celery 5.1 we introduced an optional breaking change which\non connection loss cancels all currently executed tasks with late acknowledgement enabled.\nThese tasks cannot be acknowledged as the connection is gone, and the tasks are automatically redelivered\nback to the queue. You can enable this behavior using the worker_cancel_long_running_tasks_on_connection_loss\nsetting. In Celery 5.1 it is set to False by default. The setting will be set to True by default in Celery 6.0.\n\n  warnings.warn(CANCEL_TASKS_BY_DEFAULT, CPendingDeprecationWarning)\n", "request_id": null, "job_id": null, "user_id": null, "project_id": null, "stage": null, "status": null, "error": null, "duration_ms": null}
worker-1  | 2026-10-01T11:30:08.486938426Z {"timestamp": "2026-10-01T11:30:08.486818+00:00", "level": "ERROR", "logger": "celery.worker.consumer.consumer", "event": "consumer: Cannot connect to redis://redis:6379/0: Error 111 connecting to redis:6379. Connection refused..\nTrying again in 2.00 seconds... (1/100)\n", "request_id": null, "job_id": null, "user_id": null, "project_id": null, "stage": null, "status": null, "error": null, "duration_ms": null}
worker-1  | 2026-10-01T11:30:10.491358258Z {"timestamp": "2026-10-01T11:30:10.491185+00:00", "level": "INFO", "logger": "celery.worker.consumer.connection", "event": "Connected to redis://redis:6379/0", "request_id": null, "job_id": null, "user_id": null, "project_id": null, "stage": null, "status": null, "error": null, "duration_ms": null}
worker-1  | 2026-10-01T11:30:10.494807582Z {"timestamp": "2026-10-01T11:30:10.494601+00:00", "level": "INFO", "logger": "celery.worker.consumer.mingle", "event": "mingle: searching for neighbors", "request_id": null, "job_id": null, "user_id": null, "project_id": null, "stage": null, "status": null, "error": null, "duration_ms": null}
worker-1  | 2026-10-01T11:30:11.499863582Z {"timestamp": "2026-10-01T11:30:11.499619+00:00", "level": "INFO", "logger": "celery.worker.consumer.mingle", "event": "mingle: all alone", "request_id": null, "job_id": null, "user_id": null, "project_id": null, "stage": null, "status": null, "error": null, "duration_ms": null}
backend-1  | 2026-10-01T11:29:09.972018193Z INFO:     Started server process [1]
backend-1  | 2026-10-01T11:29:09.972049122Z INFO:     Waiting for application startup.
backend-1  | 2026-10-01T11:29:09.975231377Z INFO:     Application startup complete.
backend-1  | 2026-10-01T11:29:09.975398206Z INFO:     Uvicorn running on http://0.0.0.0:8000 (Press CTRL+C to quit)
backend-1  | 2026-10-01T11:29:12.064842281Z {"timestamp": "2026-10-01T11:29:12.064560+00:00", "level": "INFO", "logger": "app.main", "event": "request_completed", "request_id": "a08224a5-287a-45ce-badd-b70c62693648", "job_id": null, "user_id": null, "project_id": null, "stage": null, "status": 200, "error": null, "duration_ms": 26}
backend-1  | 2026-10-01T11:29:12.064920372Z INFO:     172.19.0.7:49030 - "GET /health/live HTTP/1.1" 200 OK
backend-1  | 2026-10-01T11:29:21.437761814Z {"timestamp": "2026-10-01T11:29:21.437531+00:00", "level": "INFO", "logger": "app.main", "event": "request_completed", "request_id": "8dc0cda1-d99e-4258-bb4c-a742b0d2014c", "job_id": null, "user_id": null, "project_id": null, "stage": null, "status": 201, "error": null, "duration_ms": 97}
backend-1  | 2026-10-01T11:29:21.437814780Z INFO:     172.19.0.7:58346 - "POST /api/v1/auth/register HTTP/1.1" 201 Created
backend-1  | 2026-10-01T11:29:21.449730169Z {"timestamp": "2026-10-01T11:29:21.449527+00:00", "level": "INFO", "logger": "app.main", "event": "request_completed", "request_id": "63f98926-4ec1-47b6-a06f-ff7e8e4aa328", "job_id": null, "user_id": null, "project_id": null, "stage": null, "status": 201, "error": null, "duration_ms": 10}
backend-1  | 2026-10-01T11:29:21.449761263Z INFO:     172.19.0.7:58346 - "POST /api/v1/projects HTTP/1.1" 201 Created
backend-1  | 2026-10-01T11:29:21.458519373Z {"timestamp": "2026-10-01T11:29:21.458376+00:00", "level": "INFO", "logger": "app.main", "event": "request_completed", "request_id": "7f15b665-6f02-4ede-b392-8e065fa2fe13", "job_id": null, "user_id": null, "project_id": null, "stage": null, "status": 201, "error": null, "duration_ms": 7}
backend-1  | 2026-10-01T11:29:21.458547306Z INFO:     172.19.0.7:58346 - "POST /api/v1/projects/d1bd778b-152d-4147-8426-d660b3d15ef5/chapters HTTP/1.1" 201 Created
backend-1  | 2026-10-01T11:29:21.801403536Z {"timestamp": "2026-10-01T11:29:21.801203+00:00", "level": "INFO", "logger": "app.main", "event": "request_completed", "request_id": "fd919773-78d2-46ba-b2b8-55af691d73bf", "job_id": null, "user_id": null, "project_id": null, "stage": null, "status": 200, "error": null, "duration_ms": 247}
backend-1  | 2026-10-01T11:29:21.801475350Z INFO:     172.19.0.7:58346 - "POST /api/v1/chapters/0d7882ac-e63b-4aec-b67a-ecbe4ff040cc/upload HTTP/1.1" 200 OK
backend-1  | 2026-10-01T11:29:35.056214016Z {"timestamp": "2026-10-01T11:29:35.056054+00:00", "level": "INFO", "logger": "app.main", "event": "request_completed", "request_id": "788a01ab-1b4d-4106-8e0a-3137f1b1d304", "job_id": null, "user_id": null, "project_id": null, "stage": null, "status": 200, "error": null, "duration_ms": 0}
backend-1  | 2026-10-01T11:29:35.056235737Z INFO:     172.19.0.7:33464 - "GET /health/live HTTP/1.1" 200 OK
backend-1  | 2026-10-01T11:29:55.534185060Z INFO:     Shutting down
backend-1  | 2026-10-01T11:29:55.634951622Z INFO:     Waiting for application shutdown.
backend-1  | 2026-10-01T11:29:55.635673149Z INFO:     Application shutdown complete.
backend-1  | 2026-10-01T11:29:55.635907500Z INFO:     Finished server process [1]
backend-1  | 2026-10-01T11:29:57.618694822Z INFO:     Started server process [1]
backend-1  | 2026-10-01T11:29:57.618721574Z INFO:     Waiting for application startup.
backend-1  | 2026-10-01T11:29:57.621686752Z INFO:     Application startup complete.
backend-1  | 2026-10-01T11:29:57.621879702Z INFO:     Uvicorn running on http://0.0.0.0:8000 (Press CTRL+C to quit)
backend-1  | 2026-10-01T11:29:58.073390748Z {"timestamp": "2026-10-01T11:29:58.073173+00:00", "level": "INFO", "logger": "app.main", "event": "request_completed", "request_id": "57d20a11-33ff-4951-85a9-f1550dafdcab", "job_id": null, "user_id": null, "project_id": null, "stage": null, "status": 200, "error": null, "duration_ms": 26}
backend-1  | 2026-10-01T11:29:58.073437615Z INFO:     172.19.0.7:60622 - "GET /health/live HTTP/1.1" 200 OK
backend-1  | 2026-10-01T11:30:09.618687680Z {"timestamp": "2026-10-01T11:30:09.618486+00:00", "level": "INFO", "logger": "app.main", "event": "request_completed", "request_id": "0c2f271d-5ff5-4f12-b653-cfc847b41363", "job_id": null, "user_id": null, "project_id": null, "stage": null, "status": 200, "error": null, "duration_ms": 0}
backend-1  | 2026-10-01T11:30:09.618708641Z INFO:     172.19.0.7:44212 - "GET /health/live HTTP/1.1" 200 OK

2026-10-01T11:30:31.461034+00:00 logs --no-color --timestamps worker backend redis
backend-1  | 2026-10-01T11:29:09.972018193Z INFO:     Started server process [1]
backend-1  | 2026-10-01T11:29:09.972049122Z INFO:     Waiting for application startup.
redis-1    | 2026-10-01T11:29:03.850666391Z 1:C 01 Oct 2026 11:29:03.850 * oO0OoO0OoO0Oo Redis is starting oO0OoO0OoO0Oo
backend-1  | 2026-10-01T11:29:09.975231377Z INFO:     Application startup complete.
redis-1    | 2026-10-01T11:29:03.850701921Z 1:C 01 Oct 2026 11:29:03.850 * Redis version=7.4.5, bits=64, commit=00000000, modified=0, pid=1, just started
redis-1    | 2026-10-01T11:29:03.850704767Z 1:C 01 Oct 2026 11:29:03.850 # Warning: no config file specified, using the default config. In order to specify a config file use redis-server /path/to/redis.conf
redis-1    | 2026-10-01T11:29:03.851017523Z 1:M 01 Oct 2026 11:29:03.850 * monotonic clock: POSIX clock_gettime
redis-1    | 2026-10-01T11:29:03.851857150Z 1:M 01 Oct 2026 11:29:03.851 * Running mode=standalone, port=6379.
backend-1  | 2026-10-01T11:29:09.975398206Z INFO:     Uvicorn running on http://0.0.0.0:8000 (Press CTRL+C to quit)
redis-1    | 2026-10-01T11:29:03.852204702Z 1:M 01 Oct 2026 11:29:03.852 * Server initialized
backend-1  | 2026-10-01T11:29:12.064842281Z {"timestamp": "2026-10-01T11:29:12.064560+00:00", "level": "INFO", "logger": "app.main", "event": "request_completed", "request_id": "a08224a5-287a-45ce-badd-b70c62693648", "job_id": null, "user_id": null, "project_id": null, "stage": null, "status": 200, "error": null, "duration_ms": 26}
redis-1    | 2026-10-01T11:29:03.852212525Z 1:M 01 Oct 2026 11:29:03.852 * Ready to accept connections tcp
backend-1  | 2026-10-01T11:29:12.064920372Z INFO:     172.19.0.7:49030 - "GET /health/live HTTP/1.1" 200 OK
backend-1  | 2026-10-01T11:29:21.437761814Z {"timestamp": "2026-10-01T11:29:21.437531+00:00", "level": "INFO", "logger": "app.main", "event": "request_completed", "request_id": "8dc0cda1-d99e-4258-bb4c-a742b0d2014c", "job_id": null, "user_id": null, "project_id": null, "stage": null, "status": 201, "error": null, "duration_ms": 97}
backend-1  | 2026-10-01T11:29:21.437814780Z INFO:     172.19.0.7:58346 - "POST /api/v1/auth/register HTTP/1.1" 201 Created
backend-1  | 2026-10-01T11:29:21.449730169Z {"timestamp": "2026-10-01T11:29:21.449527+00:00", "level": "INFO", "logger": "app.main", "event": "request_completed", "request_id": "63f98926-4ec1-47b6-a06f-ff7e8e4aa328", "job_id": null, "user_id": null, "project_id": null, "stage": null, "status": 201, "error": null, "duration_ms": 10}
backend-1  | 2026-10-01T11:29:21.449761263Z INFO:     172.19.0.7:58346 - "POST /api/v1/projects HTTP/1.1" 201 Created
redis-1    | 2026-10-01T11:30:08.466366466Z 1:signal-handler (1790854208) Received SIGTERM scheduling shutdown...
redis-1    | 2026-10-01T11:30:08.477586199Z 1:M 01 Oct 2026 11:30:08.477 * User requested shutdown...
redis-1    | 2026-10-01T11:30:08.477604546Z 1:M 01 Oct 2026 11:30:08.477 * Saving the final RDB snapshot before exiting.
backend-1  | 2026-10-01T11:29:21.458519373Z {"timestamp": "2026-10-01T11:29:21.458376+00:00", "level": "INFO", "logger": "app.main", "event": "request_completed", "request_id": "7f15b665-6f02-4ede-b392-8e065fa2fe13", "job_id": null, "user_id": null, "project_id": null, "stage": null, "status": 201, "error": null, "duration_ms": 7}
redis-1    | 2026-10-01T11:30:08.481815174Z 1:M 01 Oct 2026 11:30:08.481 * DB saved on disk
redis-1    | 2026-10-01T11:30:08.481829548Z 1:M 01 Oct 2026 11:30:08.481 # Redis is now ready to exit, bye bye...
redis-1    | 2026-10-01T11:30:08.762054071Z 1:C 01 Oct 2026 11:30:08.761 * oO0OoO0OoO0Oo Redis is starting oO0OoO0OoO0Oo
redis-1    | 2026-10-01T11:30:08.762083258Z 1:C 01 Oct 2026 11:30:08.761 * Redis version=7.4.5, bits=64, commit=00000000, modified=0, pid=1, just started
redis-1    | 2026-10-01T11:30:08.762086399Z 1:C 01 Oct 2026 11:30:08.761 # Warning: no config file specified, using the default config. In order to specify a config file use redis-server /path/to/redis.conf
redis-1    | 2026-10-01T11:30:08.762335809Z 1:M 01 Oct 2026 11:30:08.762 * monotonic clock: POSIX clock_gettime
redis-1    | 2026-10-01T11:30:08.763120276Z 1:M 01 Oct 2026 11:30:08.762 * Running mode=standalone, port=6379.
backend-1  | 2026-10-01T11:29:21.458547306Z INFO:     172.19.0.7:58346 - "POST /api/v1/projects/d1bd778b-152d-4147-8426-d660b3d15ef5/chapters HTTP/1.1" 201 Created
backend-1  | 2026-10-01T11:29:21.801403536Z {"timestamp": "2026-10-01T11:29:21.801203+00:00", "level": "INFO", "logger": "app.main", "event": "request_completed", "request_id": "fd919773-78d2-46ba-b2b8-55af691d73bf", "job_id": null, "user_id": null, "project_id": null, "stage": null, "status": 200, "error": null, "duration_ms": 247}
redis-1    | 2026-10-01T11:30:08.763496063Z 1:M 01 Oct 2026 11:30:08.763 * Server initialized
redis-1    | 2026-10-01T11:30:08.763507335Z 1:M 01 Oct 2026 11:30:08.763 * Loading RDB produced by version 7.4.5
backend-1  | 2026-10-01T11:29:21.801475350Z INFO:     172.19.0.7:58346 - "POST /api/v1/chapters/0d7882ac-e63b-4aec-b67a-ecbe4ff040cc/upload HTTP/1.1" 200 OK
redis-1    | 2026-10-01T11:30:08.763509899Z 1:M 01 Oct 2026 11:30:08.763 * RDB age 0 seconds
redis-1    | 2026-10-01T11:30:08.763511842Z 1:M 01 Oct 2026 11:30:08.763 * RDB memory usage when created 1.68 Mb
redis-1    | 2026-10-01T11:30:08.763517559Z 1:M 01 Oct 2026 11:30:08.763 * Done loading RDB, keys loaded: 4, keys expired: 0.
backend-1  | 2026-10-01T11:29:35.056214016Z {"timestamp": "2026-10-01T11:29:35.056054+00:00", "level": "INFO", "logger": "app.main", "event": "request_completed", "request_id": "788a01ab-1b4d-4106-8e0a-3137f1b1d304", "job_id": null, "user_id": null, "project_id": null, "stage": null, "status": 200, "error": null, "duration_ms": 0}
redis-1    | 2026-10-01T11:30:08.763588929Z 1:M 01 Oct 2026 11:30:08.763 * DB loaded from disk: 0.000 seconds
backend-1  | 2026-10-01T11:29:35.056235737Z INFO:     172.19.0.7:33464 - "GET /health/live HTTP/1.1" 200 OK
redis-1    | 2026-10-01T11:30:08.763599994Z 1:M 01 Oct 2026 11:30:08.763 * Ready to accept connections tcp
backend-1  | 2026-10-01T11:29:55.534185060Z INFO:     Shutting down
backend-1  | 2026-10-01T11:29:55.634951622Z INFO:     Waiting for application shutdown.
backend-1  | 2026-10-01T11:29:55.635673149Z INFO:     Application shutdown complete.
backend-1  | 2026-10-01T11:29:55.635907500Z INFO:     Finished server process [1]
backend-1  | 2026-10-01T11:29:57.618694822Z INFO:     Started server process [1]
backend-1  | 2026-10-01T11:29:57.618721574Z INFO:     Waiting for application startup.
backend-1  | 2026-10-01T11:29:57.621686752Z INFO:     Application startup complete.
backend-1  | 2026-10-01T11:29:57.621879702Z INFO:     Uvicorn running on http://0.0.0.0:8000 (Press CTRL+C to quit)
backend-1  | 2026-10-01T11:29:58.073390748Z {"timestamp": "2026-10-01T11:29:58.073173+00:00", "level": "INFO", "logger": "app.main", "event": "request_completed", "request_id": "57d20a11-33ff-4951-85a9-f1550dafdcab", "job_id": null, "user_id": null, "project_id": null, "stage": null, "status": 200, "error": null, "duration_ms": 26}
backend-1  | 2026-10-01T11:29:58.073437615Z INFO:     172.19.0.7:60622 - "GET /health/live HTTP/1.1" 200 OK
backend-1  | 2026-10-01T11:30:09.618687680Z {"timestamp": "2026-10-01T11:30:09.618486+00:00", "level": "INFO", "logger": "app.main", "event": "request_completed", "request_id": "0c2f271d-5ff5-4f12-b653-cfc847b41363", "job_id": null, "user_id": null, "project_id": null, "stage": null, "status": 200, "error": null, "duration_ms": 0}
backend-1  | 2026-10-01T11:30:09.618708641Z INFO:     172.19.0.7:44212 - "GET /health/live HTTP/1.1" 200 OK
worker-1   | 2026-10-01T11:29:09.123792495Z  
worker-1   | 2026-10-01T11:29:09.123830107Z  -------------- celery@250e7c06e920 v5.6.3 (recovery)
worker-1   | 2026-10-01T11:29:09.123832930Z --- ***** ----- 
worker-1   | 2026-10-01T11:29:09.123834616Z -- ******* ---- Linux-6.18.40.1-microsoft-standard-WSL2-x86_64-with-glibc2.36 2026-10-01 11:29:09
worker-1   | 2026-10-01T11:29:09.123835937Z - *** --- * --- 
worker-1   | 2026-10-01T11:29:09.123837232Z - ** ---------- [config]
worker-1   | 2026-10-01T11:29:09.123838488Z - ** ---------- .> app:         recap:0x731bb746e6f0
worker-1   | 2026-10-01T11:29:09.123839857Z - ** ---------- .> transport:   redis://redis:6379/0
worker-1   | 2026-10-01T11:29:09.123841619Z - ** ---------- .> results:     disabled://
worker-1   | 2026-10-01T11:29:09.123843029Z - *** --- * --- .> concurrency: 2 (prefork)
worker-1   | 2026-10-01T11:29:09.123844192Z -- ******* ---- .> task events: OFF (enable -E to monitor tasks in this worker)
worker-1   | 2026-10-01T11:29:09.123845475Z --- ***** ----- 
worker-1   | 2026-10-01T11:29:09.123846621Z  -------------- [queues]
worker-1   | 2026-10-01T11:29:09.123847861Z                 .> system           exchange=system(direct) key=system
worker-1   | 2026-10-01T11:29:09.123849079Z                 
worker-1   | 2026-10-01T11:29:09.123850268Z 
worker-1   | 2026-10-01T11:29:09.123851500Z [tasks]
worker-1   | 2026-10-01T11:29:09.123852529Z   . ingestion.process
worker-1   | 2026-10-01T11:29:09.123853744Z   . system.heartbeat
worker-1   | 2026-10-01T11:29:09.123854815Z 
worker-1   | 2026-10-01T11:29:09.206973438Z {"timestamp": "2026-10-01T11:29:09.206645+00:00", "level": "INFO", "logger": "celery.worker.consumer.connection", "event": "Connected to redis://redis:6379/0", "request_id": null, "job_id": null, "user_id": null, "project_id": null, "stage": null, "status": null, "error": null, "duration_ms": null}
worker-1   | 2026-10-01T11:29:09.210671714Z {"timestamp": "2026-10-01T11:29:09.210533+00:00", "level": "INFO", "logger": "celery.worker.consumer.mingle", "event": "mingle: searching for neighbors", "request_id": null, "job_id": null, "user_id": null, "project_id": null, "stage": null, "status": null, "error": null, "duration_ms": null}
worker-1   | 2026-10-01T11:29:10.217755402Z {"timestamp": "2026-10-01T11:29:10.217503+00:00", "level": "INFO", "logger": "celery.worker.consumer.mingle", "event": "mingle: all alone", "request_id": null, "job_id": null, "user_id": null, "project_id": null, "stage": null, "status": null, "error": null, "duration_ms": null}
worker-1   | 2026-10-01T11:29:10.224610496Z {"timestamp": "2026-10-01T11:29:10.224439+00:00", "level": "INFO", "logger": "celery.apps.worker", "event": "celery@250e7c06e920 ready.", "request_id": null, "job_id": null, "user_id": null, "project_id": null, "stage": null, "status": null, "error": null, "duration_ms": null}
worker-1   | 2026-10-01T11:29:21.799338263Z {"timestamp": "2026-10-01T11:29:21.799108+00:00", "level": "INFO", "logger": "celery.worker.strategy", "event": "Task ingestion.process[b8e548cb-3ca8-4fe7-b611-5aba9b3fe32c] received", "request_id": null, "job_id": null, "user_id": null, "project_id": null, "stage": null, "status": null, "error": null, "duration_ms": null}
worker-1   | 2026-10-01T11:29:29.335575890Z {"timestamp": "2026-10-01T11:29:29.335305+00:00", "level": "INFO", "logger": "celery.app.trace", "event": "Task ingestion.process[b8e548cb-3ca8-4fe7-b611-5aba9b3fe32c] succeeded in 7.536522239999613s: None", "request_id": null, "job_id": null, "user_id": null, "project_id": null, "stage": null, "status": null, "error": null, "duration_ms": null}
worker-1   | 2026-10-01T11:29:31.258190086Z 
worker-1   | 2026-10-01T11:29:31.258205573Z worker: Warm shutdown (MainProcess)
worker-1   | 2026-10-01T11:29:34.938776165Z  
worker-1   | 2026-10-01T11:29:34.938800906Z  -------------- celery@250e7c06e920 v5.6.3 (recovery)
worker-1   | 2026-10-01T11:29:34.938802344Z --- ***** ----- 
worker-1   | 2026-10-01T11:29:34.938803311Z -- ******* ---- Linux-6.18.40.1-microsoft-standard-WSL2-x86_64-with-glibc2.36 2026-10-01 11:29:34
worker-1   | 2026-10-01T11:29:34.938804297Z - *** --- * --- 
worker-1   | 2026-10-01T11:29:34.938805141Z - ** ---------- [config]
worker-1   | 2026-10-01T11:29:34.938806017Z - ** ---------- .> app:         recap:0x764471c9c080
worker-1   | 2026-10-01T11:29:34.938807177Z - ** ---------- .> transport:   redis://redis:6379/0
worker-1   | 2026-10-01T11:29:34.938808068Z - ** ---------- .> results:     disabled://
worker-1   | 2026-10-01T11:29:34.938808903Z - *** --- * --- .> concurrency: 2 (prefork)
worker-1   | 2026-10-01T11:29:34.938809772Z -- ******* ---- .> task events: OFF (enable -E to monitor tasks in this worker)
worker-1   | 2026-10-01T11:29:34.938810655Z --- ***** ----- 
worker-1   | 2026-10-01T11:29:34.938811441Z  -------------- [queues]
worker-1   | 2026-10-01T11:29:34.938812273Z                 .> system           exchange=system(direct) key=system
worker-1   | 2026-10-01T11:29:34.938813165Z                 
worker-1   | 2026-10-01T11:29:34.938813955Z 
worker-1   | 2026-10-01T11:29:34.938814753Z [tasks]
worker-1   | 2026-10-01T11:29:34.938815587Z   . ingestion.process
worker-1   | 2026-10-01T11:29:34.938816445Z   . system.heartbeat
worker-1   | 2026-10-01T11:29:34.938817232Z 
worker-1   | 2026-10-01T11:29:35.008802771Z {"timestamp": "2026-10-01T11:29:35.008555+00:00", "level": "INFO", "logger": "celery.worker.consumer.connection", "event": "Connected to redis://redis:6379/0", "request_id": null, "job_id": null, "user_id": null, "project_id": null, "stage": null, "status": null, "error": null, "duration_ms": null}
worker-1   | 2026-10-01T11:29:35.010409155Z {"timestamp": "2026-10-01T11:29:35.010252+00:00", "level": "INFO", "logger": "celery.worker.consumer.mingle", "event": "mingle: searching for neighbors", "request_id": null, "job_id": null, "user_id": null, "project_id": null, "stage": null, "status": null, "error": null, "duration_ms": null}
worker-1   | 2026-10-01T11:29:36.017814789Z {"timestamp": "2026-10-01T11:29:36.017367+00:00", "level": "INFO", "logger": "celery.worker.consumer.mingle", "event": "mingle: all alone", "request_id": null, "job_id": null, "user_id": null, "project_id": null, "stage": null, "status": null, "error": null, "duration_ms": null}
worker-1   | 2026-10-01T11:29:36.024367295Z {"timestamp": "2026-10-01T11:29:36.024208+00:00", "level": "INFO", "logger": "celery.apps.worker", "event": "celery@250e7c06e920 ready.", "request_id": null, "job_id": null, "user_id": null, "project_id": null, "stage": null, "status": null, "error": null, "duration_ms": null}
worker-1   | 2026-10-01T11:30:08.483739262Z {"timestamp": "2026-10-01T11:30:08.483570+00:00", "level": "WARNING", "logger": "celery.worker.consumer.consumer", "event": "consumer: Connection to broker lost. Trying to re-establish the connection...", "request_id": null, "job_id": null, "user_id": null, "project_id": null, "stage": null, "status": null, "error": null, "duration_ms": null}
worker-1   | 2026-10-01T11:30:08.484613883Z {"timestamp": "2026-10-01T11:30:08.484492+00:00", "level": "WARNING", "logger": "py.warnings", "event": "/usr/local/lib/python3.12/site-packages/celery/worker/consumer/consumer.py:397: CPendingDeprecationWarning: \nIn Celery 5.1 we introduced an optional breaking change which\non connection loss cancels all currently executed tasks with late acknowledgement enabled.\nThese tasks cannot be acknowledged as the connection is gone, and the tasks are automatically redelivered\nback to the queue. You can enable this behavior using the worker_cancel_long_running_tasks_on_connection_loss\nsetting. In Celery 5.1 it is set to False by default. The setting will be set to True by default in Celery 6.0.\n\n  warnings.warn(CANCEL_TASKS_BY_DEFAULT, CPendingDeprecationWarning)\n", "request_id": null, "job_id": null, "user_id": null, "project_id": null, "stage": null, "status": null, "error": null, "duration_ms": null}
worker-1   | 2026-10-01T11:30:08.486938426Z {"timestamp": "2026-10-01T11:30:08.486818+00:00", "level": "ERROR", "logger": "celery.worker.consumer.consumer", "event": "consumer: Cannot connect to redis://redis:6379/0: Error 111 connecting to redis:6379. Connection refused..\nTrying again in 2.00 seconds... (1/100)\n", "request_id": null, "job_id": null, "user_id": null, "project_id": null, "stage": null, "status": null, "error": null, "duration_ms": null}
worker-1   | 2026-10-01T11:30:10.491358258Z {"timestamp": "2026-10-01T11:30:10.491185+00:00", "level": "INFO", "logger": "celery.worker.consumer.connection", "event": "Connected to redis://redis:6379/0", "request_id": null, "job_id": null, "user_id": null, "project_id": null, "stage": null, "status": null, "error": null, "duration_ms": null}
worker-1   | 2026-10-01T11:30:10.494807582Z {"timestamp": "2026-10-01T11:30:10.494601+00:00", "level": "INFO", "logger": "celery.worker.consumer.mingle", "event": "mingle: searching for neighbors", "request_id": null, "job_id": null, "user_id": null, "project_id": null, "stage": null, "status": null, "error": null, "duration_ms": null}
worker-1   | 2026-10-01T11:30:11.499863582Z {"timestamp": "2026-10-01T11:30:11.499619+00:00", "level": "INFO", "logger": "celery.worker.consumer.mingle", "event": "mingle: all alone", "request_id": null, "job_id": null, "user_id": null, "project_id": null, "stage": null, "status": null, "error": null, "duration_ms": null}

2026-10-01T11:30:34.136279+00:00 down --volumes --remove-orphans
 Container matrix-scenario-7-probe Stopping 
 Container matrix-scenario-7-probe Stopped 
 Container matrix-scenario-7-probe Removing 
 Container matrix-scenario-7-probe Removed 
 Container matrix-scenario-7-backend-1 Stopping 
 Container matrix-scenario-7-worker-1 Stopping 
 Container matrix-scenario-7-backend-1 Stopped 
 Container matrix-scenario-7-backend-1 Removing 
 Container matrix-scenario-7-backend-1 Removed 
 Container matrix-scenario-7-worker-1 Stopped 
 Container matrix-scenario-7-worker-1 Removing 
 Container matrix-scenario-7-worker-1 Removed 
 Container matrix-scenario-7-storage-init-1 Stopping 
 Container matrix-scenario-7-redis-1 Stopping 
 Container matrix-scenario-7-migrate-1 Stopping 
 Container matrix-scenario-7-migrate-1 Stopped 
 Container matrix-scenario-7-migrate-1 Removing 
 Container matrix-scenario-7-storage-init-1 Stopped 
 Container matrix-scenario-7-storage-init-1 Removing 
 Container matrix-scenario-7-migrate-1 Removed 
 Container matrix-scenario-7-postgres-1 Stopping 
 Container matrix-scenario-7-storage-init-1 Removed 
 Container matrix-scenario-7-storage-1 Stopping 
 Container matrix-scenario-7-redis-1 Stopped 
 Container matrix-scenario-7-redis-1 Removing 
 Container matrix-scenario-7-redis-1 Removed 
 Container matrix-scenario-7-storage-1 Stopped 
 Container matrix-scenario-7-storage-1 Removing 
 Container matrix-scenario-7-storage-1 Removed 
 Container matrix-scenario-7-postgres-1 Stopped 
 Container matrix-scenario-7-postgres-1 Removing 
 Container matrix-scenario-7-postgres-1 Removed 
 Container matrix-scenario-7-probe Stopping 
 Container matrix-scenario-7-probe Error Error while Stopping
 Container matrix-scenario-7-probe Removed 
 Network matrix-scenario-7_default Removing 
 Network matrix-scenario-7_default Removed 
