........................................................................ [ 14%]
........................................................................ [ 28%]
........................................................................ [ 42%]
........................................................................ [ 56%]
........................................................................ [ 70%]
........................................................................ [ 84%]
........................................................................ [ 98%]
.......                                                                  [100%]
============================== warnings summary ===============================
..\.venv\Lib\site-packages\fastapi\testclient.py:1
  D:\projects\manhua review\.venv\Lib\site-packages\fastapi\testclient.py:1: StarletteDeprecationWarning: Using `httpx` with `starlette.testclient` is deprecated; install `httpx2` instead.
    from starlette.testclient import TestClient as TestClient  # noqa

tests/test_auth.py::test_migration_roundtrip
  D:\projects\manhua review\backend\migrations\env.py:16: SAWarning: Cannot correctly sort tables; there are unresolvable cycles between tables "ingestion_attempts, jobs", which is usually caused by mutually dependent foreign key constraints.  Foreign key constraints involving these tables will not be considered; this warning may raise an error in a future release.
    context.run_migrations()

tests/test_phase4a_acceptance.py::test_phase4a_full_synthetic_lifecycle
  D:\projects\manhua review\.venv\Lib\site-packages\pydantic\main.py:475: UserWarning: Pydantic serializer warnings:
    PydanticSerializationUnexpectedValue(Expected `enum` - serialized value may not be as expected [field_name='status', input_value='needs_review', input_type=str])
    PydanticSerializationUnexpectedValue(Expected `enum` - serialized value may not be as expected [field_name='status', input_value='needs_review', input_type=str])
    PydanticSerializationUnexpectedValue(Expected `enum` - serialized value may not be as expected [field_name='status', input_value='needs_review', input_type=str])
    PydanticSerializationUnexpectedValue(Expected `enum` - serialized value may not be as expected [field_name='status', input_value='needs_review', input_type=str])
    return self.__pydantic_serializer__.to_python(

tests/test_phase4a_concurrency.py::test_simultaneous_initial_analysis
tests/test_phase4a_concurrency.py::test_simultaneous_reanalysis
tests/test_phase4a_concurrency.py::test_analyze_while_previous_job_is_completing
tests/test_phase4a_concurrency.py::test_reanalyze_while_analysis_is_active
tests/test_phase4a_concurrency.py::test_retry_after_failed_job
tests/test_phase4a_concurrency.py::test_duplicate_worker_delivery
  D:\projects\manhua review\.venv\Lib\site-packages\pydantic\main.py:475: UserWarning: Pydantic serializer warnings:
    PydanticSerializationUnexpectedValue(Expected `enum` - serialized value may not be as expected [field_name='status', input_value='needs_review', input_type=str])
    PydanticSerializationUnexpectedValue(Expected `enum` - serialized value may not be as expected [field_name='status', input_value='needs_review', input_type=str])
    return self.__pydantic_serializer__.to_python(

tests/test_story_integrity.py::test_manual_edit_preserved_and_proposal_conflict
tests/test_story_validation.py::test_successful_extraction_persists_evidence
  D:\projects\manhua review\.venv\Lib\site-packages\pydantic\main.py:475: UserWarning: Pydantic serializer warnings:
    PydanticSerializationUnexpectedValue(Expected `enum` - serialized value may not be as expected [field_name='status', input_value='needs_review', input_type=str])
    return self.__pydantic_serializer__.to_python(

-- Docs: https://docs.pytest.org/en/stable/how-to/capture-warnings.html
511 passed, 11 warnings in 485.49s (0:08:05)
