2026-10-01T10:56:11.086822+00:00 up -d backend worker
 Network matrix-scenario-4_default Creating 
 Network matrix-scenario-4_default Creating 
 Network matrix-scenario-4_default Created 
 Network matrix-scenario-4_default Created 
 Container matrix-scenario-4-storage-1 Creating 
 Container matrix-scenario-4-postgres-1 Creating 
 Container matrix-scenario-4-redis-1 Creating 
 Container matrix-scenario-4-storage-1 Created 
 Container matrix-scenario-4-storage-init-1 Creating 
 Container matrix-scenario-4-redis-1 Created 
 Container matrix-scenario-4-postgres-1 Created 
 Container matrix-scenario-4-migrate-1 Creating 
 Container matrix-scenario-4-storage-init-1 Created 
 Container matrix-scenario-4-migrate-1 Created 
 Container matrix-scenario-4-worker-1 Creating 
 Container matrix-scenario-4-backend-1 Creating 
 Container matrix-scenario-4-worker-1 Created 
 Container matrix-scenario-4-backend-1 Created 
 Container matrix-scenario-4-postgres-1 Starting 
 Container matrix-scenario-4-storage-1 Starting 
 Container matrix-scenario-4-redis-1 Starting 
 Container matrix-scenario-4-postgres-1 Started 
 Container matrix-scenario-4-postgres-1 Waiting 
 Container matrix-scenario-4-storage-1 Started 
 Container matrix-scenario-4-storage-1 Waiting 
 Container matrix-scenario-4-redis-1 Started 
 Container matrix-scenario-4-postgres-1 Healthy 
 Container matrix-scenario-4-migrate-1 Starting 
 Container matrix-scenario-4-migrate-1 Started 
 Container matrix-scenario-4-storage-1 Healthy 
 Container matrix-scenario-4-storage-init-1 Starting 
 Container matrix-scenario-4-storage-init-1 Started 
 Container matrix-scenario-4-storage-init-1 Waiting 
 Container matrix-scenario-4-redis-1 Waiting 
 Container matrix-scenario-4-redis-1 Waiting 
 Container matrix-scenario-4-migrate-1 Waiting 
 Container matrix-scenario-4-migrate-1 Waiting 
 Container matrix-scenario-4-storage-init-1 Waiting 
 Container matrix-scenario-4-redis-1 Healthy 
 Container matrix-scenario-4-redis-1 Healthy 
 Container matrix-scenario-4-storage-init-1 Exited 
 Container matrix-scenario-4-storage-init-1 Exited 
 Container matrix-scenario-4-migrate-1 Exited 
 Container matrix-scenario-4-migrate-1 Exited 
 Container matrix-scenario-4-backend-1 Starting 
 Container matrix-scenario-4-worker-1 Starting 
 Container matrix-scenario-4-backend-1 Started 
 Container matrix-scenario-4-worker-1 Started 

2026-10-01T10:56:11.227757+00:00 ps -a -q worker
fce01eb220433bc7cd5a646540b747d47ba75cf6a05b81cc0cf35f97775cb257

2026-10-01T10:56:11.414061+00:00 ps -a -q backend
fe9fd4b6d44c731020ac8ff81cc2607f52c578bc04109458855e7bccb9027e1a

2026-10-01T10:56:11.604650+00:00 ps -a -q redis
19409f9f0d3473a716edfcdc483b05930c403b47e130179074431b10a2ac2533

2026-10-01T10:56:11.802762+00:00 ps -a -q storage-init
8592987ba189f0fb613008a224f8dfb6bf5d373626332620426513c2bda29ca8

2026-10-01T10:56:12.107761+00:00 exec -T backend python -c import pathlib,hashlib,json; print(json.dumps({str(p):hashlib.sha256(p.read_bytes()).hexdigest() for p in pathlib.Path('app').rglob('*.py')}))
{"app/rate_limit.py": "959ebabf7baa6d66e826c5602a37eded27f834cccbaf0eaedfcb3bf87a4b02cd", "app/story_service.py": "9f376c2d701ce52ba62851deeb6ca3087e8fcfdf279069c9a472038d6d9decff", "app/story_audit.py": "43477a2b1a8a13d621db7cd3a4985138c9274b6d69ad4f5d58d0620df12f9afa", "app/health.py": "a0f9d81bbcdc598e204c2b2f04a61b1f1ea315af909dfb05d1cd1528564052d9", "app/jobs.py": "99cd008f5067c35ca8719dea2a66162b734d13f9b4c73b85fc207ead5fa518d7", "app/db.py": "88797de3460950455517124071777d27bf263714def1bb51002af398610ff495", "app/projects.py": "57a803479051e01cad474e1d51aa5a6a8cb0e86ea353a9db2465a8ade20272bc", "app/analysis_providers.py": "a7cf82584aa7500c8bac657a4ae9c4395dbe827e85dabd0378bfd832309fafef", "app/story_resolution.py": "0a0428238186f33578793496d7a31d60c16b28027354e88aaf273d7706984a18", "app/story_context.py": "54a34a57ba2af7052022f7216db59965feef6cd722d2f6d0e3942aa1ec813836", "app/auth.py": "4fc85db3900e62688a8b259b7b092070ec3de7994b46ba008583263ecbf0c7ab", "app/errors.py": "942ac1f2c03a934633d844d77f3773e56dbca7cf547f17539c60fd9d5c14dc88", "app/__init__.py": "e3b0c44298fc1c149afbf4c8996fb92427ae41e4649b934ca495991b7852b855", "app/models.py": "eeae37960d688f6e25542a21ff048c61350e298c0214f8d84d048fd55a940f2f", "app/ingestion.py": "06c7770eada6746f9c81221f0668b9297a7fbcc4ebff1ee5c394cb0db50e1607", "app/logging_config.py": "2d6ada5e1754015810c77cec26469aff314df473dd40cdf1929b90267c38c860", "app/story_providers.py": "7b715a670e46cc92866aad577cb60fcf15d725d339af5675426b2d4f31a7c694", "app/story.py": "211bf8bde8ed5a5960164d55cd6cec301954f4071918dafe5f7d107e550dba7e", "app/config.py": "590ee293b3dfcf71f7f99d03a1a0a929b42f96656f4a30ec67d1ff4556f11a1f", "app/security.py": "8c2cd86dfac59da0407c9009f00128a20d332f6bb97144ac31e55619ba3215e0", "app/story_review.py": "ec6e2d3fe7cd8faa1559e2996078f1d329704ecead8ab2d979a53c56534017bb", "app/ingestion_service.py": "311eed67b0b59bd364f4b7df4aa40ac6b8e80af3f4d0ad9f73e5a6189429e730", "app/extraction.py": "c7a41ba92d087d759fb3d74ca999fbaedf269644eb9346614be701c4a6006ede", "app/main.py": "b437beadb9569bff9e59c4427b9836ec527d98b132e5ed30c5b39e724eb80351", "app/worker.py": "86ac88bf4119b014fea75e570b3715e899a1c08cc7bb2f4c74b93c8d3c6432de", "app/storage.py": "2811618099ddf4dffd0bf27a4f1bade425688a49dcf8ac3093218ef7ce214db0", "app/story_schemas.py": "fd7c9d4a0718f9e436cf93dfac0becf7f4fa08a774fa3f9de5a849ee42e5fb0a", "app/analysis.py": "ce139d84c557481469db34e3bf01cdb5bef2aae89553403006932774362a5239", "app/analysis_service.py": "9376a265f9f94337d965536a1f0aa079dc89613536d3ea530a94c0d389b3c18d", "app/story_validation.py": "fe47d7c3e673fc9cb66ffdb71e3e1ac201c227286b02d14666233ead91a2517d"}

2026-10-01T10:56:12.389818+00:00 exec -T worker python -c import pathlib,hashlib,json; print(json.dumps({str(p):hashlib.sha256(p.read_bytes()).hexdigest() for p in pathlib.Path('app').rglob('*.py')}))
{"app/rate_limit.py": "959ebabf7baa6d66e826c5602a37eded27f834cccbaf0eaedfcb3bf87a4b02cd", "app/story_service.py": "9f376c2d701ce52ba62851deeb6ca3087e8fcfdf279069c9a472038d6d9decff", "app/story_audit.py": "43477a2b1a8a13d621db7cd3a4985138c9274b6d69ad4f5d58d0620df12f9afa", "app/health.py": "a0f9d81bbcdc598e204c2b2f04a61b1f1ea315af909dfb05d1cd1528564052d9", "app/jobs.py": "99cd008f5067c35ca8719dea2a66162b734d13f9b4c73b85fc207ead5fa518d7", "app/db.py": "88797de3460950455517124071777d27bf263714def1bb51002af398610ff495", "app/projects.py": "57a803479051e01cad474e1d51aa5a6a8cb0e86ea353a9db2465a8ade20272bc", "app/analysis_providers.py": "a7cf82584aa7500c8bac657a4ae9c4395dbe827e85dabd0378bfd832309fafef", "app/story_resolution.py": "0a0428238186f33578793496d7a31d60c16b28027354e88aaf273d7706984a18", "app/story_context.py": "54a34a57ba2af7052022f7216db59965feef6cd722d2f6d0e3942aa1ec813836", "app/auth.py": "4fc85db3900e62688a8b259b7b092070ec3de7994b46ba008583263ecbf0c7ab", "app/errors.py": "942ac1f2c03a934633d844d77f3773e56dbca7cf547f17539c60fd9d5c14dc88", "app/__init__.py": "e3b0c44298fc1c149afbf4c8996fb92427ae41e4649b934ca495991b7852b855", "app/models.py": "eeae37960d688f6e25542a21ff048c61350e298c0214f8d84d048fd55a940f2f", "app/ingestion.py": "06c7770eada6746f9c81221f0668b9297a7fbcc4ebff1ee5c394cb0db50e1607", "app/logging_config.py": "2d6ada5e1754015810c77cec26469aff314df473dd40cdf1929b90267c38c860", "app/story_providers.py": "7b715a670e46cc92866aad577cb60fcf15d725d339af5675426b2d4f31a7c694", "app/story.py": "211bf8bde8ed5a5960164d55cd6cec301954f4071918dafe5f7d107e550dba7e", "app/config.py": "590ee293b3dfcf71f7f99d03a1a0a929b42f96656f4a30ec67d1ff4556f11a1f", "app/security.py": "8c2cd86dfac59da0407c9009f00128a20d332f6bb97144ac31e55619ba3215e0", "app/story_review.py": "ec6e2d3fe7cd8faa1559e2996078f1d329704ecead8ab2d979a53c56534017bb", "app/ingestion_service.py": "311eed67b0b59bd364f4b7df4aa40ac6b8e80af3f4d0ad9f73e5a6189429e730", "app/extraction.py": "c7a41ba92d087d759fb3d74ca999fbaedf269644eb9346614be701c4a6006ede", "app/main.py": "b437beadb9569bff9e59c4427b9836ec527d98b132e5ed30c5b39e724eb80351", "app/worker.py": "86ac88bf4119b014fea75e570b3715e899a1c08cc7bb2f4c74b93c8d3c6432de", "app/storage.py": "2811618099ddf4dffd0bf27a4f1bade425688a49dcf8ac3093218ef7ce214db0", "app/story_schemas.py": "fd7c9d4a0718f9e436cf93dfac0becf7f4fa08a774fa3f9de5a849ee42e5fb0a", "app/analysis.py": "ce139d84c557481469db34e3bf01cdb5bef2aae89553403006932774362a5239", "app/analysis_service.py": "9376a265f9f94337d965536a1f0aa079dc89613536d3ea530a94c0d389b3c18d", "app/story_validation.py": "fe47d7c3e673fc9cb66ffdb71e3e1ac201c227286b02d14666233ead91a2517d"}

2026-10-01T10:56:13.086268+00:00 exec -T worker python -c import json; from app.worker import celery_app as c; print(json.dumps(dict(acks_late=c.conf.task_acks_late,prefetch=c.conf.worker_prefetch_multiplier,queue=c.conf.task_default_queue)))
{"acks_late": false, "prefetch": 1, "queue": "system"}

2026-10-01T10:56:25.658973+00:00 ps -a -q worker
fce01eb220433bc7cd5a646540b747d47ba75cf6a05b81cc0cf35f97775cb257

2026-10-01T10:56:25.828989+00:00 ps -a -q backend
fe9fd4b6d44c731020ac8ff81cc2607f52c578bc04109458855e7bccb9027e1a

2026-10-01T10:56:26.008547+00:00 ps -a -q redis
19409f9f0d3473a716edfcdc483b05930c403b47e130179074431b10a2ac2533

2026-10-01T10:56:26.184176+00:00 ps -a -q storage-init
8592987ba189f0fb613008a224f8dfb6bf5d373626332620426513c2bda29ca8

2026-10-01T10:56:26.582732+00:00 ps -a -q worker
fce01eb220433bc7cd5a646540b747d47ba75cf6a05b81cc0cf35f97775cb257

2026-10-01T10:56:26.746981+00:00 ps -a -q backend
fe9fd4b6d44c731020ac8ff81cc2607f52c578bc04109458855e7bccb9027e1a

2026-10-01T10:56:26.911487+00:00 ps -a -q redis
19409f9f0d3473a716edfcdc483b05930c403b47e130179074431b10a2ac2533

2026-10-01T10:56:27.075653+00:00 ps -a -q storage-init
8592987ba189f0fb613008a224f8dfb6bf5d373626332620426513c2bda29ca8

2026-10-01T11:06:29.209834+00:00 ps -a -q worker
fce01eb220433bc7cd5a646540b747d47ba75cf6a05b81cc0cf35f97775cb257

2026-10-01T11:06:29.366319+00:00 ps -a -q backend
fe9fd4b6d44c731020ac8ff81cc2607f52c578bc04109458855e7bccb9027e1a

2026-10-01T11:06:29.526557+00:00 ps -a -q redis
19409f9f0d3473a716edfcdc483b05930c403b47e130179074431b10a2ac2533

2026-10-01T11:06:29.700524+00:00 ps -a -q storage-init
8592987ba189f0fb613008a224f8dfb6bf5d373626332620426513c2bda29ca8

2026-10-01T11:06:30.026981+00:00 ps -a -q worker
fce01eb220433bc7cd5a646540b747d47ba75cf6a05b81cc0cf35f97775cb257

2026-10-01T11:06:30.192527+00:00 ps -a -q backend
fe9fd4b6d44c731020ac8ff81cc2607f52c578bc04109458855e7bccb9027e1a

2026-10-01T11:06:30.360567+00:00 ps -a -q redis
19409f9f0d3473a716edfcdc483b05930c403b47e130179074431b10a2ac2533

2026-10-01T11:06:30.532918+00:00 ps -a -q storage-init
8592987ba189f0fb613008a224f8dfb6bf5d373626332620426513c2bda29ca8

2026-10-01T11:06:59.303868+00:00 logs --no-color --timestamps worker backend redis
backend-1  | 2026-10-01T10:56:12.533715196Z INFO:     Started server process [1]
backend-1  | 2026-10-01T10:56:12.533741731Z INFO:     Waiting for application startup.
worker-1   | 2026-10-01T10:56:11.864011228Z  
worker-1   | 2026-10-01T10:56:11.864045098Z  -------------- celery@fce01eb22043 v5.6.3 (recovery)
worker-1   | 2026-10-01T10:56:11.864047220Z --- ***** ----- 
backend-1  | 2026-10-01T10:56:12.537035139Z INFO:     Application startup complete.
worker-1   | 2026-10-01T10:56:11.864048398Z -- ******* ---- Linux-6.18.40.1-microsoft-standard-WSL2-x86_64-with-glibc2.36 2026-10-01 10:56:11
backend-1  | 2026-10-01T10:56:12.537249958Z INFO:     Uvicorn running on http://0.0.0.0:8000 (Press CTRL+C to quit)
worker-1   | 2026-10-01T10:56:11.864049421Z - *** --- * --- 
backend-1  | 2026-10-01T10:56:14.630818539Z INFO:     172.19.0.7:41130 - "GET /health/live HTTP/1.1" 200 OK
worker-1   | 2026-10-01T10:56:11.864050295Z - ** ---------- [config]
worker-1   | 2026-10-01T10:56:11.864051146Z - ** ---------- .> app:         recap:0x7c72fe26ce60
backend-1  | 2026-10-01T10:56:14.630817434Z {"timestamp": "2026-10-01T10:56:14.630529+00:00", "level": "INFO", "logger": "app.main", "event": "request_completed", "request_id": "678c75cc-ee65-46a7-b857-e1430606c9b8", "job_id": null, "user_id": null, "project_id": null, "stage": null, "status": 200, "error": null, "duration_ms": 24}
backend-1  | 2026-10-01T10:56:24.038980898Z {"timestamp": "2026-10-01T10:56:24.038755+00:00", "level": "INFO", "logger": "app.main", "event": "request_completed", "request_id": "fbcc4837-d19f-4a69-81b9-0bfbfdfead06", "job_id": null, "user_id": null, "project_id": null, "stage": null, "status": 201, "error": null, "duration_ms": 98}
worker-1   | 2026-10-01T10:56:11.864052282Z - ** ---------- .> transport:   redis://redis:6379/0
worker-1   | 2026-10-01T10:56:11.864053128Z - ** ---------- .> results:     disabled://
backend-1  | 2026-10-01T10:56:24.039029711Z INFO:     172.19.0.7:57796 - "POST /api/v1/auth/register HTTP/1.1" 201 Created
worker-1   | 2026-10-01T10:56:11.864053949Z - *** --- * --- .> concurrency: 2 (prefork)
worker-1   | 2026-10-01T10:56:11.864054777Z -- ******* ---- .> task events: OFF (enable -E to monitor tasks in this worker)
backend-1  | 2026-10-01T10:56:24.050278143Z {"timestamp": "2026-10-01T10:56:24.050107+00:00", "level": "INFO", "logger": "app.main", "event": "request_completed", "request_id": "d5418a5d-82a3-44d5-9c83-b174c4679b5b", "job_id": null, "user_id": null, "project_id": null, "stage": null, "status": 201, "error": null, "duration_ms": 10}
worker-1   | 2026-10-01T10:56:11.864055702Z --- ***** ----- 
worker-1   | 2026-10-01T10:56:11.864056474Z  -------------- [queues]
worker-1   | 2026-10-01T10:56:11.864057250Z                 .> system           exchange=system(direct) key=system
worker-1   | 2026-10-01T10:56:11.864058138Z                 
worker-1   | 2026-10-01T10:56:11.864058939Z 
backend-1  | 2026-10-01T10:56:24.050334190Z INFO:     172.19.0.7:57796 - "POST /api/v1/projects HTTP/1.1" 201 Created
backend-1  | 2026-10-01T10:56:24.059968277Z {"timestamp": "2026-10-01T10:56:24.059782+00:00", "level": "INFO", "logger": "app.main", "event": "request_completed", "request_id": "18ddb1b2-64d2-4bbf-9f6d-3573b82bd959", "job_id": null, "user_id": null, "project_id": null, "stage": null, "status": 201, "error": null, "duration_ms": 8}
backend-1  | 2026-10-01T10:56:24.060001236Z INFO:     172.19.0.7:57796 - "POST /api/v1/projects/6ca0a185-52c3-4ff7-a56f-257dac74eb4d/chapters HTTP/1.1" 201 Created
backend-1  | 2026-10-01T10:56:24.391525254Z {"timestamp": "2026-10-01T10:56:24.391369+00:00", "level": "INFO", "logger": "app.main", "event": "request_completed", "request_id": "ac5d03cd-7876-4651-86df-4514177bac31", "job_id": null, "user_id": null, "project_id": null, "stage": null, "status": 200, "error": null, "duration_ms": 234}
backend-1  | 2026-10-01T10:56:24.391606018Z INFO:     172.19.0.7:57796 - "POST /api/v1/chapters/e68d2dda-a139-44f4-9ebc-b893bd54d10f/upload HTTP/1.1" 200 OK
backend-1  | 2026-10-01T11:06:30.745784522Z {"timestamp": "2026-10-01T11:06:30.745619+00:00", "level": "INFO", "logger": "app.main", "event": "request_completed", "request_id": "9ae95cdd-4fb5-4380-9ec6-4f0bd10330e5", "job_id": null, "user_id": null, "project_id": null, "stage": null, "status": 200, "error": null, "duration_ms": 1}
worker-1   | 2026-10-01T10:56:11.864059809Z [tasks]
worker-1   | 2026-10-01T10:56:11.864060602Z   . ingestion.process
worker-1   | 2026-10-01T10:56:11.864061443Z   . system.heartbeat
backend-1  | 2026-10-01T11:06:30.745897695Z INFO:     172.19.0.7:51774 - "GET /health/live HTTP/1.1" 200 OK
backend-1  | 2026-10-01T11:06:50.071796176Z {"timestamp": "2026-10-01T11:06:50.071556+00:00", "level": "INFO", "logger": "app.main", "event": "request_completed", "request_id": "502febf3-d1e4-4d46-8cce-9fa895e43372", "job_id": null, "user_id": null, "project_id": null, "stage": null, "status": 200, "error": null, "duration_ms": 73}
backend-1  | 2026-10-01T11:06:50.071849675Z INFO:     172.19.0.7:54802 - "POST /api/v1/chapters/e68d2dda-a139-44f4-9ebc-b893bd54d10f/processing-retry HTTP/1.1" 200 OK
worker-1   | 2026-10-01T10:56:11.864062222Z 
worker-1   | 2026-10-01T10:56:11.942017587Z {"timestamp": "2026-10-01T10:56:11.941606+00:00", "level": "INFO", "logger": "celery.worker.consumer.connection", "event": "Connected to redis://redis:6379/0", "request_id": null, "job_id": null, "user_id": null, "project_id": null, "stage": null, "status": null, "error": null, "duration_ms": null}
worker-1   | 2026-10-01T10:56:11.945897073Z {"timestamp": "2026-10-01T10:56:11.945744+00:00", "level": "INFO", "logger": "celery.worker.consumer.mingle", "event": "mingle: searching for neighbors", "request_id": null, "job_id": null, "user_id": null, "project_id": null, "stage": null, "status": null, "error": null, "duration_ms": null}
worker-1   | 2026-10-01T10:56:12.952066427Z {"timestamp": "2026-10-01T10:56:12.951921+00:00", "level": "INFO", "logger": "celery.worker.consumer.mingle", "event": "mingle: all alone", "request_id": null, "job_id": null, "user_id": null, "project_id": null, "stage": null, "status": null, "error": null, "duration_ms": null}
worker-1   | 2026-10-01T10:56:12.959868736Z {"timestamp": "2026-10-01T10:56:12.959661+00:00", "level": "INFO", "logger": "celery.apps.worker", "event": "celery@fce01eb22043 ready.", "request_id": null, "job_id": null, "user_id": null, "project_id": null, "stage": null, "status": null, "error": null, "duration_ms": null}
worker-1   | 2026-10-01T10:56:24.389423544Z {"timestamp": "2026-10-01T10:56:24.389219+00:00", "level": "INFO", "logger": "celery.worker.strategy", "event": "Task ingestion.process[f38e51fb-c84c-4a2f-9c75-6e76490406f0] received", "request_id": null, "job_id": null, "user_id": null, "project_id": null, "stage": null, "status": null, "error": null, "duration_ms": null}
worker-1   | 2026-10-01T11:06:30.631653327Z  
worker-1   | 2026-10-01T11:06:30.631686374Z  -------------- celery@fce01eb22043 v5.6.3 (recovery)
worker-1   | 2026-10-01T11:06:30.631689569Z --- ***** ----- 
worker-1   | 2026-10-01T11:06:30.631691082Z -- ******* ---- Linux-6.18.40.1-microsoft-standard-WSL2-x86_64-with-glibc2.36 2026-10-01 11:06:30
worker-1   | 2026-10-01T11:06:30.631692575Z - *** --- * --- 
worker-1   | 2026-10-01T11:06:30.631693906Z - ** ---------- [config]
worker-1   | 2026-10-01T11:06:30.631695266Z - ** ---------- .> app:         recap:0x74321a64f0b0
worker-1   | 2026-10-01T11:06:30.631697510Z - ** ---------- .> transport:   redis://redis:6379/0
worker-1   | 2026-10-01T11:06:30.631698816Z - ** ---------- .> results:     disabled://
worker-1   | 2026-10-01T11:06:30.631699958Z - *** --- * --- .> concurrency: 2 (prefork)
worker-1   | 2026-10-01T11:06:30.631701323Z -- ******* ---- .> task events: OFF (enable -E to monitor tasks in this worker)
worker-1   | 2026-10-01T11:06:30.631702820Z --- ***** ----- 
worker-1   | 2026-10-01T11:06:30.631704104Z  -------------- [queues]
worker-1   | 2026-10-01T11:06:30.631705309Z                 .> system           exchange=system(direct) key=system
worker-1   | 2026-10-01T11:06:30.631706589Z                 
worker-1   | 2026-10-01T11:06:30.631707863Z 
worker-1   | 2026-10-01T11:06:30.631709169Z [tasks]
worker-1   | 2026-10-01T11:06:30.631710544Z   . ingestion.process
worker-1   | 2026-10-01T11:06:30.631711948Z   . system.heartbeat
worker-1   | 2026-10-01T11:06:30.631713249Z 
worker-1   | 2026-10-01T11:06:30.705879063Z {"timestamp": "2026-10-01T11:06:30.705640+00:00", "level": "INFO", "logger": "celery.worker.consumer.connection", "event": "Connected to redis://redis:6379/0", "request_id": null, "job_id": null, "user_id": null, "project_id": null, "stage": null, "status": null, "error": null, "duration_ms": null}
worker-1   | 2026-10-01T11:06:30.707399638Z {"timestamp": "2026-10-01T11:06:30.707267+00:00", "level": "INFO", "logger": "celery.worker.consumer.mingle", "event": "mingle: searching for neighbors", "request_id": null, "job_id": null, "user_id": null, "project_id": null, "stage": null, "status": null, "error": null, "duration_ms": null}
worker-1   | 2026-10-01T11:06:31.714811488Z {"timestamp": "2026-10-01T11:06:31.714439+00:00", "level": "INFO", "logger": "celery.worker.consumer.mingle", "event": "mingle: all alone", "request_id": null, "job_id": null, "user_id": null, "project_id": null, "stage": null, "status": null, "error": null, "duration_ms": null}
worker-1   | 2026-10-01T11:06:31.722556598Z {"timestamp": "2026-10-01T11:06:31.722436+00:00", "level": "INFO", "logger": "celery.apps.worker", "event": "celery@fce01eb22043 ready.", "request_id": null, "job_id": null, "user_id": null, "project_id": null, "stage": null, "status": null, "error": null, "duration_ms": null}
worker-1   | 2026-10-01T11:06:50.072182061Z {"timestamp": "2026-10-01T11:06:50.072010+00:00", "level": "INFO", "logger": "celery.worker.strategy", "event": "Task ingestion.process[a4408cf6-9948-404f-abdc-dda5f9ef458c] received", "request_id": null, "job_id": null, "user_id": null, "project_id": null, "stage": null, "status": null, "error": null, "duration_ms": null}
worker-1   | 2026-10-01T11:06:57.600500007Z {"timestamp": "2026-10-01T11:06:57.600266+00:00", "level": "INFO", "logger": "celery.app.trace", "event": "Task ingestion.process[a4408cf6-9948-404f-abdc-dda5f9ef458c] succeeded in 7.528594110000995s: None", "request_id": null, "job_id": null, "user_id": null, "project_id": null, "stage": null, "status": null, "error": null, "duration_ms": null}
redis-1    | 2026-10-01T10:56:06.847335236Z 1:C 01 Oct 2026 10:56:06.847 * oO0OoO0OoO0Oo Redis is starting oO0OoO0OoO0Oo
redis-1    | 2026-10-01T10:56:06.847365219Z 1:C 01 Oct 2026 10:56:06.847 * Redis version=7.4.5, bits=64, commit=00000000, modified=0, pid=1, just started
redis-1    | 2026-10-01T10:56:06.847367942Z 1:C 01 Oct 2026 10:56:06.847 # Warning: no config file specified, using the default config. In order to specify a config file use redis-server /path/to/redis.conf
redis-1    | 2026-10-01T10:56:06.847616872Z 1:M 01 Oct 2026 10:56:06.847 * monotonic clock: POSIX clock_gettime
redis-1    | 2026-10-01T10:56:06.848308313Z 1:M 01 Oct 2026 10:56:06.848 * Running mode=standalone, port=6379.
redis-1    | 2026-10-01T10:56:06.848623978Z 1:M 01 Oct 2026 10:56:06.848 * Server initialized
redis-1    | 2026-10-01T10:56:06.848629984Z 1:M 01 Oct 2026 10:56:06.848 * Ready to accept connections tcp

2026-10-01T11:06:59.459766+00:00 logs --no-color --timestamps worker backend redis
redis-1    | 2026-10-01T10:56:06.847335236Z 1:C 01 Oct 2026 10:56:06.847 * oO0OoO0OoO0Oo Redis is starting oO0OoO0OoO0Oo
backend-1  | 2026-10-01T10:56:12.533715196Z INFO:     Started server process [1]
redis-1    | 2026-10-01T10:56:06.847365219Z 1:C 01 Oct 2026 10:56:06.847 * Redis version=7.4.5, bits=64, commit=00000000, modified=0, pid=1, just started
redis-1    | 2026-10-01T10:56:06.847367942Z 1:C 01 Oct 2026 10:56:06.847 # Warning: no config file specified, using the default config. In order to specify a config file use redis-server /path/to/redis.conf
redis-1    | 2026-10-01T10:56:06.847616872Z 1:M 01 Oct 2026 10:56:06.847 * monotonic clock: POSIX clock_gettime
backend-1  | 2026-10-01T10:56:12.533741731Z INFO:     Waiting for application startup.
backend-1  | 2026-10-01T10:56:12.537035139Z INFO:     Application startup complete.
redis-1    | 2026-10-01T10:56:06.848308313Z 1:M 01 Oct 2026 10:56:06.848 * Running mode=standalone, port=6379.
backend-1  | 2026-10-01T10:56:12.537249958Z INFO:     Uvicorn running on http://0.0.0.0:8000 (Press CTRL+C to quit)
backend-1  | 2026-10-01T10:56:14.630818539Z INFO:     172.19.0.7:41130 - "GET /health/live HTTP/1.1" 200 OK
redis-1    | 2026-10-01T10:56:06.848623978Z 1:M 01 Oct 2026 10:56:06.848 * Server initialized
backend-1  | 2026-10-01T10:56:14.630817434Z {"timestamp": "2026-10-01T10:56:14.630529+00:00", "level": "INFO", "logger": "app.main", "event": "request_completed", "request_id": "678c75cc-ee65-46a7-b857-e1430606c9b8", "job_id": null, "user_id": null, "project_id": null, "stage": null, "status": 200, "error": null, "duration_ms": 24}
redis-1    | 2026-10-01T10:56:06.848629984Z 1:M 01 Oct 2026 10:56:06.848 * Ready to accept connections tcp
backend-1  | 2026-10-01T10:56:24.038980898Z {"timestamp": "2026-10-01T10:56:24.038755+00:00", "level": "INFO", "logger": "app.main", "event": "request_completed", "request_id": "fbcc4837-d19f-4a69-81b9-0bfbfdfead06", "job_id": null, "user_id": null, "project_id": null, "stage": null, "status": 201, "error": null, "duration_ms": 98}
backend-1  | 2026-10-01T10:56:24.039029711Z INFO:     172.19.0.7:57796 - "POST /api/v1/auth/register HTTP/1.1" 201 Created
backend-1  | 2026-10-01T10:56:24.050278143Z {"timestamp": "2026-10-01T10:56:24.050107+00:00", "level": "INFO", "logger": "app.main", "event": "request_completed", "request_id": "d5418a5d-82a3-44d5-9c83-b174c4679b5b", "job_id": null, "user_id": null, "project_id": null, "stage": null, "status": 201, "error": null, "duration_ms": 10}
backend-1  | 2026-10-01T10:56:24.050334190Z INFO:     172.19.0.7:57796 - "POST /api/v1/projects HTTP/1.1" 201 Created
backend-1  | 2026-10-01T10:56:24.059968277Z {"timestamp": "2026-10-01T10:56:24.059782+00:00", "level": "INFO", "logger": "app.main", "event": "request_completed", "request_id": "18ddb1b2-64d2-4bbf-9f6d-3573b82bd959", "job_id": null, "user_id": null, "project_id": null, "stage": null, "status": 201, "error": null, "duration_ms": 8}
backend-1  | 2026-10-01T10:56:24.060001236Z INFO:     172.19.0.7:57796 - "POST /api/v1/projects/6ca0a185-52c3-4ff7-a56f-257dac74eb4d/chapters HTTP/1.1" 201 Created
backend-1  | 2026-10-01T10:56:24.391525254Z {"timestamp": "2026-10-01T10:56:24.391369+00:00", "level": "INFO", "logger": "app.main", "event": "request_completed", "request_id": "ac5d03cd-7876-4651-86df-4514177bac31", "job_id": null, "user_id": null, "project_id": null, "stage": null, "status": 200, "error": null, "duration_ms": 234}
backend-1  | 2026-10-01T10:56:24.391606018Z INFO:     172.19.0.7:57796 - "POST /api/v1/chapters/e68d2dda-a139-44f4-9ebc-b893bd54d10f/upload HTTP/1.1" 200 OK
backend-1  | 2026-10-01T11:06:30.745784522Z {"timestamp": "2026-10-01T11:06:30.745619+00:00", "level": "INFO", "logger": "app.main", "event": "request_completed", "request_id": "9ae95cdd-4fb5-4380-9ec6-4f0bd10330e5", "job_id": null, "user_id": null, "project_id": null, "stage": null, "status": 200, "error": null, "duration_ms": 1}
backend-1  | 2026-10-01T11:06:30.745897695Z INFO:     172.19.0.7:51774 - "GET /health/live HTTP/1.1" 200 OK
backend-1  | 2026-10-01T11:06:50.071796176Z {"timestamp": "2026-10-01T11:06:50.071556+00:00", "level": "INFO", "logger": "app.main", "event": "request_completed", "request_id": "502febf3-d1e4-4d46-8cce-9fa895e43372", "job_id": null, "user_id": null, "project_id": null, "stage": null, "status": 200, "error": null, "duration_ms": 73}
backend-1  | 2026-10-01T11:06:50.071849675Z INFO:     172.19.0.7:54802 - "POST /api/v1/chapters/e68d2dda-a139-44f4-9ebc-b893bd54d10f/processing-retry HTTP/1.1" 200 OK
worker-1   | 2026-10-01T10:56:11.864011228Z  
worker-1   | 2026-10-01T10:56:11.864045098Z  -------------- celery@fce01eb22043 v5.6.3 (recovery)
worker-1   | 2026-10-01T10:56:11.864047220Z --- ***** ----- 
worker-1   | 2026-10-01T10:56:11.864048398Z -- ******* ---- Linux-6.18.40.1-microsoft-standard-WSL2-x86_64-with-glibc2.36 2026-10-01 10:56:11
worker-1   | 2026-10-01T10:56:11.864049421Z - *** --- * --- 
worker-1   | 2026-10-01T10:56:11.864050295Z - ** ---------- [config]
worker-1   | 2026-10-01T10:56:11.864051146Z - ** ---------- .> app:         recap:0x7c72fe26ce60
worker-1   | 2026-10-01T10:56:11.864052282Z - ** ---------- .> transport:   redis://redis:6379/0
worker-1   | 2026-10-01T10:56:11.864053128Z - ** ---------- .> results:     disabled://
worker-1   | 2026-10-01T10:56:11.864053949Z - *** --- * --- .> concurrency: 2 (prefork)
worker-1   | 2026-10-01T10:56:11.864054777Z -- ******* ---- .> task events: OFF (enable -E to monitor tasks in this worker)
worker-1   | 2026-10-01T10:56:11.864055702Z --- ***** ----- 
worker-1   | 2026-10-01T10:56:11.864056474Z  -------------- [queues]
worker-1   | 2026-10-01T10:56:11.864057250Z                 .> system           exchange=system(direct) key=system
worker-1   | 2026-10-01T10:56:11.864058138Z                 
worker-1   | 2026-10-01T10:56:11.864058939Z 
worker-1   | 2026-10-01T10:56:11.864059809Z [tasks]
worker-1   | 2026-10-01T10:56:11.864060602Z   . ingestion.process
worker-1   | 2026-10-01T10:56:11.864061443Z   . system.heartbeat
worker-1   | 2026-10-01T10:56:11.864062222Z 
worker-1   | 2026-10-01T10:56:11.942017587Z {"timestamp": "2026-10-01T10:56:11.941606+00:00", "level": "INFO", "logger": "celery.worker.consumer.connection", "event": "Connected to redis://redis:6379/0", "request_id": null, "job_id": null, "user_id": null, "project_id": null, "stage": null, "status": null, "error": null, "duration_ms": null}
worker-1   | 2026-10-01T10:56:11.945897073Z {"timestamp": "2026-10-01T10:56:11.945744+00:00", "level": "INFO", "logger": "celery.worker.consumer.mingle", "event": "mingle: searching for neighbors", "request_id": null, "job_id": null, "user_id": null, "project_id": null, "stage": null, "status": null, "error": null, "duration_ms": null}
worker-1   | 2026-10-01T10:56:12.952066427Z {"timestamp": "2026-10-01T10:56:12.951921+00:00", "level": "INFO", "logger": "celery.worker.consumer.mingle", "event": "mingle: all alone", "request_id": null, "job_id": null, "user_id": null, "project_id": null, "stage": null, "status": null, "error": null, "duration_ms": null}
worker-1   | 2026-10-01T10:56:12.959868736Z {"timestamp": "2026-10-01T10:56:12.959661+00:00", "level": "INFO", "logger": "celery.apps.worker", "event": "celery@fce01eb22043 ready.", "request_id": null, "job_id": null, "user_id": null, "project_id": null, "stage": null, "status": null, "error": null, "duration_ms": null}
worker-1   | 2026-10-01T10:56:24.389423544Z {"timestamp": "2026-10-01T10:56:24.389219+00:00", "level": "INFO", "logger": "celery.worker.strategy", "event": "Task ingestion.process[f38e51fb-c84c-4a2f-9c75-6e76490406f0] received", "request_id": null, "job_id": null, "user_id": null, "project_id": null, "stage": null, "status": null, "error": null, "duration_ms": null}
worker-1   | 2026-10-01T11:06:30.631653327Z  
worker-1   | 2026-10-01T11:06:30.631686374Z  -------------- celery@fce01eb22043 v5.6.3 (recovery)
worker-1   | 2026-10-01T11:06:30.631689569Z --- ***** ----- 
worker-1   | 2026-10-01T11:06:30.631691082Z -- ******* ---- Linux-6.18.40.1-microsoft-standard-WSL2-x86_64-with-glibc2.36 2026-10-01 11:06:30
worker-1   | 2026-10-01T11:06:30.631692575Z - *** --- * --- 
worker-1   | 2026-10-01T11:06:30.631693906Z - ** ---------- [config]
worker-1   | 2026-10-01T11:06:30.631695266Z - ** ---------- .> app:         recap:0x74321a64f0b0
worker-1   | 2026-10-01T11:06:30.631697510Z - ** ---------- .> transport:   redis://redis:6379/0
worker-1   | 2026-10-01T11:06:30.631698816Z - ** ---------- .> results:     disabled://
worker-1   | 2026-10-01T11:06:30.631699958Z - *** --- * --- .> concurrency: 2 (prefork)
worker-1   | 2026-10-01T11:06:30.631701323Z -- ******* ---- .> task events: OFF (enable -E to monitor tasks in this worker)
worker-1   | 2026-10-01T11:06:30.631702820Z --- ***** ----- 
worker-1   | 2026-10-01T11:06:30.631704104Z  -------------- [queues]
worker-1   | 2026-10-01T11:06:30.631705309Z                 .> system           exchange=system(direct) key=system
worker-1   | 2026-10-01T11:06:30.631706589Z                 
worker-1   | 2026-10-01T11:06:30.631707863Z 
worker-1   | 2026-10-01T11:06:30.631709169Z [tasks]
worker-1   | 2026-10-01T11:06:30.631710544Z   . ingestion.process
worker-1   | 2026-10-01T11:06:30.631711948Z   . system.heartbeat
worker-1   | 2026-10-01T11:06:30.631713249Z 
worker-1   | 2026-10-01T11:06:30.705879063Z {"timestamp": "2026-10-01T11:06:30.705640+00:00", "level": "INFO", "logger": "celery.worker.consumer.connection", "event": "Connected to redis://redis:6379/0", "request_id": null, "job_id": null, "user_id": null, "project_id": null, "stage": null, "status": null, "error": null, "duration_ms": null}
worker-1   | 2026-10-01T11:06:30.707399638Z {"timestamp": "2026-10-01T11:06:30.707267+00:00", "level": "INFO", "logger": "celery.worker.consumer.mingle", "event": "mingle: searching for neighbors", "request_id": null, "job_id": null, "user_id": null, "project_id": null, "stage": null, "status": null, "error": null, "duration_ms": null}
worker-1   | 2026-10-01T11:06:31.714811488Z {"timestamp": "2026-10-01T11:06:31.714439+00:00", "level": "INFO", "logger": "celery.worker.consumer.mingle", "event": "mingle: all alone", "request_id": null, "job_id": null, "user_id": null, "project_id": null, "stage": null, "status": null, "error": null, "duration_ms": null}
worker-1   | 2026-10-01T11:06:31.722556598Z {"timestamp": "2026-10-01T11:06:31.722436+00:00", "level": "INFO", "logger": "celery.apps.worker", "event": "celery@fce01eb22043 ready.", "request_id": null, "job_id": null, "user_id": null, "project_id": null, "stage": null, "status": null, "error": null, "duration_ms": null}
worker-1   | 2026-10-01T11:06:50.072182061Z {"timestamp": "2026-10-01T11:06:50.072010+00:00", "level": "INFO", "logger": "celery.worker.strategy", "event": "Task ingestion.process[a4408cf6-9948-404f-abdc-dda5f9ef458c] received", "request_id": null, "job_id": null, "user_id": null, "project_id": null, "stage": null, "status": null, "error": null, "duration_ms": null}
worker-1   | 2026-10-01T11:06:57.600500007Z {"timestamp": "2026-10-01T11:06:57.600266+00:00", "level": "INFO", "logger": "celery.app.trace", "event": "Task ingestion.process[a4408cf6-9948-404f-abdc-dda5f9ef458c] succeeded in 7.528594110000995s: None", "request_id": null, "job_id": null, "user_id": null, "project_id": null, "stage": null, "status": null, "error": null, "duration_ms": null}

2026-10-01T11:07:03.349955+00:00 down --volumes --remove-orphans
 Container matrix-scenario-4-probe Stopping 
 Container matrix-scenario-4-probe Stopped 
 Container matrix-scenario-4-probe Removing 
 Container matrix-scenario-4-probe Removed 
 Container matrix-scenario-4-worker-1 Stopping 
 Container matrix-scenario-4-backend-1 Stopping 
 Container matrix-scenario-4-backend-1 Stopped 
 Container matrix-scenario-4-backend-1 Removing 
 Container matrix-scenario-4-backend-1 Removed 
 Container matrix-scenario-4-worker-1 Stopped 
 Container matrix-scenario-4-worker-1 Removing 
 Container matrix-scenario-4-worker-1 Removed 
 Container matrix-scenario-4-redis-1 Stopping 
 Container matrix-scenario-4-migrate-1 Stopping 
 Container matrix-scenario-4-storage-init-1 Stopping 
 Container matrix-scenario-4-storage-init-1 Stopped 
 Container matrix-scenario-4-storage-init-1 Removing 
 Container matrix-scenario-4-migrate-1 Stopped 
 Container matrix-scenario-4-migrate-1 Removing 
 Container matrix-scenario-4-migrate-1 Removed 
 Container matrix-scenario-4-postgres-1 Stopping 
 Container matrix-scenario-4-storage-init-1 Removed 
 Container matrix-scenario-4-storage-1 Stopping 
 Container matrix-scenario-4-postgres-1 Stopped 
 Container matrix-scenario-4-postgres-1 Removing 
 Container matrix-scenario-4-postgres-1 Removed 
 Container matrix-scenario-4-redis-1 Stopped 
 Container matrix-scenario-4-redis-1 Removing 
 Container matrix-scenario-4-redis-1 Removed 
 Container matrix-scenario-4-storage-1 Stopped 
 Container matrix-scenario-4-storage-1 Removing 
 Container matrix-scenario-4-storage-1 Removed 
 Container matrix-scenario-4-probe Stopping 
 Container matrix-scenario-4-probe Error Error while Stopping
 Container matrix-scenario-4-probe Removed 
 Network matrix-scenario-4_default Removing 
 Network matrix-scenario-4_default Removed 
